test_actual_conflict_blocks (tests.test_orch_r157_repo_reader_wall.WallTests.test_actual_conflict_blocks) ... ok
test_all_seven_foreign_slots_rejected (tests.test_orch_r157_repo_reader_wall.WallTests.test_all_seven_foreign_slots_rejected) ... ok
test_bool_slot_rejected (tests.test_orch_r157_repo_reader_wall.WallTests.test_bool_slot_rejected) ... ok
test_broker_command_no_foreign_GPU_access (tests.test_orch_r157_repo_reader_wall.WallTests.test_broker_command_no_foreign_GPU_access) ... ok
test_broker_uses_existing_recovered_namespace (tests.test_orch_r157_repo_reader_wall.WallTests.test_broker_uses_existing_recovered_namespace) ... ok
test_ceiling_is_ten_minute_compatibility_bound (tests.test_orch_r157_repo_reader_wall.WallTests.test_ceiling_is_ten_minute_compatibility_bound) ... ok
test_changed_authority_rejected (tests.test_orch_r157_repo_reader_wall.WallTests.test_changed_authority_rejected) ... ok
test_consumed_publication_join (tests.test_orch_r157_repo_reader_wall.WallTests.test_consumed_publication_join) ... ok
test_correct_scope (tests.test_orch_r157_repo_reader_wall.WallTests.test_correct_scope) ... ok
test_cross_segment_response_rejected (tests.test_orch_r157_repo_reader_wall.WallTests.test_cross_segment_response_rejected) ... ok
test_empty_saved_checkpoint_rejected (tests.test_orch_r157_repo_reader_wall.WallTests.test_empty_saved_checkpoint_rejected) ... ok
test_exact_allowed_pidfd_signal (tests.test_orch_r157_repo_reader_wall.WallTests.test_exact_allowed_pidfd_signal) ... ok
test_exclusive_receipts (tests.test_orch_r157_repo_reader_wall.WallTests.test_exclusive_receipts) ... ok
test_foreign_device_policy_rejected (tests.test_orch_r157_repo_reader_wall.WallTests.test_foreign_device_policy_rejected) ... ok
test_foreign_uuid_rejected (tests.test_orch_r157_repo_reader_wall.WallTests.test_foreign_uuid_rejected) ... ok
test_fresh_conflict_review (tests.test_orch_r157_repo_reader_wall.WallTests.test_fresh_conflict_review) ... ok
test_future_original_schema_request_response_join (tests.test_orch_r157_repo_reader_wall.WallTests.test_future_original_schema_request_response_join) ... ok
test_held_request_never_delivered (tests.test_orch_r157_repo_reader_wall.WallTests.test_held_request_never_delivered) ... ok
test_lagging_broker_rejected (tests.test_orch_r157_repo_reader_wall.WallTests.test_lagging_broker_rejected) ... ok
test_missing_published_bytes_rejected (tests.test_orch_r157_repo_reader_wall.WallTests.test_missing_published_bytes_rejected) ... ok
test_new_life_rejected (tests.test_orch_r157_repo_reader_wall.WallTests.test_new_life_rejected) ... ok
test_no_SIGKILL (tests.test_orch_r157_repo_reader_wall.WallTests.test_no_SIGKILL) ... ok
test_no_destructive_process_group_api (tests.test_orch_r157_repo_reader_wall.WallTests.test_no_destructive_process_group_api) ... ok
test_no_signal_to_parents_or_foreign_roles (tests.test_orch_r157_repo_reader_wall.WallTests.test_no_signal_to_parents_or_foreign_roles) ... ok
test_old_R154_output_rejected (tests.test_orch_r157_repo_reader_wall.WallTests.test_old_R154_output_rejected) ... ok
test_old_saved30_deadline_rejected (tests.test_orch_r157_repo_reader_wall.WallTests.test_old_saved30_deadline_rejected) ... ok
test_pending_generation_rejected (tests.test_orch_r157_repo_reader_wall.WallTests.test_pending_generation_rejected) ... ok
test_pending_sleep_rejected (tests.test_orch_r157_repo_reader_wall.WallTests.test_pending_sleep_rejected) ... ok
test_preupdate_replay_rejected (tests.test_orch_r157_repo_reader_wall.WallTests.test_preupdate_replay_rejected) ... ok
test_publication_future_cursor_without_replay (tests.test_orch_r157_repo_reader_wall.WallTests.test_publication_future_cursor_without_replay) ... ok
test_published_unconsumed_message_inherited_not_resent (tests.test_orch_r157_repo_reader_wall.WallTests.test_published_unconsumed_message_inherited_not_resent) ... ok
test_shared_authorization_exact_file (tests.test_orch_r157_repo_reader_wall.WallTests.test_shared_authorization_exact_file) ... ok
test_stale_conflict_review_rejected (tests.test_orch_r157_repo_reader_wall.WallTests.test_stale_conflict_review_rejected) ... ok
test_symlink_receipt_rejected (tests.test_orch_r157_repo_reader_wall.WallTests.test_symlink_receipt_rejected) ... ok
test_tampered_context_rejected (tests.test_orch_r157_repo_reader_wall.WallTests.test_tampered_context_rejected) ... ok
test_uncommitted_response_rejected (tests.test_orch_r157_repo_reader_wall.WallTests.test_uncommitted_response_rejected) ... ok
test_unresolved_intent_rejected (tests.test_orch_r157_repo_reader_wall.WallTests.test_unresolved_intent_rejected) ... ok
test_unreviewed_availability_not_fabricated (tests.test_orch_r157_repo_reader_wall.WallTests.test_unreviewed_availability_not_fabricated) ... ok
test_unsaved_training_rows_rejected (tests.test_orch_r157_repo_reader_wall.WallTests.test_unsaved_training_rows_rejected) ... ok
test_wall_epoch (tests.test_orch_r157_repo_reader_wall.WallTests.test_wall_epoch) ... ok
test_wall_only_plan_preserves_recipe_and_paths (tests.test_orch_r157_repo_reader_wall.WallTests.test_wall_only_plan_preserves_recipe_and_paths) ... ok
test_wrong_ceiling_rejected (tests.test_orch_r157_repo_reader_wall.WallTests.test_wrong_ceiling_rejected) ... ok
test_wrong_source_rejected (tests.test_orch_r157_repo_reader_wall.WallTests.test_wrong_source_rejected) ... ok

----------------------------------------------------------------------
Ran 43 tests in 0.034s

OK
