PHYSICAL=0
usage: orch_r127_pilot_console.py parent [-h] --root ROOT --speaker
                                         {Astra,Fable,Rohin} --text TEXT

options:
  -h, --help            show this help message and exit
  --root ROOT
  --speaker {Astra,Fable,Rohin}
  --text TEXT
PHYSICAL=2
usage: orch_r127_pilot_console.py parent [-h] --root ROOT --speaker
                                         {Astra,Fable,Rohin} --text TEXT

options:
  -h, --help            show this help message and exit
  --root ROOT
  --speaker {Astra,Fable,Rohin}
  --text TEXT
PHYSICAL=3
usage: orch_r127_pilot_console.py parent [-h] --root ROOT --speaker
                                         {Astra,Fable,Rohin} --text TEXT

options:
  -h, --help            show this help message and exit
  --root ROOT
  --speaker {Astra,Fable,Rohin}
  --text TEXT
Fri Sep 18 00:07:39 UTC 2026
