test_exact_mixed_preparations (test_observer.ObserverTests.test_exact_mixed_preparations) ... ok
test_expired_operator_is_not_reported_as_live_waiter (test_observer.ObserverTests.test_expired_operator_is_not_reported_as_live_waiter) ... ok
test_wrong_scope_duplicate_or_ambiguous_selection (test_observer.ObserverTests.test_wrong_scope_duplicate_or_ambiguous_selection) ... ok
test_busy_utilization_without_only_exact_owner_blocks (test_operator.OccupiedPreflightTests.test_busy_utilization_without_only_exact_owner_blocks) ... ok
test_expected_live_occupancy_is_not_clear_admission (test_operator.OccupiedPreflightTests.test_expected_live_occupancy_is_not_clear_admission) ... ok
test_foreign_and_unknown_reasons_block (test_operator.OccupiedPreflightTests.test_foreign_and_unknown_reasons_block) ... ok
test_foreign_compute_even_without_reason_blocks (test_operator.OccupiedPreflightTests.test_foreign_compute_even_without_reason_blocks) ... ok
test_known_owner_busy_utilization_is_not_clear_admission (test_operator.OccupiedPreflightTests.test_known_owner_busy_utilization_is_not_clear_admission) ... ok
test_memory_without_exact_live_compute_blocks (test_operator.OccupiedPreflightTests.test_memory_without_exact_live_compute_blocks) ... ok
test_other_life_compute_is_not_selected (test_operator.OccupiedPreflightTests.test_other_life_compute_is_not_selected) ... ok
test_exact_owned_pair (test_operator.OwnershipTests.test_exact_owned_pair) ... ok
test_original_allocation_binding (test_operator.OwnershipTests.test_original_allocation_binding) ... ok
test_reject_identity_and_confinement_drift (test_operator.OwnershipTests.test_reject_identity_and_confinement_drift) ... ok
test_reject_launcher_substitution (test_operator.OwnershipTests.test_reject_launcher_substitution) ... ok
test_admission_flag_or_scope_cannot_be_repurposed (test_operator.PreflightEvidenceTests.test_admission_flag_or_scope_cannot_be_repurposed) ... ok
test_changed_original_report_is_not_accepted (test_operator.PreflightEvidenceTests.test_changed_original_report_is_not_accepted) ... ok
test_exact_three_drift_prefixes_with_full_proof (test_operator.PreflightEvidenceTests.test_exact_three_drift_prefixes_with_full_proof) ... ok
test_gpu_compute_anywhere_cannot_be_explained (test_operator.PreflightEvidenceTests.test_gpu_compute_anywhere_cannot_be_explained) ... ok
test_known_owner_never_gets_argv_exception (test_operator.PreflightEvidenceTests.test_known_owner_never_gets_argv_exception) ... ok
test_list_without_matching_observations_is_rejected (test_operator.PreflightEvidenceTests.test_list_without_matching_observations_is_rejected) ... ok
test_missing_and_weak_samples_fail_closed (test_operator.PreflightEvidenceTests.test_missing_and_weak_samples_fail_closed) ... ok
test_only_drift_reasons_are_explained (test_operator.PreflightEvidenceTests.test_only_drift_reasons_are_explained) ... ok
test_dispatch_before_spawn_never_holds_actor (test_operator.ReadoutSpawnRegressionTests.test_dispatch_before_spawn_never_holds_actor) ... ok
test_exact_readout_child_binding (test_operator.ReadoutSpawnRegressionTests.test_exact_readout_child_binding) ... ok
test_only_bound_dispatched_readout_occupancy_is_allowed (test_operator.ReadoutSpawnRegressionTests.test_only_bound_dispatched_readout_occupancy_is_allowed) ... ok
test_proven_child_or_completed_readout_can_hold (test_operator.ReadoutSpawnRegressionTests.test_proven_child_or_completed_readout_can_hold) ... ok
test_actual_strict_launchers (test_operator.ScopeTests.test_actual_strict_launchers) ... ok
test_consumed_handoff_cannot_rearm (test_operator.ScopeTests.test_consumed_handoff_cannot_rearm) ... ok
test_exact_four_existing_lives (test_operator.ScopeTests.test_exact_four_existing_lives) ... ok
test_exact_legacy_pins (test_operator.ScopeTests.test_exact_legacy_pins) ... ok
test_explicit_no_retirement_rearm_bounded_90_minutes (test_operator.ScopeTests.test_explicit_no_retirement_rearm_bounded_90_minutes) ... ok
test_legacy_handlers_unchanged (test_operator.ScopeTests.test_legacy_handlers_unchanged) ... ok
test_only_existing_guard_launch (test_operator.ScopeTests.test_only_existing_guard_launch) ... ok
test_source_compiles (test_operator.ScopeTests.test_source_compiles) ... ok
test_unknown_device_rejected_before_host_probe (test_operator.ScopeTests.test_unknown_device_rejected_before_host_probe) ... ok
test_unknown_handler_cannot_choose_a_strict_module (test_operator.ScopeTests.test_unknown_handler_cannot_choose_a_strict_module) ... ok
test_canonical_render_from_actual_pinned_source_without_model (test_retained_sleep_proof.ActualSourceRenderingTests.test_canonical_render_from_actual_pinned_source_without_model) ... skipped 'receiving-source-only canonical rendering test'
test_before_load_reads_no_journal_or_model (test_retained_sleep_proof.RetainedProofTests.test_before_load_reads_no_journal_or_model) ... ok
test_complete_chain_requires_actual_request_response_commit (test_retained_sleep_proof.RetainedProofTests.test_complete_chain_requires_actual_request_response_commit) ... ok
test_completed_sleep_must_preserve_history_exactly (test_retained_sleep_proof.RetainedProofTests.test_completed_sleep_must_preserve_history_exactly) ... ok
test_corrupted_snapshot_hash_blocks (test_retained_sleep_proof.RetainedProofTests.test_corrupted_snapshot_hash_blocks) ... ok
test_different_render_cannot_claim_actual_prompt (test_retained_sleep_proof.RetainedProofTests.test_different_render_cannot_claim_actual_prompt) ... ok
test_incomplete_records_wait_instead_of_inventing_proof (test_retained_sleep_proof.RetainedProofTests.test_incomplete_records_wait_instead_of_inventing_proof) ... ok
test_other_lives_rejected_before_helper_or_journal_read (test_retained_sleep_proof.RetainedProofTests.test_other_lives_rejected_before_helper_or_journal_read) ... ok
test_post_sleep_eviction_is_not_full_context_proof (test_retained_sleep_proof.RetainedProofTests.test_post_sleep_eviction_is_not_full_context_proof) ... ok
test_response_binding_and_mask_change_block (test_retained_sleep_proof.RetainedProofTests.test_response_binding_and_mask_change_block) ... ok
test_same_cycle_and_positive_training_required (test_retained_sleep_proof.RetainedProofTests.test_same_cycle_and_positive_training_required) ... ok
test_threshold_or_changed_recipe_cannot_claim_retention (test_retained_sleep_proof.RetainedProofTests.test_threshold_or_changed_recipe_cannot_claim_retention) ... ok

----------------------------------------------------------------------
Ran 48 tests in 0.031s

OK (skipped=1)
