test_clean_expiry_can_rearm (test_autonomy_node1.AutonomyTests.test_clean_expiry_can_rearm) ... ok
test_completed_sleep_is_not_post_sleep_prompt (test_autonomy_node1.AutonomyTests.test_completed_sleep_is_not_post_sleep_prompt) ... ok
test_metadata_kind_cannot_be_child_text (test_autonomy_node1.AutonomyTests.test_metadata_kind_cannot_be_child_text) ... ok
test_positive_complete_custody_has_two_separate_milestones (test_autonomy_node1.AutonomyTests.test_positive_complete_custody_has_two_separate_milestones) ... ok
test_retention_marker_is_not_completed_sleep (test_autonomy_node1.AutonomyTests.test_retention_marker_is_not_completed_sleep) ... ok
test_tail_does_not_export_training_text (test_autonomy_node1.AutonomyTests.test_tail_does_not_export_training_text) ... ok
test_wrong_tail_index_rejected (test_autonomy_node1.AutonomyTests.test_wrong_tail_index_rejected) ... ok
test_bound_wait_rejects_excessive_duration (test_node1_operator.OperatorTests.test_bound_wait_rejects_excessive_duration) ... ok
test_dispatch_without_started_request_cannot_pause_actor (test_node1_operator.OperatorTests.test_dispatch_without_started_request_cannot_pause_actor) ... ok
test_exact_base_machinery_pin (test_node1_operator.OperatorTests.test_exact_base_machinery_pin) ... ok
test_noncode_inventory_does_not_read_contents (test_node1_operator.OperatorTests.test_noncode_inventory_does_not_read_contents) ... ok
test_noop_lane_cannot_enter_handoff (test_node1_operator.OperatorTests.test_noop_lane_cannot_enter_handoff) ... ok
test_original_guard_admission_calls_remain_present (test_node1_operator.OperatorTests.test_original_guard_admission_calls_remain_present) ... ok
test_preservation_budget_rejects_before_copy (test_node1_operator.OperatorTests.test_preservation_budget_rejects_before_copy) ... ok
test_readout_readiness_precedes_every_handoff_pause (test_node1_operator.OperatorTests.test_readout_readiness_precedes_every_handoff_pause) ... ok
test_source_cap_is_checked_before_content_hashing (test_node1_operator.OperatorTests.test_source_cap_is_checked_before_content_hashing) ... ok
test_source_copy_preserves_opaque_bytes_without_opening (test_node1_operator.OperatorTests.test_source_copy_preserves_opaque_bytes_without_opening) ... ok
test_source_links_are_rejected (test_node1_operator.OperatorTests.test_source_links_are_rejected) ... ok
test_watchdog_does_not_signal_after_normal_completion (test_node1_operator.OperatorTests.test_watchdog_does_not_signal_after_normal_completion) ... ok
test_watchdog_resumes_exact_actor_on_parent_loss (test_node1_operator.OperatorTests.test_watchdog_resumes_exact_actor_on_parent_loss) ... ok
test_changed_history_during_sleep_is_rejected (test_observe_retained.ObservationTests.test_changed_history_during_sleep_is_rejected) ... ok
test_compaction_between_retention_and_sleep_is_not_retention_proof (test_observe_retained.ObservationTests.test_compaction_between_retention_and_sleep_is_not_retention_proof) ... ok
test_compaction_invalidates_pending_retention_metadata (test_observe_retained.ObservationTests.test_compaction_invalidates_pending_retention_metadata) ... ok
test_complete_retention_chain (test_observe_retained.ObservationTests.test_complete_retention_chain) ... ok
test_completed_sleep_is_separate_from_prompt_custody (test_observe_retained.ObservationTests.test_completed_sleep_is_separate_from_prompt_custody) ... ok
test_lost_history_in_post_sleep_request_is_rejected (test_observe_retained.ObservationTests.test_lost_history_in_post_sleep_request_is_rejected) ... ok
test_no_train_text_in_progress_metadata (test_observe_retained.ObservationTests.test_no_train_text_in_progress_metadata) ... ok
test_retention_without_sleep_is_not_completed_sleep (test_observe_retained.ObservationTests.test_retention_without_sleep_is_not_completed_sleep) ... ok
test_sleep_request_is_not_completed_sleep (test_observe_retained.ObservationTests.test_sleep_request_is_not_completed_sleep) ... ok
test_sleep_without_post_sleep_request_is_not_full_proof (test_observe_retained.ObservationTests.test_sleep_without_post_sleep_request_is_not_full_proof) ... ok
test_spoofed_text_in_hash_field_rejected (test_observe_retained.ObservationTests.test_spoofed_text_in_hash_field_rejected) ... ok
test_unregistered_attempt_namespace_rejected (test_observe_retained.ObservationTests.test_unregistered_attempt_namespace_rejected) ... ok
test_changed_native_source_fails_closed (test_prepare_node1.PreparationTests.test_changed_native_source_fails_closed) ... ok
test_changed_plan_reference_fails_closed (test_prepare_node1.PreparationTests.test_changed_plan_reference_fails_closed) ... ok
test_duplicate_life_fails_closed (test_prepare_node1.PreparationTests.test_duplicate_life_fails_closed) ... ok
test_exact_six_and_closed_execution_gates (test_prepare_node1.PreparationTests.test_exact_six_and_closed_execution_gates) ... ok
test_frozen_control_cannot_enter_proposal (test_prepare_node1.PreparationTests.test_frozen_control_cannot_enter_proposal) ... ok
test_missing_life_fails_closed (test_prepare_node1.PreparationTests.test_missing_life_fails_closed) ... ok
test_pid_reuse_fails_closed (test_prepare_node1.PreparationTests.test_pid_reuse_fails_closed) ... ok
test_proposal_does_not_mutate_inputs (test_prepare_node1.PreparationTests.test_proposal_does_not_mutate_inputs) ... ok
test_recovery_guard_paths_are_not_inferred_from_plan (test_prepare_node1.PreparationTests.test_recovery_guard_paths_are_not_inferred_from_plan) ... ok
test_actual_device_holder_never_qualifies (test_readmit_node1.ReadmissionTests.test_actual_device_holder_never_qualifies) ... ok
test_any_launch_evidence_prevents_readmission (test_readmit_node1.ReadmissionTests.test_any_launch_evidence_prevents_readmission) ... ok
test_clear_or_unprivileged_reports_do_not_qualify (test_readmit_node1.ReadmissionTests.test_clear_or_unprivileged_reports_do_not_qualify) ... ok
test_only_privileged_drift_denial_qualifies (test_readmit_node1.ReadmissionTests.test_only_privileged_drift_denial_qualifies) ... ok
test_active_operator_rejected (test_rearm_node1.RearmTests.test_active_operator_rejected) ... ok
test_clean_expiry (test_rearm_node1.RearmTests.test_clean_expiry) ... ok
test_every_started_transaction_or_failure_rejected (test_rearm_node1.RearmTests.test_every_started_transaction_or_failure_rejected) ... ok
test_loaded_and_noop_lanes_are_not_rearm_targets (test_rearm_node1.RearmTests.test_loaded_and_noop_lanes_are_not_rearm_targets) ... ok
test_missing_timeout_rejected (test_rearm_node1.RearmTests.test_missing_timeout_rejected) ... ok
test_no_positive_original_left_running_receipt_rejected (test_rearm_node1.RearmTests.test_no_positive_original_left_running_receipt_rejected) ... ok
test_unexpired_operator_rejected_even_if_absent (test_rearm_node1.RearmTests.test_unexpired_operator_rejected_even_if_absent) ... ok

----------------------------------------------------------------------
Ran 52 tests in 0.102s

OK
