test_bound_wait_rejects_excessive_duration (test_node1_operator.OperatorTests.test_bound_wait_rejects_excessive_duration) ... ok
test_dispatch_without_started_request_cannot_pause_actor (test_node1_operator.OperatorTests.test_dispatch_without_started_request_cannot_pause_actor) ... ok
test_exact_base_machinery_pin (test_node1_operator.OperatorTests.test_exact_base_machinery_pin) ... ok
test_noncode_inventory_does_not_read_contents (test_node1_operator.OperatorTests.test_noncode_inventory_does_not_read_contents) ... ok
test_noop_lane_cannot_enter_handoff (test_node1_operator.OperatorTests.test_noop_lane_cannot_enter_handoff) ... ok
test_original_guard_admission_calls_remain_present (test_node1_operator.OperatorTests.test_original_guard_admission_calls_remain_present) ... ok
test_preservation_budget_rejects_before_copy (test_node1_operator.OperatorTests.test_preservation_budget_rejects_before_copy) ... ok
test_readout_readiness_precedes_every_handoff_pause (test_node1_operator.OperatorTests.test_readout_readiness_precedes_every_handoff_pause) ... ok
test_source_cap_is_checked_before_content_hashing (test_node1_operator.OperatorTests.test_source_cap_is_checked_before_content_hashing) ... ok
test_source_copy_preserves_opaque_bytes_without_opening (test_node1_operator.OperatorTests.test_source_copy_preserves_opaque_bytes_without_opening) ... ok
test_source_links_are_rejected (test_node1_operator.OperatorTests.test_source_links_are_rejected) ... ok
test_watchdog_does_not_signal_after_normal_completion (test_node1_operator.OperatorTests.test_watchdog_does_not_signal_after_normal_completion) ... ok
test_watchdog_resumes_exact_actor_on_parent_loss (test_node1_operator.OperatorTests.test_watchdog_resumes_exact_actor_on_parent_loss) ... ok
test_active_operator_rejected (test_rearm_node1.RearmTests.test_active_operator_rejected) ... ok
test_clean_expiry (test_rearm_node1.RearmTests.test_clean_expiry) ... ok
test_every_started_transaction_or_failure_rejected (test_rearm_node1.RearmTests.test_every_started_transaction_or_failure_rejected) ... ok
test_loaded_and_noop_lanes_are_not_rearm_targets (test_rearm_node1.RearmTests.test_loaded_and_noop_lanes_are_not_rearm_targets) ... ok
test_missing_timeout_rejected (test_rearm_node1.RearmTests.test_missing_timeout_rejected) ... ok
test_no_positive_original_left_running_receipt_rejected (test_rearm_node1.RearmTests.test_no_positive_original_left_running_receipt_rejected) ... ok
test_unexpired_operator_rejected_even_if_absent (test_rearm_node1.RearmTests.test_unexpired_operator_rejected_even_if_absent) ... ok

----------------------------------------------------------------------
Ran 20 tests in 0.033s

OK
