test_bad_frontier_hash_and_count_fail_without_mutation (c2_snapshot_0.TrainHistoryTest.test_bad_frontier_hash_and_count_fail_without_mutation) ... ok
test_checkpoint_tampering_and_external_hash_binding (c2_snapshot_0.TrainHistoryTest.test_checkpoint_tampering_and_external_hash_binding) ... ok
test_child_cannot_be_pinned_and_pins_cannot_be_silently_truncated (c2_snapshot_0.TrainHistoryTest.test_child_cannot_be_pinned_and_pins_cannot_be_silently_truncated) ... ok
test_compaction_frontier_regression_and_same_frontier_recompaction (c2_snapshot_0.TrainHistoryTest.test_compaction_frontier_regression_and_same_frontier_recompaction) ... ok
test_compaction_json_file_and_resume_identical (c2_snapshot_0.TrainHistoryTest.test_compaction_json_file_and_resume_identical) ... ok
test_compaction_keeps_raw_and_events_appended_while_child_summarizes (c2_snapshot_0.TrainHistoryTest.test_compaction_keeps_raw_and_events_appended_while_child_summarizes) ... ok
test_conflicting_duplicate_rejected_without_state_change (c2_snapshot_0.TrainHistoryTest.test_conflicting_duplicate_rejected_without_state_change) ... ok
test_cross_episode_retention_and_new_episode_after_resume (c2_snapshot_0.TrainHistoryTest.test_cross_episode_retention_and_new_episode_after_resume) ... ok
test_deepcopy_retains_independent_incremental_frontier (c2_snapshot_0.TrainHistoryTest.test_deepcopy_retains_independent_incremental_frontier) ... ok
test_empty_compaction_and_conflicting_summary_ids_rejected (c2_snapshot_0.TrainHistoryTest.test_empty_compaction_and_conflicting_summary_ids_rejected) ... ok
test_entire_history_is_masked_never_parent_or_child_targets (c2_snapshot_0.TrainHistoryTest.test_entire_history_is_masked_never_parent_or_child_targets) ... ok
test_eviction_can_drop_oldest_summary_without_dropping_new_events (c2_snapshot_0.TrainHistoryTest.test_eviction_can_drop_oldest_summary_without_dropping_new_events) ... ok
test_eviction_receipt_tampering_and_duplicate_restore_rejected (c2_snapshot_0.TrainHistoryTest.test_eviction_receipt_tampering_and_duplicate_restore_rejected) ... ok
test_eviction_requires_explicit_reason_and_cannot_regress (c2_snapshot_0.TrainHistoryTest.test_eviction_requires_explicit_reason_and_cannot_regress) ... ok
test_explicit_eviction_has_durable_ids_frontiers_and_pinned_prompts (c2_snapshot_0.TrainHistoryTest.test_explicit_eviction_has_durable_ids_frontiers_and_pinned_prompts) ... ok
test_failed_or_duplicate_appends_preserve_frontier_cache (c2_snapshot_0.TrainHistoryTest.test_failed_or_duplicate_appends_preserve_frontier_cache) ... ok
test_frontier_reads_do_not_reserialize_immutable_events (c2_snapshot_0.TrainHistoryTest.test_frontier_reads_do_not_reserialize_immutable_events) ... ok
test_immutable_raw_and_detached_outputs (c2_snapshot_0.TrainHistoryTest.test_immutable_raw_and_detached_outputs) ... ok
test_incremental_frontiers_match_canonical_hash_for_every_prefix (c2_snapshot_0.TrainHistoryTest.test_incremental_frontiers_match_canonical_hash_for_every_prefix) ... ok
test_json_duplicate_keys_nonfinite_and_unknown_schema_rejected (c2_snapshot_0.TrainHistoryTest.test_json_duplicate_keys_nonfinite_and_unknown_schema_rejected) ... ok
test_later_compaction_preserves_visible_prior_eviction_notice (c2_snapshot_0.TrainHistoryTest.test_later_compaction_preserves_visible_prior_eviction_notice) ... ok
test_only_explicit_nonempty_child_summary (c2_snapshot_0.TrainHistoryTest.test_only_explicit_nonempty_child_summary) ... ok
test_optimized_restore_matches_uncached_operations_and_checkpoint_bytes (c2_snapshot_0.TrainHistoryTest.test_optimized_restore_matches_uncached_operations_and_checkpoint_bytes) ... ok
test_parent_once_only_delivery_survives_resume (c2_snapshot_0.TrainHistoryTest.test_parent_once_only_delivery_survives_resume) ... ok
test_pinned_parent_is_verbatim_masked_once_across_compaction_eviction_and_restore (c2_snapshot_0.TrainHistoryTest.test_pinned_parent_is_verbatim_masked_once_across_compaction_eviction_and_restore) ... ok
test_resigned_frontier_and_compaction_receipt_tampering (c2_snapshot_0.TrainHistoryTest.test_resigned_frontier_and_compaction_receipt_tampering) ... ok
test_restore_rejects_duplicate_events_operations_and_nontrain_events (c2_snapshot_0.TrainHistoryTest.test_restore_rejects_duplicate_events_operations_and_nontrain_events) ... ok
test_split_exclusion_including_attached_readout_opens (c2_snapshot_0.TrainHistoryTest.test_split_exclusion_including_attached_readout_opens) ... ok
test_strict_overflow_never_mutates_or_truncates (c2_snapshot_0.TrainHistoryTest.test_strict_overflow_never_mutates_or_truncates) ... ok
test_token_counter_and_budget_validation (c2_snapshot_0.TrainHistoryTest.test_token_counter_and_budget_validation) ... ok
test_train_task_readout_open_requires_collection_origin (c2_snapshot_0.TrainHistoryTest.test_train_task_readout_open_requires_collection_origin) ... ok
test_unknown_actor_and_missing_provenance_rejected (c2_snapshot_0.TrainHistoryTest.test_unknown_actor_and_missing_provenance_rejected) ... ok
test_accumulation_revision_and_only_explicit_deletion (c2_snapshot_0.WorkingStateTest.test_accumulation_revision_and_only_explicit_deletion) ... ok
test_all_state_tokens_masked_plain_presentation_retains_literal_text (c2_snapshot_0.WorkingStateTest.test_all_state_tokens_masked_plain_presentation_retains_literal_text) ... ok
test_compaction_eviction_and_checkpoint_preserve_active_state_verbatim (c2_snapshot_0.WorkingStateTest.test_compaction_eviction_and_checkpoint_preserve_active_state_verbatim) ... ok
test_cumulative_overflow_requires_explicit_removal (c2_snapshot_0.WorkingStateTest.test_cumulative_overflow_requires_explicit_removal) ... ok
test_detached_state_receipts_and_frozen_spans (c2_snapshot_0.WorkingStateTest.test_detached_state_receipts_and_frozen_spans) ... ok
test_exact_retry_cannot_resurrect_and_source_rebinding_fails (c2_snapshot_0.WorkingStateTest.test_exact_retry_cannot_resurrect_and_source_rebinding_fails) ... ok
test_invalid_delta_is_atomic_and_does_not_delete_other_entries (c2_snapshot_0.WorkingStateTest.test_invalid_delta_is_atomic_and_does_not_delete_other_entries) ... ok
test_json_escapes_are_literal_not_decoded_or_normalized (c2_snapshot_0.WorkingStateTest.test_json_escapes_are_literal_not_decoded_or_normalized) ... ok
test_literal_span_derives_text_and_stable_source_fields (c2_snapshot_0.WorkingStateTest.test_literal_span_derives_text_and_stable_source_fields) ... ok
test_only_actual_appended_child_source_not_forged_or_summary (c2_snapshot_0.WorkingStateTest.test_only_actual_appended_child_source_not_forged_or_summary) ... ok
test_plain_state_has_no_injected_provenance_and_survives_eligible_rows (c2_snapshot_0.WorkingStateTest.test_plain_state_has_no_injected_provenance_and_survives_eligible_rows) ... ok
test_r184_kinds_persist_as_child_spans_without_visible_stage_tokens (c2_snapshot_0.WorkingStateTest.test_r184_kinds_persist_as_child_spans_without_visible_stage_tokens) ... ok
test_resigned_checkpoint_cannot_fake_state_or_source_mapping (c2_snapshot_0.WorkingStateTest.test_resigned_checkpoint_cannot_fake_state_or_source_mapping) ... ok
test_state_byte_boundary_includes_metadata_and_never_truncates (c2_snapshot_0.WorkingStateTest.test_state_byte_boundary_includes_metadata_and_never_truncates) ... ok
test_state_follows_birth_without_displacing_raw_turns_or_latest_runtime_status (c2_snapshot_0.WorkingStateTest.test_state_follows_birth_without_displacing_raw_turns_or_latest_runtime_status) ... ok
test_typed_fields_and_finite_character_bounds (c2_snapshot_0.WorkingStateTest.test_typed_fields_and_finite_character_bounds) ... ok
test_unused_state_preserves_legacy_checkpoint_bytes (c2_snapshot_0.WorkingStateTest.test_unused_state_preserves_legacy_checkpoint_bytes) ... ok

----------------------------------------------------------------------
Ran 49 tests in 0.042s

OK
test_EOS_continues_without_synthetic_child_cue_or_new_request (c2_snapshot_1.StreamTests.test_EOS_continues_without_synthetic_child_cue_or_new_request) ... ok
test_bound_snapshot_tamper_is_rejected (c2_snapshot_1.StreamTests.test_bound_snapshot_tamper_is_rejected) ... ok
test_cap_is_recorded_without_counting_as_EOS (c2_snapshot_1.StreamTests.test_cap_is_recorded_without_counting_as_EOS) ... ok
test_commit_log_failure_blocks_further_generation (c2_snapshot_1.StreamTests.test_commit_log_failure_blocks_further_generation) ... ok
test_counter_cannot_mutate_dispatched_pinned_prompts (c2_snapshot_1.StreamTests.test_counter_cannot_mutate_dispatched_pinned_prompts) ... ok
test_explicit_eviction_can_drop_oversized_compaction_with_no_new_events (c2_snapshot_1.StreamTests.test_explicit_eviction_can_drop_oversized_compaction_with_no_new_events) ... ok
test_explicit_eviction_keeps_birth_and_raw_evidence (c2_snapshot_1.StreamTests.test_explicit_eviction_keeps_birth_and_raw_evidence) ... ok
test_generation_failure_keeps_reservation_and_never_retries (c2_snapshot_1.StreamTests.test_generation_failure_keeps_reservation_and_never_retries) ... ok
test_incoming_parent_once_and_costs_are_never_targets (c2_snapshot_1.StreamTests.test_incoming_parent_once_and_costs_are_never_targets) ... ok
test_invalid_raw_is_preserved_before_validation (c2_snapshot_1.StreamTests.test_invalid_raw_is_preserved_before_validation) ... ok
test_no_parent_wait_and_empty_inbox_still_generates (c2_snapshot_1.StreamTests.test_no_parent_wait_and_empty_inbox_still_generates) ... ok
test_readout_and_fake_child_inputs_rejected_before_model_call (c2_snapshot_1.StreamTests.test_readout_and_fake_child_inputs_rejected_before_model_call) ... ok
test_request_receipt_alone_restores_unresolved_frontier (c2_snapshot_1.StreamTests.test_request_receipt_alone_restores_unresolved_frontier) ... ok
test_restore_and_sleep_keep_history_and_new_row_frontier (c2_snapshot_1.StreamTests.test_restore_and_sleep_keep_history_and_new_row_frontier) ... ok
test_runtime_wall_blocks_dispatch_not_relabelled_as_EOS (c2_snapshot_1.StreamTests.test_runtime_wall_blocks_dispatch_not_relabelled_as_EOS) ... ok
test_sleep_cannot_admit_wrong_rows_or_missing_optimizer_state (c2_snapshot_1.StreamTests.test_sleep_cannot_admit_wrong_rows_or_missing_optimizer_state) ... ok
test_strict_history_overflow_does_not_silently_drop_old_input (c2_snapshot_1.StreamTests.test_strict_history_overflow_does_not_silently_drop_old_input) ... ok
test_summary_eviction_preserves_newer_response_when_it_fits (c2_snapshot_1.StreamTests.test_summary_eviction_preserves_newer_response_when_it_fits) ... ok
test_threshold_compaction_precedes_generation_and_preserves_raw_input (c2_snapshot_1.StreamTests.test_threshold_compaction_precedes_generation_and_preserves_raw_input) ... ok
test_threshold_never_silently_drops_oversized_fresh_input (c2_snapshot_1.StreamTests.test_threshold_never_silently_drops_oversized_fresh_input) ... ok
test_threshold_reuses_prior_child_distillation_not_later_failed_code (c2_snapshot_1.StreamTests.test_threshold_reuses_prior_child_distillation_not_later_failed_code) ... ok

----------------------------------------------------------------------
Ran 21 tests in 0.024s

OK
test_R127_rejects_malformed_attribution_and_tool_sources_before_registration (c2_snapshot_2.StreamJournalTests.test_R127_rejects_malformed_attribution_and_tool_sources_before_registration) ... ok
test_R127_tool_source_is_preserved_but_not_rendered_or_used_as_child_target (c2_snapshot_2.StreamJournalTests.test_R127_tool_source_is_preserved_but_not_rendered_or_used_as_child_target) ... ok
test_atomic_link_failure_preserves_partial_and_never_overwrites (c2_snapshot_2.StreamJournalTests.test_atomic_link_failure_preserves_partial_and_never_overwrites) ... ok
test_bound_experiment_cannot_be_removed_from_saved_state (c2_snapshot_2.StreamJournalTests.test_bound_experiment_cannot_be_removed_from_saved_state) ... ok
test_bound_experiment_roundtrips_and_legacy_checkpoint_remains_byte_equivalent (c2_snapshot_2.StreamJournalTests.test_bound_experiment_roundtrips_and_legacy_checkpoint_remains_byte_equivalent) ... ok
test_cached_authoritative_checkpoint_is_detached_from_callers (c2_snapshot_2.StreamJournalTests.test_cached_authoritative_checkpoint_is_detached_from_callers) ... ok
test_chain_and_intent_tampering_rejected (c2_snapshot_2.StreamJournalTests.test_chain_and_intent_tampering_rejected) ... ok
test_compaction_cannot_append_raw_events_or_change_learning_state (c2_snapshot_2.StreamJournalTests.test_compaction_cannot_append_raw_events_or_change_learning_state) ... ok
test_compaction_cannot_clear_generation_request (c2_snapshot_2.StreamJournalTests.test_compaction_cannot_clear_generation_request) ... ok
test_compaction_snapshot_keeps_child_frontier (c2_snapshot_2.StreamJournalTests.test_compaction_snapshot_keeps_child_frontier) ... ok
test_corrupt_or_missing_tail_refuses_prior_valid_checkpoint (c2_snapshot_2.StreamJournalTests.test_corrupt_or_missing_tail_refuses_prior_valid_checkpoint) ... ok
test_empty_inbox_nonblocking_partial_ignored (c2_snapshot_2.StreamJournalTests.test_empty_inbox_nonblocking_partial_ignored) ... ok
test_explicit_creation_no_existing_root_overwrite (c2_snapshot_2.StreamJournalTests.test_explicit_creation_no_existing_root_overwrite) ... ok
test_file_change_during_full_revalidation_rejected (c2_snapshot_2.StreamJournalTests.test_file_change_during_full_revalidation_rejected) ... ok
test_fork_child_does_not_keep_parent_lock_alive (c2_snapshot_2.StreamJournalTests.test_fork_child_does_not_keep_parent_lock_alive) ... ok
test_hot_path_uses_validated_state_without_replaying_old_records (c2_snapshot_2.StreamJournalTests.test_hot_path_uses_validated_state_without_replaying_old_records) ... ok
test_identical_duplicate_files_keep_first_canonical_source_after_restart (c2_snapshot_2.StreamJournalTests.test_identical_duplicate_files_keep_first_canonical_source_after_restart) ... ok
test_inbox_conflicting_bytes_even_same_decoded_message_rejected (c2_snapshot_2.StreamJournalTests.test_inbox_conflicting_bytes_even_same_decoded_message_rejected) ... ok
test_inbox_exact_schema_splits_and_actor_validation (c2_snapshot_2.StreamJournalTests.test_inbox_exact_schema_splits_and_actor_validation) ... ok
test_inbox_symlink_fifo_and_incomplete_json_rejected_without_wait (c2_snapshot_2.StreamJournalTests.test_inbox_symlink_fifo_and_incomplete_json_rejected_without_wait) ... ok
test_inbox_typed_provenance_and_history_once_only (c2_snapshot_2.StreamJournalTests.test_inbox_typed_provenance_and_history_once_only) ... ok
test_invalid_sleep_request_hash_and_repeated_sleep_request_rejected (c2_snapshot_2.StreamJournalTests.test_invalid_sleep_request_hash_and_repeated_sleep_request_rejected) ... ok
test_journal_rejects_seed_change_before_generation (c2_snapshot_2.StreamJournalTests.test_journal_rejects_seed_change_before_generation) ... ok
test_legacy_and_R127_DEV_FINAL_never_register_or_enter_history (c2_snapshot_2.StreamJournalTests.test_legacy_and_R127_DEV_FINAL_never_register_or_enter_history) ... ok
test_legacy_checkpoint_cannot_be_relabelled_as_seeded_experiment (c2_snapshot_2.StreamJournalTests.test_legacy_checkpoint_cannot_be_relabelled_as_seeded_experiment) ... ok
test_lifetime_lock_close_context_manager_and_noninheritable_fds (c2_snapshot_2.StreamJournalTests.test_lifetime_lock_close_context_manager_and_noninheritable_fds) ... ok
test_matching_sleep_complete_resolves_durable_sleep_request (c2_snapshot_2.StreamJournalTests.test_matching_sleep_complete_resolves_durable_sleep_request) ... ok
test_mixed_legacy_and_R127_parents_render_only_human_readable_attribution (c2_snapshot_2.StreamJournalTests.test_mixed_legacy_and_R127_parents_render_only_human_readable_attribution) ... ok
test_native_birth_presleep_compaction_sleep_and_next_generation (c2_snapshot_2.StreamJournalTests.test_native_birth_presleep_compaction_sleep_and_next_generation) ... ok
test_native_metadata_does_not_override_authoritative_checkpoint (c2_snapshot_2.StreamJournalTests.test_native_metadata_does_not_override_authoritative_checkpoint) ... ok
test_old_record_rewrite_with_restored_mtime_invalidates_cache (c2_snapshot_2.StreamJournalTests.test_old_record_rewrite_with_restored_mtime_invalidates_cache) ... ok
test_ordinary_commit_cannot_publish_compaction_without_response (c2_snapshot_2.StreamJournalTests.test_ordinary_commit_cannot_publish_compaction_without_response) ... ok
test_partial_publication_poisoned_no_retry_or_stale_fallback (c2_snapshot_2.StreamJournalTests.test_partial_publication_poisoned_no_retry_or_stale_fallback) ... ok
test_presentation_transition_cannot_change_variant_or_its_prompt (c2_snapshot_2.StreamJournalTests.test_presentation_transition_cannot_change_variant_or_its_prompt) ... ok
test_publication_fsyncs_files_and_directories (c2_snapshot_2.StreamJournalTests.test_publication_fsyncs_files_and_directories) ... ok
test_real_scheduler_callbacks_commit_and_sleep_restore (c2_snapshot_2.StreamJournalTests.test_real_scheduler_callbacks_commit_and_sleep_restore) ... ok
test_record_indices_chain_and_immutable_detached_documents (c2_snapshot_2.StreamJournalTests.test_record_indices_chain_and_immutable_detached_documents) ... ok
test_record_symlink_and_gap_rejected (c2_snapshot_2.StreamJournalTests.test_record_symlink_and_gap_rejected) ... ok
test_registered_inbox_file_cannot_disappear_or_change_after_resume (c2_snapshot_2.StreamJournalTests.test_registered_inbox_file_cannot_disappear_or_change_after_resume) ... ok
test_reopen_always_revalidates_the_complete_chain (c2_snapshot_2.StreamJournalTests.test_reopen_always_revalidates_the_complete_chain) ... ok
test_request_tail_not_stale_previous_commit (c2_snapshot_2.StreamJournalTests.test_request_tail_not_stale_previous_commit) ... ok
test_response_alone_and_metadata_do_not_clear_pending_checkpoint (c2_snapshot_2.StreamJournalTests.test_response_alone_and_metadata_do_not_clear_pending_checkpoint) ... ok
test_second_request_and_wrong_response_fail_closed (c2_snapshot_2.StreamJournalTests.test_second_request_and_wrong_response_fail_closed) ... ok
test_sleep_complete_must_match_cycle_and_exact_frontier (c2_snapshot_2.StreamJournalTests.test_sleep_complete_must_match_cycle_and_exact_frontier) ... ok
test_sleep_partial_tail_never_falls_back_to_presleep_commit (c2_snapshot_2.StreamJournalTests.test_sleep_partial_tail_never_falls_back_to_presleep_commit) ... ok
test_sleep_receipt_must_bind_same_experiment_as_stream (c2_snapshot_2.StreamJournalTests.test_sleep_receipt_must_bind_same_experiment_as_stream) ... ok
test_sleep_request_is_authoritative_after_mid_training_crash (c2_snapshot_2.StreamJournalTests.test_sleep_request_is_authoritative_after_mid_training_crash) ... ok
test_stale_commit_cannot_bypass_pending_request (c2_snapshot_2.StreamJournalTests.test_stale_commit_cannot_bypass_pending_request) ... ok
test_stale_compaction_cannot_clear_sleep_request (c2_snapshot_2.StreamJournalTests.test_stale_compaction_cannot_clear_sleep_request) ... ok
test_every_other_stream_field_frozen_including_model_optimizer_and_rng_hashes (c2_snapshot_2.WallExtensionJournalTests.test_every_other_stream_field_frozen_including_model_optimizer_and_rng_hashes) ... ok
test_extension_is_only_deadline_change_and_reopens_with_new_requests (c2_snapshot_2.WallExtensionJournalTests.test_extension_is_only_deadline_change_and_reopens_with_new_requests) ... ok
test_missing_boundary_and_duplicate_extension_rejected (c2_snapshot_2.WallExtensionJournalTests.test_missing_boundary_and_duplicate_extension_rejected) ... ok
test_pending_generation_sleep_and_unslept_frontier_rejected (c2_snapshot_2.WallExtensionJournalTests.test_pending_generation_sleep_and_unslept_frontier_rejected) ... ok
test_wrong_prior_wall_digest_shortening_and_lease_overrun_rejected (c2_snapshot_2.WallExtensionJournalTests.test_wrong_prior_wall_digest_shortening_and_lease_overrun_rejected) ... ok

----------------------------------------------------------------------
Ran 54 tests in 2.616s

OK
test_actual_preimage_all_prefix_digests_match (__main__.ReferenceParity.test_actual_preimage_all_prefix_digests_match) ... ok
test_actual_preimage_and_new_deepcopy_diverge_independently (__main__.ReferenceParity.test_actual_preimage_and_new_deepcopy_diverge_independently) ... ok
test_actual_preimage_and_new_reject_same_tamper (__main__.ReferenceParity.test_actual_preimage_and_new_reject_same_tamper) ... ok
test_actual_preimage_checkpoint_bytes_and_restore_match (__main__.ReferenceParity.test_actual_preimage_checkpoint_bytes_and_restore_match) ... ok

----------------------------------------------------------------------
Ran 4 tests in 0.209s

OK
