test_canonical_render_from_actual_pinned_source_without_model (test_retained_sleep_proof.ActualSourceRenderingTests.test_canonical_render_from_actual_pinned_source_without_model) ... ok
test_before_load_reads_no_journal_or_model (test_retained_sleep_proof.RetainedProofTests.test_before_load_reads_no_journal_or_model) ... ok
test_complete_chain_requires_actual_request_response_commit (test_retained_sleep_proof.RetainedProofTests.test_complete_chain_requires_actual_request_response_commit) ... ok
test_completed_sleep_must_preserve_history_exactly (test_retained_sleep_proof.RetainedProofTests.test_completed_sleep_must_preserve_history_exactly) ... ok
test_corrupted_snapshot_hash_blocks (test_retained_sleep_proof.RetainedProofTests.test_corrupted_snapshot_hash_blocks) ... ok
test_dead_or_changed_owner_is_not_reported_as_healthy (test_retained_sleep_proof.RetainedProofTests.test_dead_or_changed_owner_is_not_reported_as_healthy) ... ok
test_different_render_cannot_claim_actual_prompt (test_retained_sleep_proof.RetainedProofTests.test_different_render_cannot_claim_actual_prompt) ... ok
test_explicit_pre_native_recovery_failure_is_reported (test_retained_sleep_proof.RetainedProofTests.test_explicit_pre_native_recovery_failure_is_reported) ... ok
test_incomplete_records_wait_instead_of_inventing_proof (test_retained_sleep_proof.RetainedProofTests.test_incomplete_records_wait_instead_of_inventing_proof) ... ok
test_other_lives_rejected_before_helper_or_journal_read (test_retained_sleep_proof.RetainedProofTests.test_other_lives_rejected_before_helper_or_journal_read) ... ok
test_post_sleep_eviction_is_not_full_context_proof (test_retained_sleep_proof.RetainedProofTests.test_post_sleep_eviction_is_not_full_context_proof) ... ok
test_proved_postretirement_guard_failure_is_not_an_expired_watcher (test_retained_sleep_proof.RetainedProofTests.test_proved_postretirement_guard_failure_is_not_an_expired_watcher) ... ok
test_readonly_wall_bounded_monitor_rejects_unbounded_requests (test_retained_sleep_proof.RetainedProofTests.test_readonly_wall_bounded_monitor_rejects_unbounded_requests) ... ok
test_response_binding_and_mask_change_block (test_retained_sleep_proof.RetainedProofTests.test_response_binding_and_mask_change_block) ... ok
test_retired_recovery_loading_is_not_a_dead_child (test_retained_sleep_proof.RetainedProofTests.test_retired_recovery_loading_is_not_a_dead_child) ... ok
test_same_cycle_and_positive_training_required (test_retained_sleep_proof.RetainedProofTests.test_same_cycle_and_positive_training_required) ... ok
test_threshold_or_changed_recipe_cannot_claim_retention (test_retained_sleep_proof.RetainedProofTests.test_threshold_or_changed_recipe_cannot_claim_retention) ... ok

----------------------------------------------------------------------
Ran 17 tests in 0.010s

OK
