[01:05:24] lens write_verdict: 58130 chars
[01:05:24] lens plan_48h: 58356 chars
[01:05:24] lens struggle_test: 64440 chars
[01:05:24] lens memory_verdict: 99638 chars
[01:06:19]   ok 55s in=18050 out=2535 chars=10583
[01:06:42]   ok 78s in=15311 out=3057 chars=13631
[01:06:48]   ok 84s in=27393 out=4162 chars=19460
[01:06:57]   ok 93s in=18123 out=4413 chars=16087
[01:06:57] synthesis part 1/2: 62818 chars
[01:06:57] synthesis part 2/2: 62699 chars
[01:08:16]   ok 79s in=12983 out=3601 chars=16333
[01:08:20]   ok 84s in=13005 out=4330 chars=19322
[01:08:20] critic statistician: 38538 chars
[01:08:20] critic systems: 38617 chars
[01:09:28]   ok 68s in=7875 out=3209 chars=14849
[01:09:46]   ok 86s in=7927 out=3942 chars=14520
[01:09:46] fix part 1/2: 67761 chars
[01:09:46] fix part 2/2: 67761 chars
[01:11:14]   ok 88s in=13736 out=4299 chars=21302
[01:11:16]   ok 90s in=13736 out=4687 chars=23958
[01:11:16] DONE -> /Users/rohing/dream-state/research_notes/astra_memos/2026-09-11_q9_write_memory_verdict_48h.md (45262 chars)
