test_baseline_loses_current_parent_after_compaction (c2_exact_retention_cases.RetentionTests.test_baseline_loses_current_parent_after_compaction) ... ok
test_cannot_retain_unknown_or_child_as_parent (c2_exact_retention_cases.RetentionTests.test_cannot_retain_unknown_or_child_as_parent) ... ok
test_console_input_does_not_replace_active_task_parent (c2_exact_retention_cases.RetentionTests.test_console_input_does_not_replace_active_task_parent) ... ok
test_context_budget_stays_hard (c2_exact_retention_cases.RetentionTests.test_context_budget_stays_hard) ... ok
test_default_render_and_checkpoint_restore_unchanged (c2_exact_retention_cases.RetentionTests.test_default_render_and_checkpoint_restore_unchanged) ... ok
test_driver_latest_fresh_parent_only_and_no_historical_resurrection (c2_exact_retention_cases.RetentionTests.test_driver_latest_fresh_parent_only_and_no_historical_resurrection) ... ok
test_existing_human_pin_not_duplicated_or_removed (c2_exact_retention_cases.RetentionTests.test_existing_human_pin_not_duplicated_or_removed) ... ok
test_integrated_think_compaction_act_retains_and_masks_parent (c2_exact_retention_cases.RetentionTests.test_integrated_think_compaction_act_retains_and_masks_parent) ... ok
test_oversized_retained_parent_fails_before_generation (c2_exact_retention_cases.RetentionTests.test_oversized_retained_parent_fails_before_generation) ... ok
test_parent_must_have_been_rendered_not_merely_archived (c2_exact_retention_cases.RetentionTests.test_parent_must_have_been_rendered_not_merely_archived) ... ok
test_plain_presentation_keeps_exact_source_with_no_archived_duplicate (c2_exact_retention_cases.RetentionTests.test_plain_presentation_keeps_exact_source_with_no_archived_duplicate) ... ok
test_preexisting_visible_parent_survives_current_think_act (c2_exact_retention_cases.RetentionTests.test_preexisting_visible_parent_survives_current_think_act) ... ok
test_render_does_not_mutate_or_permanently_pin_history (c2_exact_retention_cases.RetentionTests.test_render_does_not_mutate_or_permanently_pin_history) ... ok
test_retains_exact_current_source_not_stale_prompt (c2_exact_retention_cases.RetentionTests.test_retains_exact_current_source_not_stale_prompt) ... ok
test_sealed_or_unattributed_event_still_rejected (c2_exact_retention_cases.RetentionTests.test_sealed_or_unattributed_event_still_rejected) ... ok
test_unattributed_copy_does_not_select_an_archived_parent_source (c2_exact_retention_cases.RetentionTests.test_unattributed_copy_does_not_select_an_archived_parent_source) ... ok
test_visible_parent_not_duplicated (c2_exact_retention_cases.RetentionTests.test_visible_parent_not_duplicated) ... ok

----------------------------------------------------------------------
Ran 17 tests in 0.017s

OK
test_threshold_compaction_precedes_generation_and_preserves_raw_input (c2_legacy_test_orch_r125_continual_stream.StreamTests.test_threshold_compaction_precedes_generation_and_preserves_raw_input) ... ok
test_threshold_reuses_prior_child_distillation_not_later_failed_code (c2_legacy_test_orch_r125_continual_stream.StreamTests.test_threshold_reuses_prior_child_distillation_not_later_failed_code) ... ok
test_threshold_never_silently_drops_oversized_fresh_input (c2_legacy_test_orch_r125_continual_stream.StreamTests.test_threshold_never_silently_drops_oversized_fresh_input) ... ok
test_pinned_parent_is_verbatim_masked_once_across_compaction_eviction_and_restore (c2_legacy_test_orch_r124_train_history.TrainHistoryTest.test_pinned_parent_is_verbatim_masked_once_across_compaction_eviction_and_restore) ... ok
test_child_cannot_be_pinned_and_pins_cannot_be_silently_truncated (c2_legacy_test_orch_r124_train_history.TrainHistoryTest.test_child_cannot_be_pinned_and_pins_cannot_be_silently_truncated) ... ok

----------------------------------------------------------------------
Ran 5 tests in 0.015s

OK
test_before_model_source_adoption_same_saved_state_and_old_bytes (__main__.ExactSourceTests.test_before_model_source_adoption_same_saved_state_and_old_bytes) ... ok
test_exact_native_entry_seam_and_learned_not_frozen (__main__.ExactSourceTests.test_exact_native_entry_seam_and_learned_not_frozen) ... ok
test_explicit_full_audit_still_available (__main__.ExactSourceTests.test_explicit_full_audit_still_available) ... ok
test_new_INBOX_preserved (__main__.ExactSourceTests.test_new_INBOX_preserved) ... ok
test_no_duplicate_source_adoption (__main__.ExactSourceTests.test_no_duplicate_source_adoption) ... ok
test_old_native_alive_and_wall_reapply_refuse (__main__.ExactSourceTests.test_old_native_alive_and_wall_reapply_refuse) ... ok
test_old_r188_and_bridge_exact_pins (__main__.ExactSourceTests.test_old_r188_and_bridge_exact_pins) ... ok
test_original_mailbox_rewrite_refuses (__main__.ExactSourceTests.test_original_mailbox_rewrite_refuses) ... ok
test_pending_tail_cannot_adopt (__main__.ExactSourceTests.test_pending_tail_cannot_adopt) ... ok
test_prefix_request_response_bodies_not_replayed (__main__.ExactSourceTests.test_prefix_request_response_bodies_not_replayed) ... ok
test_readonly_probe_uses_same_scope_reader_no_writer_lock (__main__.ExactSourceTests.test_readonly_probe_uses_same_scope_reader_no_writer_lock) ... ok
test_retains_exclusive_writer_lock (__main__.ExactSourceTests.test_retains_exclusive_writer_lock) ... ok
test_source_tampering_refuses (__main__.ExactSourceTests.test_source_tampering_refuses) ... ok
test_wrong_LEARN_refuses (__main__.ExactSourceTests.test_wrong_LEARN_refuses) ... ok

----------------------------------------------------------------------
Ran 14 tests in 4.103s

OK
