test_exact_TRAIN_parent_receipt_required (test_collect_r175_node4_receipts.ReceiptTests.test_exact_TRAIN_parent_receipt_required) ... ok
test_incomplete_current_write_not_a_valid_snapshot (test_collect_r175_node4_receipts.ReceiptTests.test_incomplete_current_write_not_a_valid_snapshot) ... ok
test_live_H_or_observed_render_is_not_silently_overridden (test_collect_r175_node4_receipts.ReceiptTests.test_live_H_or_observed_render_is_not_silently_overridden) ... ok
test_no_render_inferred_from_publication (test_collect_r175_node4_receipts.ReceiptTests.test_no_render_inferred_from_publication) ... ok
test_withdrawal_supersedes_pending_not_historical_publication (test_collect_r175_node4_receipts.ReceiptTests.test_withdrawal_supersedes_pending_not_historical_publication) ... ok
test_wrong_withdrawal_receipt_never_overrides_a_publication (test_collect_r175_node4_receipts.ReceiptTests.test_wrong_withdrawal_receipt_never_overrides_a_publication) ... ok
test_campaign_retains_both_admission_identity_assertions (test_kernel5_rebind.Kernel5Tests.test_campaign_retains_both_admission_identity_assertions) ... ok
test_fixture_binding_changes_only_historical_target (test_kernel5_rebind.Kernel5Tests.test_fixture_binding_changes_only_historical_target) ... ok
test_non_target_tests_unchanged (test_kernel5_rebind.Kernel5Tests.test_non_target_tests_unchanged) ... ok
test_only_kernel_children_on_physical5_minor6 (test_kernel5_rebind.Kernel5Tests.test_only_kernel_children_on_physical5_minor6) ... ok
test_still_requires_real_fresh_admission (test_kernel5_rebind.Kernel5Tests.test_still_requires_real_fresh_admission) ... ok
test_strict_sandbox_denies_every_other_GPU_by_policy (test_kernel5_rebind.Kernel5Tests.test_strict_sandbox_denies_every_other_GPU_by_policy) ... ok
test_unknown_or_already_modified_source_refused (test_kernel5_rebind.Kernel5Tests.test_unknown_or_already_modified_source_refused) ... ok
test_changed_uid_or_executable_and_visibility_not_promoted (test_preflight_diagnostic.DiagnosticTests.test_changed_uid_or_executable_and_visibility_not_promoted) ... ok
test_missing_process_and_unrelated_reasons_preserved (test_preflight_diagnostic.DiagnosticTests.test_missing_process_and_unrelated_reasons_preserved) ... ok
test_original_all_fields_and_classification_unchanged (test_preflight_diagnostic.DiagnosticTests.test_original_all_fields_and_classification_unchanged) ... ok
test_too_few_samples_not_promoted (test_preflight_diagnostic.DiagnosticTests.test_too_few_samples_not_promoted) ... ok
test_corrective_recovery_and_fresh_stage_refused (test_r175_control_admission.AdmissionTests.test_corrective_recovery_and_fresh_stage_refused) ... ok
test_direct_corrective_call_stops_before_validator_or_provider (test_r175_control_admission.AdmissionTests.test_direct_corrective_call_stops_before_validator_or_provider) ... ok
test_generic_H_remains_available_for_separately_authorized_forks (test_r175_control_admission.AdmissionTests.test_generic_H_remains_available_for_separately_authorized_forks) ... ok
test_mismatched_CONFIG_cannot_hide_raw_root_behind_physical0 (test_r175_control_admission.AdmissionTests.test_mismatched_CONFIG_cannot_hide_raw_root_behind_physical0) ... ok
test_missing_or_changed_V2_never_falls_back_to_V1 (test_r175_control_admission.AdmissionTests.test_missing_or_changed_V2_never_falls_back_to_V1) ... ok
test_old_V1_CLI_actions_return_explicit_refusal (test_r175_control_admission.AdmissionTests.test_old_V1_CLI_actions_return_explicit_refusal) ... ok
test_old_V1_operator_restart_before_any_side_effect (test_r175_control_admission.AdmissionTests.test_old_V1_operator_restart_before_any_side_effect) ... ok
test_original_physical_refused_for_any_root (test_r175_control_admission.AdmissionTests.test_original_physical_refused_for_any_root) ... ok
test_original_root_refused_for_other_or_missing_physical (test_r175_control_admission.AdmissionTests.test_original_root_refused_for_other_or_missing_physical) ... ok
test_other_three_scopes_pass_exclusion_only (test_r175_control_admission.AdmissionTests.test_other_three_scopes_pass_exclusion_only) ... ok
test_publication_guard_denies_first_and_all_later_H_calls (test_r175_control_admission.AdmissionTests.test_publication_guard_denies_first_and_all_later_H_calls) ... ok
test_staging_descriptor_refuses_original_control_from_V1 (test_r175_control_admission.AdmissionTests.test_staging_descriptor_refuses_original_control_from_V1) ... ok
test_H_failed_attempt_without_intent_allows_next_boundary (test_r175_node4_errata.ErrataTests.test_H_failed_attempt_without_intent_allows_next_boundary) ... ok
test_H_prior_uncertain_intent_blocks_new_output (test_r175_node4_errata.ErrataTests.test_H_prior_uncertain_intent_blocks_new_output) ... ok
test_child_question_allowed_private_null (test_r175_node4_errata.ErrataTests.test_child_question_allowed_private_null) ... ok
test_clarification_preserves_original_prompt_payload_and_decision (test_r175_node4_errata.ErrataTests.test_clarification_preserves_original_prompt_payload_and_decision) ... ok
test_compatibility_does_not_relax_ID_validation (test_r175_node4_errata.ErrataTests.test_compatibility_does_not_relax_ID_validation) ... ok
test_continue_private_next_task_nonnull_rejected (test_r175_node4_errata.ErrataTests.test_continue_private_next_task_nonnull_rejected) ... ok
test_credit_ID_and_alias_counter_validator_unchanged (test_r175_node4_errata.ErrataTests.test_credit_ID_and_alias_counter_validator_unchanged) ... ok
test_exact_Main_errata_pin (test_r175_node4_errata.ErrataTests.test_exact_Main_errata_pin) ... ok
test_existing_uppercase_validator_unchanged (test_r175_node4_errata.ErrataTests.test_existing_uppercase_validator_unchanged) ... ok
test_one_authorized_same_source_correction_preserves_failure_clock (test_r175_node4_errata.ErrataTests.test_one_authorized_same_source_correction_preserves_failure_clock) ... ok
test_preserved_failed_attempt_reserves_126_without_modelcall (test_r175_node4_errata.ErrataTests.test_preserved_failed_attempt_reserves_126_without_modelcall) ... ok
test_H_has_no_predecessor_signal_target (test_r175_node4_operator.OperatorTests.test_H_has_no_predecessor_signal_target) ... ok
test_H_legacy_outputs_do_not_count_as_new_publications (test_r175_node4_operator.OperatorTests.test_H_legacy_outputs_do_not_count_as_new_publications) ... ok
test_H_no_shared_old_attempt_output_reuse (test_r175_node4_operator.OperatorTests.test_H_no_shared_old_attempt_output_reuse) ... ok
test_H_second_publication_attempt_is_forbidden_even_without_result (test_r175_node4_operator.OperatorTests.test_H_second_publication_attempt_is_forbidden_even_without_result) ... ok
test_actual_repo_resolution (test_r175_node4_operator.OperatorTests.test_actual_repo_resolution) ... ok
test_caps_applied_to_actual_child_message (test_r175_node4_operator.OperatorTests.test_caps_applied_to_actual_child_message) ... ok
test_changed_PID_start_UID_argv_never_accepted (test_r175_node4_operator.OperatorTests.test_changed_PID_start_UID_argv_never_accepted) ... ok
test_exact_Main_assignment (test_r175_node4_operator.OperatorTests.test_exact_Main_assignment) ... ok
test_invented_parent_or_other_slot_rejected (test_r175_node4_operator.OperatorTests.test_invented_parent_or_other_slot_rejected) ... ok
test_legacy_seed_preserves_publications_and_reservations (test_r175_node4_operator.OperatorTests.test_legacy_seed_preserves_publications_and_reservations) ... ok
test_never_signal_native (test_r175_node4_operator.OperatorTests.test_never_signal_native) ... ok
test_parent_only_withdrawal_is_three_then_one_completed_sleep (test_r175_node4_operator.OperatorTests.test_parent_only_withdrawal_is_three_then_one_completed_sleep) ... ok
test_raw3_English_guard_preserved (test_r175_node4_operator.OperatorTests.test_raw3_English_guard_preserved) ... ok
test_baseline_render_needs_following_committed_child (test_r178_forward_parent.ForwardTests.test_baseline_render_needs_following_committed_child) ... ok
test_exact_known_working_route (test_r178_forward_parent.ForwardTests.test_exact_known_working_route) ... ok
test_existing_Main_receipt_releases_only_new_B_entrypoint (test_r178_forward_parent.ForwardTests.test_existing_Main_receipt_releases_only_new_B_entrypoint) ... ok
test_missing_preservation_or_wrong_publication_fails (test_r178_forward_parent.ForwardTests.test_missing_preservation_or_wrong_publication_fails) ... ok
test_missing_v1_or_wrong_model_tools_refused (test_r178_forward_parent.ForwardTests.test_missing_v1_or_wrong_model_tools_refused) ... ok
test_no_provider_turn_before_baseline_render (test_r178_forward_parent.ForwardTests.test_no_provider_turn_before_baseline_render) ... ok
test_unknown_snapshot_never_dispatches (test_r178_forward_parent.ForwardTests.test_unknown_snapshot_never_dispatches) ... ok
test_wrong_hash_cannot_count_as_Main_baseline (test_r178_forward_parent.ForwardTests.test_wrong_hash_cannot_count_as_Main_baseline) ... ok
test_both_actual_variants_keep_every_noncache_method (test_r181_journal_delta.JournalDeltaTests.test_both_actual_variants_keep_every_noncache_method) ... ok
test_cache_methods_are_exact_Main_AST (test_r181_journal_delta.JournalDeltaTests.test_cache_methods_are_exact_Main_AST) ... ok
test_no_blind_canonical_overwrite_or_repatch (test_r181_journal_delta.JournalDeltaTests.test_no_blind_canonical_overwrite_or_repatch) ... ok
test_exact_helper_bytes_and_R179_preserved (test_r181_native_delta.DeltaTests.test_exact_helper_bytes_and_R179_preserved) ... ok
test_no_idempotent_repatch_of_immutable_successor (test_r181_native_delta.DeltaTests.test_no_idempotent_repatch_of_immutable_successor) ... ok
test_selection_precedes_target_encoding (test_r181_native_delta.DeltaTests.test_selection_precedes_target_encoding) ... ok
test_unknown_actual_seam_fails_without_overwriting (test_r181_native_delta.DeltaTests.test_unknown_actual_seam_fails_without_overwriting) ... ok
test_answers_missing_questions_and_baselines_rejected (test_r184_parent_forward.ForwardTests.test_answers_missing_questions_and_baselines_rejected) ... ok
test_assignments_cadence_and_raw_release_unchanged (test_r184_parent_forward.ForwardTests.test_assignments_cadence_and_raw_release_unchanged) ... ok
test_effort_both_ways_and_child_choice_prompt_only (test_r184_parent_forward.ForwardTests.test_effort_both_ways_and_child_choice_prompt_only) ... ok
test_silence_and_original_rejection_preserved (test_r184_parent_forward.ForwardTests.test_silence_and_original_rejection_preserved) ... ok
test_three_questions_only (test_r184_parent_forward.ForwardTests.test_three_questions_only) ... ok
test_three_sleep_withdrawal_preserves_original_exposure_clock (test_r184_parent_forward.ForwardTests.test_three_sleep_withdrawal_preserves_original_exposure_clock) ... ok
test_changed_arm_or_cadence_refused (test_stage_parent_inputs.StageTests.test_changed_arm_or_cadence_refused) ... ok
test_exact_assignment (test_stage_parent_inputs.StageTests.test_exact_assignment) ... ok
test_foreign_journal_and_duplicate_sleep_refused (test_stage_parent_inputs.StageTests.test_foreign_journal_and_duplicate_sleep_refused) ... ok
test_no_group_or_allocation_drift (test_stage_parent_inputs.StageTests.test_no_group_or_allocation_drift) ... ok
test_no_signal_provider_or_subprocess_surface (test_stage_parent_inputs.StageTests.test_no_signal_provider_or_subprocess_surface) ... ok
test_publication_without_render_never_starts_clock (test_stage_parent_inputs.StageTests.test_publication_without_render_never_starts_clock) ... ok
test_raw1_cannot_have_predecessor_parent (test_stage_parent_inputs.StageTests.test_raw1_cannot_have_predecessor_parent) ... ok
test_raw1_must_stop_parenting_after_baseline (test_stage_parent_inputs.StageTests.test_raw1_must_stop_parenting_after_baseline) ... ok
test_sleep_request_or_unverified_completion_is_not_progress (test_stage_parent_inputs.StageTests.test_sleep_request_or_unverified_completion_is_not_progress) ... ok
test_three_completions_anchored_to_render_not_publication_or_load (test_stage_parent_inputs.StageTests.test_three_completions_anchored_to_render_not_publication_or_load) ... ok
test_two_completions_are_not_three (test_stage_parent_inputs.StageTests.test_two_completions_are_not_three) ... ok
test_unbound_parent_exposure_never_starts_clock (test_stage_parent_inputs.StageTests.test_unbound_parent_exposure_never_starts_clock) ... ok
test_unknown_long_cap_and_cursor_cannot_be_executed (test_stage_parent_inputs.StageTests.test_unknown_long_cap_and_cursor_cannot_be_executed) ... ok
test_wrong_root_refused (test_stage_parent_inputs.StageTests.test_wrong_root_refused) ... ok
test_exact_raw1_preflight_only (test_trace_raw1_preflight.TraceTests.test_exact_raw1_preflight_only) ... ok
test_final_guard_scan_and_other_lives_unchanged (test_trace_raw1_preflight.TraceTests.test_final_guard_scan_and_other_lives_unchanged) ... ok

----------------------------------------------------------------------
Ran 90 tests in 1.141s

OK
