test_absent_default_and_explicit_version (tests.test_orch_r125_masked_causal_loss.ImplementationContractTests.test_absent_default_and_explicit_version) ... ok
test_default_retains_exact_model_loss_and_kwargs (tests.test_orch_r125_masked_causal_loss.ImplementationContractTests.test_default_retains_exact_model_loss_and_kwargs) ... ok
test_plan_rejects_unknown_loss_before_runtime_initialization (tests.test_orch_r125_masked_causal_loss.ImplementationContractTests.test_plan_rejects_unknown_loss_before_runtime_initialization) ... ok
test_unknown_versions_fail_before_model_forward (tests.test_orch_r125_masked_causal_loss.ImplementationContractTests.test_unknown_versions_fail_before_model_forward) ... ok
test_all_ignored_and_no_shifted_targets_retain_nan_zero_gradient (tests.test_orch_r125_masked_causal_loss.MaskedCausalLossTests.test_all_ignored_and_no_shifted_targets_retain_nan_zero_gradient) ... ok
test_cross_entropy_receives_only_selected_fp32_rows (tests.test_orch_r125_masked_causal_loss.MaskedCausalLossTests.test_cross_entropy_receives_only_selected_fp32_rows) ... ok
test_full_context_forward_gradients_and_rng_match (tests.test_orch_r125_masked_causal_loss.MaskedCausalLossTests.test_full_context_forward_gradients_and_rng_match) ... ok
test_global_token_mean_not_mean_of_unequal_sequence_means (tests.test_orch_r125_masked_causal_loss.MaskedCausalLossTests.test_global_token_mean_not_mean_of_unequal_sequence_means) ... ok
test_invalid_native_suffix_fails_before_forward (tests.test_orch_r125_masked_causal_loss.MaskedCausalLossTests.test_invalid_native_suffix_fails_before_forward) ... ok
test_invalid_target_dtype_and_indices_keep_ce_errors (tests.test_orch_r125_masked_causal_loss.MaskedCausalLossTests.test_invalid_target_dtype_and_indices_keep_ce_errors) ... ok
test_loss_and_gradient_unequal_prefixes_and_internal_masks (tests.test_orch_r125_masked_causal_loss.MaskedCausalLossTests.test_loss_and_gradient_unequal_prefixes_and_internal_masks) ... ok
test_native_sample_reuses_R145_window_with_full_input_and_mask (tests.test_orch_r125_masked_causal_loss.MaskedCausalLossTests.test_native_sample_reuses_R145_window_with_full_input_and_mask) ... ok
test_noncontiguous_inputs (tests.test_orch_r125_masked_causal_loss.MaskedCausalLossTests.test_noncontiguous_inputs) ... ok
test_rng_state_unchanged_by_loss (tests.test_orch_r125_masked_causal_loss.MaskedCausalLossTests.test_rng_state_unchanged_by_loss) ... ok
test_shift_uses_preceding_logit_and_masks_tail (tests.test_orch_r125_masked_causal_loss.MaskedCausalLossTests.test_shift_uses_preceding_logit_and_masks_tail) ... ok
test_unaligned_shapes_rejected (tests.test_orch_r125_masked_causal_loss.MaskedCausalLossTests.test_unaligned_shapes_rejected) ... ok
test_weighted_anchor_microbatches_optimizer_and_rng_match (tests.test_orch_r125_masked_causal_loss.MaskedCausalLossTests.test_weighted_anchor_microbatches_optimizer_and_rng_match) ... ok
test_full_context_suffix_loss_lora_gradients_and_rng (tests.test_orch_r125_masked_causal_loss_qwen_cpu.QwenMaskedCausalLossTests.test_full_context_suffix_loss_lora_gradients_and_rng) ... ok
test_comparison_changes_only_reflection_prompt (tests.test_orch_r184_think_act_learn.ThinkActLearnTests.test_comparison_changes_only_reflection_prompt) ... ok
test_continuity_prompt_incorporates_last_think_without_fixed_field_block (tests.test_orch_r184_think_act_learn.ThinkActLearnTests.test_continuity_prompt_incorporates_last_think_without_fixed_field_block) ... ok
test_continuity_sleep_never_cuts_think_and_review_has_no_extra_generation_pass (tests.test_orch_r184_think_act_learn.ThinkActLearnTests.test_continuity_sleep_never_cuts_think_and_review_has_no_extra_generation_pass) ... ok
test_evaluated_success_survives_compaction_sleep_restore_and_reduces_think_ceiling (tests.test_orch_r184_think_act_learn.ThinkActLearnTests.test_evaluated_success_survives_compaction_sleep_restore_and_reduces_think_ceiling) ... ok
test_exhausted_think_budget_logs_forced_action_once (tests.test_orch_r184_think_act_learn.ThinkActLearnTests.test_exhausted_think_budget_logs_forced_action_once) ... ok
test_exit_zero_without_task_evaluator_never_becomes_success (tests.test_orch_r184_think_act_learn.ThinkActLearnTests.test_exit_zero_without_task_evaluator_never_becomes_success) ... ok
test_export_failure_does_not_kill_life_or_replace_the_journal (tests.test_orch_r184_think_act_learn.ThinkActLearnTests.test_export_failure_does_not_kill_life_or_replace_the_journal) ... ok
test_failed_evaluator_is_unknown_and_not_retried (tests.test_orch_r184_think_act_learn.ThinkActLearnTests.test_failed_evaluator_is_unknown_and_not_retried) ... ok
test_first_class_dataset_keeps_state_context_and_real_failed_outcome (tests.test_orch_r184_think_act_learn.ThinkActLearnTests.test_first_class_dataset_keeps_state_context_and_real_failed_outcome) ... ok
test_larger_think_budget_allows_child_to_act_early (tests.test_orch_r184_think_act_learn.ThinkActLearnTests.test_larger_think_budget_allows_child_to_act_early) ... ok
test_next_cycle_starts_without_a_new_parent_instruction (tests.test_orch_r184_think_act_learn.ThinkActLearnTests.test_next_cycle_starts_without_a_new_parent_instruction) ... ok
test_optional_state_spans_are_exact_and_code_examples_are_ignored (tests.test_orch_r184_think_act_learn.ThinkActLearnTests.test_optional_state_spans_are_exact_and_code_examples_are_ignored) ... ok
test_outcome_policy_is_explicit_and_requires_declared_ceiling (tests.test_orch_r184_think_act_learn.ThinkActLearnTests.test_outcome_policy_is_explicit_and_requires_declared_ceiling) ... ok
test_readiness_does_not_invent_transition_from_negation_or_example (tests.test_orch_r184_think_act_learn.ThinkActLearnTests.test_readiness_does_not_invent_transition_from_negation_or_example) ... ok
test_reflection_archive_excludes_parent_text_and_act (tests.test_orch_r184_think_act_learn.ThinkActLearnTests.test_reflection_archive_excludes_parent_text_and_act) ... ok
test_sleep_notice_reports_actual_copy_presentations (tests.test_orch_r184_think_act_learn.ThinkActLearnTests.test_sleep_notice_reports_actual_copy_presentations) ... ok
test_state_overflow_is_reported_without_erasing_prior_state (tests.test_orch_r184_think_act_learn.ThinkActLearnTests.test_state_overflow_is_reported_without_erasing_prior_state) ... ok
test_think_act_learn_has_bound_origins_masked_notices_and_child_state (tests.test_orch_r184_think_act_learn.ThinkActLearnTests.test_think_act_learn_has_bound_origins_masked_notices_and_child_state) ... ok
test_think_code_is_not_executed_and_missing_readiness_is_forced (tests.test_orch_r184_think_act_learn.ThinkActLearnTests.test_think_code_is_not_executed_and_missing_readiness_is_forced) ... ok
test_thinking_can_continue_then_choose_action_without_parent (tests.test_orch_r184_think_act_learn.ThinkActLearnTests.test_thinking_can_continue_then_choose_action_without_parent) ... ok
test_unknown_tool_outcome_is_kept_and_never_retried (tests.test_orch_r184_think_act_learn.ThinkActLearnTests.test_unknown_tool_outcome_is_kept_and_never_retried) ... ok
test_working_state_is_preserved_through_compaction_and_actual_sleep_checkpoint (tests.test_orch_r184_think_act_learn.ThinkActLearnTests.test_working_state_is_preserved_through_compaction_and_actual_sleep_checkpoint) ... ok

----------------------------------------------------------------------
Ran 40 tests in 3.451s

OK
