Traceback (most recent call last):
  File "<string>", line 17, in <module>
  File "/localhome/local-rohing/orch_r153_r193_C2_masked_ce_20260917_phase1/source/gpu/orch_r125_continual_native.py", line 585, in prepare_wall_extension
    authorization = validate_wall_extension(plan.get('authorized_wall_extension'))
                    ^^^^^^^^^^^^^^^^^^^^^^^^^^^^^^^^^^^^^^^^^^^^^^^^^^^^^^^^^^^^^^
  File "/localhome/local-rohing/orch_r153_r193_C2_masked_ce_20260917_phase1/source/gpu/orch_r125_stream_journal.py", line 72, in validate_wall_extension
    require(type(authorization) is dict and set(authorization) == {
  File "/localhome/local-rohing/orch_r153_r193_C2_masked_ce_20260917_phase1/source/gpu/orch_r125_stream_journal.py", line 46, in require
    raise ValueError(reason)
ValueError: exact_wall_extension_authorization
Traceback (most recent call last):
  File "/localhome/local-rohing/orch_r153_r193_C2_masked_ce_20260917_phase1/memory_handoff.py", line 282, in <module>
    stage() if arguments.action == 'stage' else execute()
                                                ^^^^^^^^^
  File "/localhome/local-rohing/orch_r153_r193_C2_masked_ce_20260917_phase1/memory_handoff.py", line 221, in execute
    proof = saved.boundary_cpu(control / 'PLAN.json', NEW / 'BOUNDARY.json')
            ^^^^^^^^^^^^^^^^^^^^^^^^^^^^^^^^^^^^^^^^^^^^^^^^^^^^^^^^^^^^^^^^
  File "/localhome/local-rohing/orch_r153_r193_C2_masked_ce_20260917_phase1/saved_primitives.py", line 327, in boundary_cpu
    return json.loads(subprocess.check_output([str(PYTHON), '-B', '-c', code, str(plan_path), str(boundary_path)],
                      ^^^^^^^^^^^^^^^^^^^^^^^^^^^^^^^^^^^^^^^^^^^^^^^^^^^^^^^^^^^^^^^^^^^^^^^^^^^^^^^^^^^^^^^^^^^^
  File "/usr/lib/python3.12/subprocess.py", line 466, in check_output
    return run(*popenargs, stdout=PIPE, timeout=timeout, check=True,
           ^^^^^^^^^^^^^^^^^^^^^^^^^^^^^^^^^^^^^^^^^^^^^^^^^^^^^^^^^
  File "/usr/lib/python3.12/subprocess.py", line 571, in run
    raise CalledProcessError(retcode, process.args,
subprocess.CalledProcessError: Command '['/localhome/local-rohing/v2/venv/bin/python', '-B', '-c', "import json,sys,random\nfrom pathlib import Path\nfrom gpu import orch_r125_continual_native as native\nimport torch\nplan=native.read(sys.argv[1]); boundary=native.read(sys.argv[2])\nenvelope=boundary['record']['document']['resume_state']\nstream=native.ContinualStream.restore(envelope,expected_sha256=envelope['sha256'])\ncommit_path=Path(plan['root'])/'checkpoints'/('sleep_%06d'%boundary['cycle'])/'COMMIT.json'\ncheckpoint=native.read(commit_path)\nnative.require(checkpoint==boundary['record']['document']['checkpoint'],'record_checkpoint_exact')\nnative.NativeChild.verify_checkpoint(checkpoint)\nnative.require(native.digest(checkpoint['checkpoint_sha256'])==stream.model_state_sha256,'model_history_RNG_binding')\npayload=torch.load(checkpoint['optimizer_rng_path'],map_location='cpu',weights_only=False)\nnative.require(payload['optimizer_steps']==checkpoint['optimizer_steps']>0 and payload['optimizer']['state'] and payload['optimizer']['param_groups'] and payload['parameter_names'],'full_AdamW_not_reset')\nnative.require(len(payload['cuda_rng'])==1 and payload['cuda_rng'][0].device.type=='cpu','saved_single_device_RNG')\ntorch.Generator(device='cpu').set_state(payload['cpu_rng']); random.Random().setstate(payload['python_rng'])\nextension=native.prepare_wall_extension(plan,stream,resume=True,plan_sha256=native.sha(sys.argv[1]))\nnative.require(not torch.cuda.is_initialized(),'CPU_only_validation')\nprint(json.dumps(dict(checkpoint_path=str(commit_path),checkpoint_sha256=native.sha(commit_path),optimizer_steps=checkpoint['optimizer_steps'],adapter_state_sha256=checkpoint['adapter_state_sha256'],bundle_sha256=checkpoint['checkpoint_sha256'],wall_record=extension)))\n", '/localhome/local-rohing/orch_r153_r193_C2_masked_ce_20260917_phase1/control/PLAN.json', '/localhome/local-rohing/orch_r153_r193_C2_masked_ce_20260917_phase1/BOUNDARY.json']' returned non-zero exit status 1.
