test_comparison_changes_only_reflection_prompt (tests.test_orch_r184_think_act_learn.ThinkActLearnTests.test_comparison_changes_only_reflection_prompt) ... ok
test_continuity_prompt_incorporates_last_think_without_fixed_field_block (tests.test_orch_r184_think_act_learn.ThinkActLearnTests.test_continuity_prompt_incorporates_last_think_without_fixed_field_block) ... ok
test_continuity_sleep_never_cuts_think_and_review_has_no_extra_generation_pass (tests.test_orch_r184_think_act_learn.ThinkActLearnTests.test_continuity_sleep_never_cuts_think_and_review_has_no_extra_generation_pass) ... ok
test_evaluated_success_survives_compaction_sleep_restore_and_reduces_think_ceiling (tests.test_orch_r184_think_act_learn.ThinkActLearnTests.test_evaluated_success_survives_compaction_sleep_restore_and_reduces_think_ceiling) ... ok
test_exhausted_think_budget_logs_forced_action_once (tests.test_orch_r184_think_act_learn.ThinkActLearnTests.test_exhausted_think_budget_logs_forced_action_once) ... ok
test_exit_zero_without_task_evaluator_never_becomes_success (tests.test_orch_r184_think_act_learn.ThinkActLearnTests.test_exit_zero_without_task_evaluator_never_becomes_success) ... ok
test_failed_evaluator_is_unknown_and_not_retried (tests.test_orch_r184_think_act_learn.ThinkActLearnTests.test_failed_evaluator_is_unknown_and_not_retried) ... ok
test_larger_think_budget_allows_child_to_act_early (tests.test_orch_r184_think_act_learn.ThinkActLearnTests.test_larger_think_budget_allows_child_to_act_early) ... ok
test_next_cycle_starts_without_a_new_parent_instruction (tests.test_orch_r184_think_act_learn.ThinkActLearnTests.test_next_cycle_starts_without_a_new_parent_instruction) ... ok
test_optional_state_spans_are_exact_and_code_examples_are_ignored (tests.test_orch_r184_think_act_learn.ThinkActLearnTests.test_optional_state_spans_are_exact_and_code_examples_are_ignored) ... ok
test_outcome_policy_is_explicit_and_requires_declared_ceiling (tests.test_orch_r184_think_act_learn.ThinkActLearnTests.test_outcome_policy_is_explicit_and_requires_declared_ceiling) ... ok
test_readiness_does_not_invent_transition_from_negation_or_example (tests.test_orch_r184_think_act_learn.ThinkActLearnTests.test_readiness_does_not_invent_transition_from_negation_or_example) ... ok
test_reflection_archive_excludes_parent_text_and_act (tests.test_orch_r184_think_act_learn.ThinkActLearnTests.test_reflection_archive_excludes_parent_text_and_act) ... ok
test_sleep_notice_reports_actual_copy_presentations (tests.test_orch_r184_think_act_learn.ThinkActLearnTests.test_sleep_notice_reports_actual_copy_presentations) ... ok
test_state_overflow_is_reported_without_erasing_prior_state (tests.test_orch_r184_think_act_learn.ThinkActLearnTests.test_state_overflow_is_reported_without_erasing_prior_state) ... ok
test_think_act_learn_has_bound_origins_masked_notices_and_child_state (tests.test_orch_r184_think_act_learn.ThinkActLearnTests.test_think_act_learn_has_bound_origins_masked_notices_and_child_state) ... ok
test_think_code_is_not_executed_and_missing_readiness_is_forced (tests.test_orch_r184_think_act_learn.ThinkActLearnTests.test_think_code_is_not_executed_and_missing_readiness_is_forced) ... ok
test_thinking_can_continue_then_choose_action_without_parent (tests.test_orch_r184_think_act_learn.ThinkActLearnTests.test_thinking_can_continue_then_choose_action_without_parent) ... ok
test_unknown_tool_outcome_is_kept_and_never_retried (tests.test_orch_r184_think_act_learn.ThinkActLearnTests.test_unknown_tool_outcome_is_kept_and_never_retried) ... ok
test_working_state_is_preserved_through_compaction_and_actual_sleep_checkpoint (tests.test_orch_r184_think_act_learn.ThinkActLearnTests.test_working_state_is_preserved_through_compaction_and_actual_sleep_checkpoint) ... ok

----------------------------------------------------------------------
Ran 20 tests in 0.628s

OK
