[00:53:00] lens perception_affect: 44909 chars
[00:53:00] lens learnability: 23194 chars
[00:53:00] lens modes: 60428 chars
[00:53:00] lens constituents: 54868 chars
[00:55:03]   ok 123s in=5932 out=4997 chars=20871
[00:55:20]   ok 140s in=13897 out=6099 chars=30858
[00:55:31]   ok 151s in=10155 out=6376 chars=28028
[00:56:09]   ok 189s in=13270 out=8288 chars=40721
[00:56:09] synthesis part 2/2: 123888 chars
[00:56:09] synthesis part 1/2: 123674 chars
[00:58:20]   ok 131s in=23742 out=6101 chars=29495
[00:58:50]   ok 161s in=23786 out=7464 chars=35075
[00:58:50] critic developmentalist: 67492 chars
[00:58:50] critic ml_reviewer: 67333 chars
[01:00:30]   ok 100s in=12984 out=4505 chars=21502
[01:00:46]   ok 116s in=13011 out=5390 chars=26229
[01:00:46] fix part 1/2: 114948 chars
[01:00:46] fix part 2/2: 114978 chars
[01:03:13]   ok 147s in=21871 out=7779 chars=42233
[01:03:33]   ok 167s in=21876 out=8196 chars=40737
[01:03:33] DONE -> /Users/rohing/dream-state/research_notes/astra_memos/2026-09-11_q8_parenting_constituents.md (82972 chars)
