test_all_seven_denials_and_target_open (test_slot_policy.SlotPolicyTests.test_all_seven_denials_and_target_open) ... ok
test_blocked_scan_preserves_entire_report (test_slot_policy.SlotPolicyTests.test_blocked_scan_preserves_entire_report) ... ok
test_cli_options_follow_action_and_owner_arguments_are_verbatim (test_slot_policy.SlotPolicyTests.test_cli_options_follow_action_and_owner_arguments_are_verbatim) ... {"config": "/tmp/config.json", "attempt": "/localhome/local-rohing/orch_r177_strict_slots_20260917_v1/attempts/synthetic", "action": "prepare"}
ok
test_every_other_slot_and_bool_rejected (test_slot_policy.SlotPolicyTests.test_every_other_slot_and_bool_rejected) ... ok
test_exact_bindings_rejected_if_changed (test_slot_policy.SlotPolicyTests.test_exact_bindings_rejected_if_changed) ... ok
test_foreign_open_is_fatal (test_slot_policy.SlotPolicyTests.test_foreign_open_is_fatal) ... ok
test_inherited_gpu_fd_is_fatal (test_slot_policy.SlotPolicyTests.test_inherited_gpu_fd_is_fatal) ... ok
test_launch_command_not_shell_or_other_owner (test_slot_policy.SlotPolicyTests.test_launch_command_not_shell_or_other_owner) ... ok
test_missing_foreign_device_is_not_a_denial (test_slot_policy.SlotPolicyTests.test_missing_foreign_device_is_not_a_denial) ... ok
test_original_scan_must_be_clear_no_filtering (test_slot_policy.SlotPolicyTests.test_original_scan_must_be_clear_no_filtering) ... ok
test_policy_contains_only_selected_minor (test_slot_policy.SlotPolicyTests.test_policy_contains_only_selected_minor) ... ok
test_reference_immutable_and_write_once (test_slot_policy.SlotPolicyTests.test_reference_immutable_and_write_once) ... ok
test_scan_error_preserved_no_retry (test_slot_policy.SlotPolicyTests.test_scan_error_preserved_no_retry) ... ok
test_service_time_expired (test_slot_policy.SlotPolicyTests.test_service_time_expired) ... ok
test_source_inventory_add_change_remove (test_slot_policy.SlotPolicyTests.test_source_inventory_add_change_remove) ... ok
test_symlink_and_parent_paths_rejected (test_slot_policy.SlotPolicyTests.test_symlink_and_parent_paths_rejected) ... ok
test_two_exact_slots (test_slot_policy.SlotPolicyTests.test_two_exact_slots) ... ok
test_wrong_cvd_and_identity_are_fatal (test_slot_policy.SlotPolicyTests.test_wrong_cvd_and_identity_are_fatal) ... ok

----------------------------------------------------------------------
Ran 18 tests in 0.021s

OK
