test_actual_forward_inputs_require_both_full_rows_and_exact_masks (test_astra_rulegame_process_write_20260912.BridgeTests.test_actual_forward_inputs_require_both_full_rows_and_exact_masks) ... ok
test_base_pins_changed_before_fit_never_load_model (test_astra_rulegame_process_write_20260912.BridgeTests.test_base_pins_changed_before_fit_never_load_model) ... ok
test_candidate_file_and_completion_receipt_pinned_at_write (test_astra_rulegame_process_write_20260912.BridgeTests.test_candidate_file_and_completion_receipt_pinned_at_write) ... ok
test_changed_corpus_model_and_audit_rejected_before_fits (test_astra_rulegame_process_write_20260912.BridgeTests.test_changed_corpus_model_and_audit_rejected_before_fits) ... ok
test_changed_recipe_even_rehashed_is_not_allowed (test_astra_rulegame_process_write_20260912.BridgeTests.test_changed_recipe_even_rehashed_is_not_allowed) ... ok
test_collator_position_segment_and_causal_mask_fail_closed (test_astra_rulegame_process_write_20260912.BridgeTests.test_collator_position_segment_and_causal_mask_fail_closed) ... ok
test_export_api_never_implicit_v1_and_manifest_is_pinned (test_astra_rulegame_process_write_20260912.BridgeTests.test_export_api_never_implicit_v1_and_manifest_is_pinned) ... ok
test_export_failure_preserves_evidence_and_forbids_retry (test_astra_rulegame_process_write_20260912.BridgeTests.test_export_failure_preserves_evidence_and_forbids_retry) ... ok
test_first_fit_failure_preserves_partial_and_never_starts_A (test_astra_rulegame_process_write_20260912.BridgeTests.test_first_fit_failure_preserves_partial_and_never_starts_A) ... ok
test_forged_update_count_is_rejected_before_second_fit (test_astra_rulegame_process_write_20260912.BridgeTests.test_forged_update_count_is_rejected_before_second_fit) ... ok
test_frozen_driver_hash_and_wrong_interpreter_fail_closed (test_astra_rulegame_process_write_20260912.BridgeTests.test_frozen_driver_hash_and_wrong_interpreter_fail_closed) ... ok
test_full_tokens_rejects_record_P0_v1_extra_target_and_target_EOS (test_astra_rulegame_process_write_20260912.BridgeTests.test_full_tokens_rejects_record_P0_v1_extra_target_and_target_EOS) ... ok
test_gpu_opt_in_before_any_launch_or_model_and_worker_not_direct (test_astra_rulegame_process_write_20260912.BridgeTests.test_gpu_opt_in_before_any_launch_or_model_and_worker_not_direct) ... ok
test_manifest_tokens_drops_packing_and_saved_config_are_validated (test_astra_rulegame_process_write_20260912.BridgeTests.test_manifest_tokens_drops_packing_and_saved_config_are_validated) ... ok
test_missing_wrong_stale_or_partial_candidate_never_reselected (test_astra_rulegame_process_write_20260912.BridgeTests.test_missing_wrong_stale_or_partial_candidate_never_reselected) ... ok
test_native_review_requires_exact_context_target_ids_and_order (test_astra_rulegame_process_write_20260912.BridgeTests.test_native_review_requires_exact_context_target_ids_and_order) ... ok
test_native_source_tokenizer_mismatch_blocks_prepare (test_astra_rulegame_process_write_20260912.BridgeTests.test_native_source_tokenizer_mismatch_blocks_prepare) ... ok
test_no_launch_without_actual_supervisor_ownership (test_astra_rulegame_process_write_20260912.BridgeTests.test_no_launch_without_actual_supervisor_ownership) ... ok
test_pair_partial_source_and_token_joins_fail_before_output (test_astra_rulegame_process_write_20260912.BridgeTests.test_pair_partial_source_and_token_joins_fail_before_output) ... ok
test_parent_death_and_worker_expiry_kill_only_owned_group (test_astra_rulegame_process_write_20260912.BridgeTests.test_parent_death_and_worker_expiry_kill_only_owned_group) ... ok
test_path_freshness_and_six_hour_margin (test_astra_rulegame_process_write_20260912.BridgeTests.test_path_freshness_and_six_hour_margin) ... ok
test_prepare_preserves_virtualenv_interpreter_symlink (test_astra_rulegame_process_write_20260912.BridgeTests.test_prepare_preserves_virtualenv_interpreter_symlink) ... ok
test_prior_adapter_cannot_change_in_second_worker (test_astra_rulegame_process_write_20260912.BridgeTests.test_prior_adapter_cannot_change_in_second_worker) ... ok
test_process_protocol_and_required_review_negative_cases (test_astra_rulegame_process_write_20260912.BridgeTests.test_process_protocol_and_required_review_negative_cases) ... ok
test_saved_weight_bytes_and_adapter_identity_bound (test_astra_rulegame_process_write_20260912.BridgeTests.test_saved_weight_bytes_and_adapter_identity_bound) ... ok
test_second_fit_failure_preserves_first_no_retry_or_readout (test_astra_rulegame_process_write_20260912.BridgeTests.test_second_fit_failure_preserves_first_no_retry_or_readout) ... ok
test_tampered_actual_forward_exposure_fails_fit_validation (test_astra_rulegame_process_write_20260912.BridgeTests.test_tampered_actual_forward_exposure_fails_fit_validation) ... ok
test_token_exposure_naturally_unequal_no_synthetic_target_padding (test_astra_rulegame_process_write_20260912.BridgeTests.test_token_exposure_naturally_unequal_no_synthetic_target_padding) ... ok
test_two_fresh_fits_exact_recipe_raw_tokens_and_no_readout (test_astra_rulegame_process_write_20260912.BridgeTests.test_two_fresh_fits_exact_recipe_raw_tokens_and_no_readout) ... ok
test_unverified_cleanup_prevents_second_fit (test_astra_rulegame_process_write_20260912.BridgeTests.test_unverified_cleanup_prevents_second_fit) ... ok
test_v1_shortage_preserved_v2_alias_and_wrong_predictions_unchanged (test_astra_rulegame_process_write_20260912.BridgeTests.test_v1_shortage_preserved_v2_alias_and_wrong_predictions_unchanged) ... ok
test_watchdog_reserves_cleanup_and_rejects_expired_window (test_astra_rulegame_process_write_20260912.BridgeTests.test_watchdog_reserves_cleanup_and_rejects_expired_window) ... ok
test_worker_native_tokenizer_mismatch_prevents_fit (test_astra_rulegame_process_write_20260912.BridgeTests.test_worker_native_tokenizer_mismatch_prevents_fit) ... ok
test_worker_token_ids_and_trainable_base_fail_closed (test_astra_rulegame_process_write_20260912.BridgeTests.test_worker_token_ids_and_trainable_base_fail_closed) ... ok
test_wrong_source_base_stage_and_missing_pair_fail_before_output (test_astra_rulegame_process_write_20260912.BridgeTests.test_wrong_source_base_stage_and_missing_pair_fail_before_output) ... ok

----------------------------------------------------------------------
Ran 35 tests in 37.844s

OK
