test_all_16_mismatch_traces_eight_reached_eight_unresolved (tests.test_composition_birth_stage2a_birth.BirthConstructionTests.test_all_16_mismatch_traces_eight_reached_eight_unresolved) ... ok
test_all_64_descriptors_factorial_and_recovery_bijection (tests.test_composition_birth_stage2a_birth.BirthConstructionTests.test_all_64_descriptors_factorial_and_recovery_bijection) ... ok
test_all_expected_trace_turns_replay_in_existing_session (tests.test_composition_birth_stage2a_birth.BirthConstructionTests.test_all_expected_trace_turns_replay_in_existing_session) ... ok
test_all_relation_pairs_exact_two_for_leaf_differences_and_fixed_world (tests.test_composition_birth_stage2a_birth.BirthConstructionTests.test_all_relation_pairs_exact_two_for_leaf_differences_and_fixed_world) ... ok
test_directories_recovery_counts_wrong_at_and_no_extra_edges (tests.test_composition_birth_stage2a_birth.BirthConstructionTests.test_directories_recovery_counts_wrong_at_and_no_extra_edges) ... ok
test_each_supported_case_independent_four_target_oracle (tests.test_composition_birth_stage2a_birth.BirthConstructionTests.test_each_supported_case_independent_four_target_oracle) ... ok
test_exact_binding_and_closed_science_flags (tests.test_composition_birth_stage2a_birth.BirthConstructionTests.test_exact_binding_and_closed_science_flags) ... ok
test_exact_role_failures_before_any_store_output (tests.test_composition_birth_stage2a_birth.BirthConstructionTests.test_exact_role_failures_before_any_store_output) ... ok
test_goal_switch_store_world_identity_only_task_goal_changes (tests.test_composition_birth_stage2a_birth.BirthConstructionTests.test_goal_switch_store_world_identity_only_task_goal_changes) ... ok
test_immutable_snapshot_and_source_only_metadata (tests.test_composition_birth_stage2a_birth.BirthConstructionTests.test_immutable_snapshot_and_source_only_metadata) ... ok
test_independent_role_expansion_exact_all_v3_hashes (tests.test_composition_birth_stage2a_birth.BirthConstructionTests.test_independent_role_expansion_exact_all_v3_hashes) ... ok
test_mismatch_owners_v4_terminal_split_and_no_corrective_keep (tests.test_composition_birth_stage2a_birth.BirthConstructionTests.test_mismatch_owners_v4_terminal_split_and_no_corrective_keep) ... ok
test_missing_or_cross_owned_recovery_response_is_rejected (tests.test_composition_birth_stage2a_birth.BirthConstructionTests.test_missing_or_cross_owned_recovery_response_is_rejected) ... ok
test_nonbirth_and_malformed_inputs_fail_closed (tests.test_composition_birth_stage2a_birth.BirthConstructionTests.test_nonbirth_and_malformed_inputs_fail_closed) ... ok
test_ordinary_worlds_match_editstopped_builders_exactly (tests.test_composition_birth_stage2a_birth.BirthConstructionTests.test_ordinary_worlds_match_editstopped_builders_exactly) ... ok
test_recovery_matched_directory_orders (tests.test_composition_birth_stage2a_birth.BirthConstructionTests.test_recovery_matched_directory_orders) ... ok
test_relation_mismatch_shared_failed_trace_and_off_trace_recovery_m1 (tests.test_composition_birth_stage2a_birth.BirthConstructionTests.test_relation_mismatch_shared_failed_trace_and_off_trace_recovery_m1) ... ok
test_strict_miss_and_irrelevant_public_proof (tests.test_composition_birth_stage2a_birth.BirthConstructionTests.test_strict_miss_and_irrelevant_public_proof) ... ok
test_total_birth_registry_and_world_cardinalities (tests.test_composition_birth_stage2a_birth.BirthConstructionTests.test_total_birth_registry_and_world_cardinalities) ... ok
test_v4_every_current_state_corrective_row_preserves_own_for_terminal_class (tests.test_composition_birth_stage2a_birth.BirthConstructionTests.test_v4_every_current_state_corrective_row_preserves_own_for_terminal_class) ... ok
test_validation_rejects_matching_field_prediction_and_edge_mutations (tests.test_composition_birth_stage2a_birth.BirthConstructionTests.test_validation_rejects_matching_field_prediction_and_edge_mutations) ... ok
test_validation_rejects_target_trace_task_and_descriptor_mutations (tests.test_composition_birth_stage2a_birth.BirthConstructionTests.test_validation_rejects_target_trace_task_and_descriptor_mutations) ... ok
test_atom_exact_role_counts_and_action_slices (tests.test_composition_birth_stage2a_targets.PairedTargetTests.test_atom_exact_role_counts_and_action_slices) ... ok
test_both_arms_latest_public_state_agrees_at_every_boundary (tests.test_composition_birth_stage2a_targets.PairedTargetTests.test_both_arms_latest_public_state_agrees_at_every_boundary) ... ok
test_clarification_pin_and_partial_science_status (tests.test_composition_birth_stage2a_targets.PairedTargetTests.test_clarification_pin_and_partial_science_status) ... ok
test_closed_is_exact_complete_prior_trace (tests.test_composition_birth_stage2a_targets.PairedTargetTests.test_closed_is_exact_complete_prior_trace) ... ok
test_exact_render_rejects_target_state_future_and_mask_metadata_mutations (tests.test_composition_birth_stage2a_targets.PairedTargetTests.test_exact_render_rejects_target_state_future_and_mask_metadata_mutations) ... ok
test_mismatch_prospect_uses_surprise_not_initial_or_predicted_state (tests.test_composition_birth_stage2a_targets.PairedTargetTests.test_mismatch_prospect_uses_surprise_not_initial_or_predicted_state) ... ok
test_read_check_does_not_include_corrective_directory_or_query (tests.test_composition_birth_stage2a_targets.PairedTargetTests.test_read_check_does_not_include_corrective_directory_or_query) ... ok
test_shared_unit_exact_target_and_mask_specification_only (tests.test_composition_birth_stage2a_targets.PairedTargetTests.test_shared_unit_exact_target_and_mask_specification_only) ... ok
test_bound_outputs_are_immutable (tests.test_composition_birth_stage2a_curriculum.BirthCurriculumTests.test_bound_outputs_are_immutable) ... ok
test_complete_case_target_and_update_chain (tests.test_composition_birth_stage2a_curriculum.BirthCurriculumTests.test_complete_case_target_and_update_chain) ... ok
test_complete_roster_and_early_collision_rejection (tests.test_composition_birth_stage2a_curriculum.BirthCurriculumTests.test_complete_roster_and_early_collision_rejection) ... ok
test_prefix_residuals_are_reported_not_padded_away (tests.test_composition_birth_stage2a_curriculum.BirthCurriculumTests.test_prefix_residuals_are_reported_not_padded_away) ... ok
test_shared_master_and_targets_no_model_measurements (tests.test_composition_birth_stage2a_curriculum.BirthCurriculumTests.test_shared_master_and_targets_no_model_measurements) ... ok
test_all_32_intervention_pins_bounded_and_exact_remainder (tests.test_composition_birth_stage2a_held.HeldConstructionTests.test_all_32_intervention_pins_bounded_and_exact_remainder) ... ok
test_all_targets_from_public_causal_prefix (tests.test_composition_birth_stage2a_held.HeldConstructionTests.test_all_targets_from_public_causal_prefix) ... ok
test_allowlists_exact_independent_leaf_diff (tests.test_composition_birth_stage2a_held.HeldConstructionTests.test_allowlists_exact_independent_leaf_diff) ... ok
test_chain_all_v4_scored_slots_and_start_hub_directory_positions (tests.test_composition_birth_stage2a_held.HeldConstructionTests.test_chain_all_v4_scored_slots_and_start_hub_directory_positions) ... ok
test_chain_only_scored_first_hops_mismatch_and_exact_recovery_owners (tests.test_composition_birth_stage2a_held.HeldConstructionTests.test_chain_only_scored_first_hops_mismatch_and_exact_recovery_owners) ... ok
test_chain_witness_two_legal_steps_strata_and_exact_terminal_stop (tests.test_composition_birth_stage2a_held.HeldConstructionTests.test_chain_witness_two_legal_steps_strata_and_exact_terminal_stop) ... ok
test_chain_witnesses_replay_through_stable_scalar_session (tests.test_composition_birth_stage2a_held.HeldConstructionTests.test_chain_witnesses_replay_through_stable_scalar_session) ... ok
test_check_typed_effective_transition_receipt_without_base_mutation (tests.test_composition_birth_stage2a_held.HeldConstructionTests.test_check_typed_effective_transition_receipt_without_base_mutation) ... ok
test_diff_structure_escaping_and_required_not_subset (tests.test_composition_birth_stage2a_held.HeldConstructionTests.test_diff_structure_escaping_and_required_not_subset) ... ok
test_directory_conflicts_fail_without_remainder_repair (tests.test_composition_birth_stage2a_held.HeldConstructionTests.test_directory_conflicts_fail_without_remainder_repair) ... ok
test_exact_panel_order_counts_and_complete_registries (tests.test_composition_birth_stage2a_held.HeldConstructionTests.test_exact_panel_order_counts_and_complete_registries) ... ok
test_expected_chains_equal_stable_ordinary_worlds (tests.test_composition_birth_stage2a_held.HeldConstructionTests.test_expected_chains_equal_stable_ordinary_worlds) ... ok
test_fail_closed_explicit_per_world_tokens_and_no_master_argument (tests.test_composition_birth_stage2a_held.HeldConstructionTests.test_fail_closed_explicit_per_world_tokens_and_no_master_argument) ... ok
test_intervention_designated_and_all_filler_rows (tests.test_composition_birth_stage2a_held.HeldConstructionTests.test_intervention_designated_and_all_filler_rows) ... ok
test_nested_immutability_and_input_isolation (tests.test_composition_birth_stage2a_held.HeldConstructionTests.test_nested_immutability_and_input_isolation) ... ok
test_panel_requires_exact_coverage_and_cross_world_disjoint_tokens (tests.test_composition_birth_stage2a_held.HeldConstructionTests.test_panel_requires_exact_coverage_and_cross_world_disjoint_tokens) ... ok
test_prospect_only_two_for_fields_change_with_fixed_ids_destinations (tests.test_composition_birth_stage2a_held.HeldConstructionTests.test_prospect_only_two_for_fields_change_with_fixed_ids_destinations) ... ok
test_public_projection_excludes_evaluator_and_has_no_forced_chain_actions (tests.test_composition_birth_stage2a_held.HeldConstructionTests.test_public_projection_excludes_evaluator_and_has_no_forced_chain_actions) ... ok
test_scalar_legality_and_no_outcome_override_outside_check (tests.test_composition_birth_stage2a_held.HeldConstructionTests.test_scalar_legality_and_no_outcome_override_outside_check) ... ok
test_seek_complete_shared_service_and_distinct_query_targets (tests.test_composition_birth_stage2a_held.HeldConstructionTests.test_seek_complete_shared_service_and_distinct_query_targets) ... ok
test_source_pins_and_closed_gates (tests.test_composition_birth_stage2a_held.HeldConstructionTests.test_source_pins_and_closed_gates) ... ok
test_exact_published_bytes_schema_and_hash (tests.test_composition_birth_stage2a_scanner.CertificateTests.test_exact_published_bytes_schema_and_hash) ... ok
test_exact_single_ordered_marker_pair (tests.test_composition_birth_stage2a_scanner.CertificateTests.test_exact_single_ordered_marker_pair) ... ok
test_no_domain_inventory_or_live_tiny_proof_claim (tests.test_composition_birth_stage2a_scanner.CertificateTests.test_no_domain_inventory_or_live_tiny_proof_claim) ... ok
test_reject_self_asserted_schema_issuer_claims_and_tiny_hash (tests.test_composition_birth_stage2a_scanner.CertificateTests.test_reject_self_asserted_schema_issuer_claims_and_tiny_hash) ... ok
test_separation_atoms_lines_ids_and_empty_lines_independently (tests.test_composition_birth_stage2a_scanner.CertificateTests.test_separation_atoms_lines_ids_and_empty_lines_independently) ... ok
test_symbolic_language_intersection_no_instances (tests.test_composition_birth_stage2a_scanner.CertificateTests.test_symbolic_language_intersection_no_instances) ... ok
test_unicode_wrapper_is_not_material_or_payload (tests.test_composition_birth_stage2a_scanner.CertificateTests.test_unicode_wrapper_is_not_material_or_payload) ... ok
test_allowed_occurrence_does_not_exempt_same_id_elsewhere (tests.test_composition_birth_stage2a_scanner.ForwardScannerTests.test_allowed_occurrence_does_not_exempt_same_id_elsewhere) ... ok
test_bounded_hits_leaves_nodes_and_fields_fail_explicitly (tests.test_composition_birth_stage2a_scanner.ForwardScannerTests.test_bounded_hits_leaves_nodes_and_fields_fail_explicitly) ... ok
test_check_issued_query_selected_event_and_past_truthful_action (tests.test_composition_birth_stage2a_scanner.ForwardScannerTests.test_check_issued_query_selected_event_and_past_truthful_action) ... ok
test_check_subphases_and_reserved_sentinels_rejected (tests.test_composition_birth_stage2a_scanner.ForwardScannerTests.test_check_subphases_and_reserved_sentinels_rejected) ... ok
test_empty_compact_alias_is_unsupported_not_exempted (tests.test_composition_birth_stage2a_scanner.ForwardScannerTests.test_empty_compact_alias_is_unsupported_not_exempted) ... ok
test_future_ledger_cannot_be_laundered_by_service_field (tests.test_composition_birth_stage2a_scanner.ForwardScannerTests.test_future_ledger_cannot_be_laundered_by_service_field) ... ok
test_future_ports_queries_events_and_non_task_destinations_fail (tests.test_composition_birth_stage2a_scanner.ForwardScannerTests.test_future_ports_queries_events_and_non_task_destinations_fail) ... ok
test_implicated_think_only_not_future_recovery_query (tests.test_composition_birth_stage2a_scanner.ForwardScannerTests.test_implicated_think_only_not_future_recovery_query) ... ok
test_invalid_phases_ledgers_context_and_bounds (tests.test_composition_birth_stage2a_scanner.ForwardScannerTests.test_invalid_phases_ledgers_context_and_bounds) ... ok
test_latest_current_and_task_fact_exceptions_are_value_and_field_specific (tests.test_composition_birth_stage2a_scanner.ForwardScannerTests.test_latest_current_and_task_fact_exceptions_are_value_and_field_specific) ... ok
test_literal_normalized_compact_full_actions_and_source_offsets (tests.test_composition_birth_stage2a_scanner.ForwardScannerTests.test_literal_normalized_compact_full_actions_and_source_offsets) ... ok
test_missing_forged_overlapping_future_field_receipts_rejected (tests.test_composition_birth_stage2a_scanner.ForwardScannerTests.test_missing_forged_overlapping_future_field_receipts_rejected) ... ok
test_no_escape_decoding_is_explicitly_partial (tests.test_composition_birth_stage2a_scanner.ForwardScannerTests.test_no_escape_decoding_is_explicitly_partial) ... ok
test_no_scan_normalization_in_actor_parser (tests.test_composition_birth_stage2a_scanner.ForwardScannerTests.test_no_scan_normalization_in_actor_parser) ... ok
test_prospect_did_allowed_with_receipt_for_each_form (tests.test_composition_birth_stage2a_scanner.ForwardScannerTests.test_prospect_did_allowed_with_receipt_for_each_form) ... ok
test_registered_route_and_factor_aliases_have_no_field_bypass (tests.test_composition_birth_stage2a_scanner.ForwardScannerTests.test_registered_route_and_factor_aliases_have_no_field_bypass) ... ok
test_same_next_full_action_still_forbidden_even_if_historical (tests.test_composition_birth_stage2a_scanner.ForwardScannerTests.test_same_next_full_action_still_forbidden_even_if_historical) ... ok
test_seek_returned_route_query_and_implicated_recover (tests.test_composition_birth_stage2a_scanner.ForwardScannerTests.test_seek_returned_route_query_and_implicated_recover) ... ok
test_status_flags_immutability_and_determinism (tests.test_composition_birth_stage2a_scanner.ForwardScannerTests.test_status_flags_immutability_and_determinism) ... ok
test_stop_only_exact_protocol_grammar_receipted (tests.test_composition_birth_stage2a_scanner.ForwardScannerTests.test_stop_only_exact_protocol_grammar_receipted) ... ok
test_unrelated_authentic_past_actions_not_blanket_leakage (tests.test_composition_birth_stage2a_scanner.ForwardScannerTests.test_unrelated_authentic_past_actions_not_blanket_leakage) ... ok
test_wrong_phase_untyped_and_wrong_public_field_fail (tests.test_composition_birth_stage2a_scanner.ForwardScannerTests.test_wrong_phase_untyped_and_wrong_public_field_fail) ... ok
test_cursor_lexer_identifier_markers_and_no_suffixes (tests.test_composition_birth_stage2a_scanner.LexicalTests.test_cursor_lexer_identifier_markers_and_no_suffixes) ... ok
test_exact_normalization_retains_empty_lines_and_no_trim (tests.test_composition_birth_stage2a_scanner.LexicalTests.test_exact_normalization_retains_empty_lines_and_no_trim) ... ok
test_no_escape_decoding_or_camel_splitting (tests.test_composition_birth_stage2a_scanner.LexicalTests.test_no_escape_decoding_or_camel_splitting) ... ok
test_only_exact_shared_lines_are_skipped (tests.test_composition_birth_stage2a_scanner.LexicalTests.test_only_exact_shared_lines_are_skipped) ... ok
test_reject_invalid_material_in_all_byte_entrypoints (tests.test_composition_birth_stage2a_scanner.LexicalTests.test_reject_invalid_material_in_all_byte_entrypoints) ... ok
test_canonical_semantics_reject_duplicate_keys_and_repaired_escapes (tests.test_composition_birth_stage2a_scanner.SemanticAliasTests.test_canonical_semantics_reject_duplicate_keys_and_repaired_escapes) ... ok
test_core_and_goal_route_aliases_normalized_and_compact (tests.test_composition_birth_stage2a_scanner.SemanticAliasTests.test_core_and_goal_route_aliases_normalized_and_compact) ... ok
test_decoded_final_key_and_no_alias_extension (tests.test_composition_birth_stage2a_scanner.SemanticAliasTests.test_decoded_final_key_and_no_alias_extension) ... ok
test_drop_only_exact_shared_values_and_complete_identifiers (tests.test_composition_birth_stage2a_scanner.SemanticAliasTests.test_drop_only_exact_shared_values_and_complete_identifiers) ... ok
test_forbidden_keys_do_not_hide_in_empty_containers (tests.test_composition_birth_stage2a_scanner.SemanticAliasTests.test_forbidden_keys_do_not_hide_in_empty_containers) ... ok
test_pointer_escapes_leaf_types_and_raw_byte_sorting (tests.test_composition_birth_stage2a_scanner.SemanticAliasTests.test_pointer_escapes_leaf_types_and_raw_byte_sorting) ... ok
test_protected_key_and_value_hits_are_substrings (tests.test_composition_birth_stage2a_scanner.SemanticAliasTests.test_protected_key_and_value_hits_are_substrings) ... ok
test_published_14_entry_vector (tests.test_composition_birth_stage2a_scanner.SemanticAliasTests.test_published_14_entry_vector) ... ok
test_scalar_json_escapes_are_decoded_but_material_is_not (tests.test_composition_birth_stage2a_scanner.SemanticAliasTests.test_scalar_json_escapes_are_decoded_but_material_is_not) ... ok

----------------------------------------------------------------------
Ran 99 tests in 43.631s

OK
