test_actual_dtype_inventory_and_projection_norms (tests.test_semantic_objective_probe.SemanticObjectiveProbeTests.test_actual_dtype_inventory_and_projection_norms) ... ok
test_controller_failure_stops_further_stages_preserves_failed (tests.test_semantic_objective_probe.SemanticObjectiveProbeTests.test_controller_failure_stops_further_stages_preserves_failed) ... ok
test_controller_five_fresh_stages_bounds_counts_and_no_retry (tests.test_semantic_objective_probe.SemanticObjectiveProbeTests.test_controller_five_fresh_stages_bounds_counts_and_no_retry) ... ok
test_decision_prefix_excludes_gold_and_greedy_keeps_original_prompt (tests.test_semantic_objective_probe.SemanticObjectiveProbeTests.test_decision_prefix_excludes_gold_and_greedy_keeps_original_prompt) ... ok
test_fit_workers_reuse_native_model_seed_save_and_reject_initialization_drift (tests.test_semantic_objective_probe.SemanticObjectiveProbeTests.test_fit_workers_reuse_native_model_seed_save_and_reject_initialization_drift) ... ok
test_forward_metrics_use_all_shifted_gold_tokens_and_decision_margin (tests.test_semantic_objective_probe.SemanticObjectiveProbeTests.test_forward_metrics_use_all_shifted_gold_tokens_and_decision_margin) ... ok
test_generation_worker_fresh_reload_binds_saved_adapter_not_original (tests.test_semantic_objective_probe.SemanticObjectiveProbeTests.test_generation_worker_fresh_reload_binds_saved_adapter_not_original) ... ok
test_gpu_entrypoints_and_invalid_cap_fail_before_any_work (tests.test_semantic_objective_probe.SemanticObjectiveProbeTests.test_gpu_entrypoints_and_invalid_cap_fail_before_any_work) ... ok
test_loss_parity_nonfinite_and_missing_gradient_stop_before_update (tests.test_semantic_objective_probe.SemanticObjectiveProbeTests.test_loss_parity_nonfinite_and_missing_gradient_stop_before_update) ... ok
test_native_mask_shift_all_row_hashes_and_no_input_change (tests.test_semantic_objective_probe.SemanticObjectiveProbeTests.test_native_mask_shift_all_row_hashes_and_no_input_change) ... ok
test_only_gpu_runtime_override_and_protected_paths (tests.test_semantic_objective_probe.SemanticObjectiveProbeTests.test_only_gpu_runtime_override_and_protected_paths) ... ok
test_original_seal_and_sources_fail_closed_without_loading_model (tests.test_semantic_objective_probe.SemanticObjectiveProbeTests.test_original_seal_and_sources_fail_closed_without_loading_model) ... ok
test_prefix_forward_cannot_launch_greedy_after_deadline (tests.test_semantic_objective_probe.SemanticObjectiveProbeTests.test_prefix_forward_cannot_launch_greedy_after_deadline) ... ok
test_prepare_is_native_cpu_only_and_immutable (tests.test_semantic_objective_probe.SemanticObjectiveProbeTests.test_prepare_is_native_cpu_only_and_immutable) ... ok
test_real_action_strings_constant_gvn_is64_not_binding (tests.test_semantic_objective_probe.SemanticObjectiveProbeTests.test_real_action_strings_constant_gvn_is64_not_binding) ... ok
test_source_pins_include_both_new_files_native_writer_and_supervisor (tests.test_semantic_objective_probe.SemanticObjectiveProbeTests.test_source_pins_include_both_new_files_native_writer_and_supervisor) ... ok
test_training_forward_once_native_loss_backward_and_optimizer_order (tests.test_semantic_objective_probe.SemanticObjectiveProbeTests.test_training_forward_once_native_loss_backward_and_optimizer_order) ... ok
test_training_loop_exact256_order_and_first_last_only (tests.test_semantic_objective_probe.SemanticObjectiveProbeTests.test_training_loop_exact256_order_and_first_last_only) ... ok
test_worker_job_requires_parent_stage_order_and_remaining_deadline (tests.test_semantic_objective_probe.SemanticObjectiveProbeTests.test_worker_job_requires_parent_stage_order_and_remaining_deadline) ... ok
test_wrong_root_seed_recipe_order_masks_targets_rejected (tests.test_semantic_objective_probe.SemanticObjectiveProbeTests.test_wrong_root_seed_recipe_order_masks_targets_rejected) ... ok
test_all_rows_both_roots_and_only_selected_root_states (tests.test_semantic_train_probe.SemanticTrainProbeTests.test_all_rows_both_roots_and_only_selected_root_states) ... ok
test_changed_source_and_original_seal_are_rejected (tests.test_semantic_train_probe.SemanticTrainProbeTests.test_changed_source_and_original_seal_are_rejected) ... ok
test_exact_recorded_payload_encodings_and_no_source_mutation (tests.test_semantic_train_probe.SemanticTrainProbeTests.test_exact_recorded_payload_encodings_and_no_source_mutation) ... ok
test_execute_uses_three_fresh_state_loads_reserved_uuid_and_supervisor (tests.test_semantic_train_probe.SemanticTrainProbeTests.test_execute_uses_three_fresh_state_loads_reserved_uuid_and_supervisor) ... ok
test_gpu_entrypoints_require_explicit_authorization (tests.test_semantic_train_probe.SemanticTrainProbeTests.test_gpu_entrypoints_require_explicit_authorization) ... ok
test_held_comparison_reads_only_all_original_primary_generations (tests.test_semantic_train_probe.SemanticTrainProbeTests.test_held_comparison_reads_only_all_original_primary_generations) ... ok
test_immutable_outputs_and_worker_state_boundary (tests.test_semantic_train_probe.SemanticTrainProbeTests.test_immutable_outputs_and_worker_state_boundary) ... ok
test_missing_worker_completion_cannot_reduce (tests.test_semantic_train_probe.SemanticTrainProbeTests.test_missing_worker_completion_cannot_reduce) ... ok
test_reduce_full_denominators_both_off_mappings_no_new_gates (tests.test_semantic_train_probe.SemanticTrainProbeTests.test_reduce_full_denominators_both_off_mappings_no_new_gates) ... ok
test_reduce_rejects_missing_duplicate_wrong_adapter_or_nonfinite (tests.test_semantic_train_probe.SemanticTrainProbeTests.test_reduce_rejects_missing_duplicate_wrong_adapter_or_nonfinite) ... ok
test_rejects_missing_rows_drift_and_noncomplementary_targets (tests.test_semantic_train_probe.SemanticTrainProbeTests.test_rejects_missing_rows_drift_and_noncomplementary_targets) ... ok
test_runtime_gpu_copy_changes_only_uuid (tests.test_semantic_train_probe.SemanticTrainProbeTests.test_runtime_gpu_copy_changes_only_uuid) ... ok
test_supervisor_timeout_preserves_failure_without_retry_or_report (tests.test_semantic_train_probe.SemanticTrainProbeTests.test_supervisor_timeout_preserves_failure_without_retry_or_report) ... ok
test_candidate_order_does_not_change_scores (tests.test_semantic_score_shape.SemanticScoreShapeTests.test_candidate_order_does_not_change_scores) ... ok
test_causal_future_padding_does_not_change_fixed_shape_prefix (tests.test_semantic_score_shape.SemanticScoreShapeTests.test_causal_future_padding_does_not_change_fixed_shape_prefix) ... ok
test_disjoint_mass_checked_independently (tests.test_semantic_score_shape.SemanticScoreShapeTests.test_disjoint_mass_checked_independently) ... ok
test_equal_length_inputs_require_no_padding (tests.test_semantic_score_shape.SemanticScoreShapeTests.test_equal_length_inputs_require_no_padding) ... ok
test_exact_originals_masks_positions_and_target_indexing (tests.test_semantic_score_shape.SemanticScoreShapeTests.test_exact_originals_masks_positions_and_target_indexing) ... ok
test_full_shared_distribution_checked_not_only_observed_shared_tokens (tests.test_semantic_score_shape.SemanticScoreShapeTests.test_full_shared_distribution_checked_not_only_observed_shared_tokens) ... ok
test_future_leak_at_divergent_target_is_rejected (tests.test_semantic_score_shape.SemanticScoreShapeTests.test_future_leak_at_divergent_target_is_rejected) ... ok
test_nonfinite_and_positive_values_rejected (tests.test_semantic_score_shape.SemanticScoreShapeTests.test_nonfinite_and_positive_values_rejected) ... ok
test_old_shape_dependency_fails_mass_new_alignment_passes (tests.test_semantic_score_shape.SemanticScoreShapeTests.test_old_shape_dependency_fails_mass_new_alignment_passes) ... ok
test_source_mask_prefix_and_terminal_drift_rejected_before_forward (tests.test_semantic_score_shape.SemanticScoreShapeTests.test_source_mask_prefix_and_terminal_drift_rejected_before_forward) ... ok

----------------------------------------------------------------------
Ran 43 tests in 5.175s

OK
