................/data/home/rohing/dream-state/organism_v6/reasoning_gym_gym.py:99: ResourceWarning: unclosed file <_io.TextIOWrapper name='/data/home/rohing/dream-state/organism_v6/bootstrap_reasoning_gym.txt' mode='r' encoding='UTF-8'>
  self._bootstrap = open(BOOTSTRAP_PATH).read()
ResourceWarning: Enable tracemalloc to get the object allocation traceback
../data/home/rohing/dream-state/organism_v6/preschool_reasoning.py:664: ResourceWarning: unclosed file <_io.TextIOWrapper name='/tmp/tmpjvyw_o_n/life/life.log' mode='a' encoding='UTF-8'>
  stamps = [{field: row[field] for field in _LEDGER_PROVENANCE_FIELDS if field in row} for row in rows]
ResourceWarning: Enable tracemalloc to get the object allocation traceback
/data/home/rohing/dream-state/organism_v6/preschool_reasoning.py:664: ResourceWarning: unclosed file <_io.TextIOWrapper name='/tmp/tmp3a6f6h62/life/life.log' mode='a' encoding='UTF-8'>
  stamps = [{field: row[field] for field in _LEDGER_PROVENANCE_FIELDS if field in row} for row in rows]
ResourceWarning: Enable tracemalloc to get the object allocation traceback
.../usr/lib/python3.12/traceback.py:241: ResourceWarning: unclosed file <_io.TextIOWrapper name='/tmp/tmpe5pa3nyl/life/life.log' mode='a' encoding='UTF-8'>
  tb.tb_frame.clear()
ResourceWarning: Enable tracemalloc to get the object allocation traceback
.../data/home/rohing/dream-state/organism_v6/preschool_reasoning.py:664: ResourceWarning: unclosed file <_io.TextIOWrapper name='/tmp/tmp12ntivq_/life/life.log' mode='a' encoding='UTF-8'>
  stamps = [{field: row[field] for field in _LEDGER_PROVENANCE_FIELDS if field in row} for row in rows]
ResourceWarning: Enable tracemalloc to get the object allocation traceback
/data/home/rohing/dream-state/organism_v6/preschool_reasoning.py:664: ResourceWarning: unclosed file <_io.TextIOWrapper name='/tmp/tmp0cofkceb/life/life.log' mode='a' encoding='UTF-8'>
  stamps = [{field: row[field] for field in _LEDGER_PROVENANCE_FIELDS if field in row} for row in rows]
ResourceWarning: Enable tracemalloc to get the object allocation traceback
/data/home/rohing/dream-state/organism_v6/preschool_reasoning.py:664: ResourceWarning: unclosed file <_io.TextIOWrapper name='/tmp/tmp602rqzvc/life/life.log' mode='a' encoding='UTF-8'>
  stamps = [{field: row[field] for field in _LEDGER_PROVENANCE_FIELDS if field in row} for row in rows]
ResourceWarning: Enable tracemalloc to get the object allocation traceback
...../usr/lib/python3.12/json/decoder.py:337: ResourceWarning: unclosed file <_io.TextIOWrapper name='/tmp/tmpex3e5xqm/life/life.log' mode='a' encoding='UTF-8'>
  obj, end = self.raw_decode(s, idx=_w(s, 0).end())
ResourceWarning: Enable tracemalloc to get the object allocation traceback
/usr/lib/python3.12/json/decoder.py:337: ResourceWarning: unclosed file <_io.TextIOWrapper name='/tmp/tmp90s36gc5/life/life.log' mode='a' encoding='UTF-8'>
  obj, end = self.raw_decode(s, idx=_w(s, 0).end())
ResourceWarning: Enable tracemalloc to get the object allocation traceback
/usr/lib/python3.12/json/decoder.py:337: ResourceWarning: unclosed file <_io.TextIOWrapper name='/tmp/tmpo1f8vgdu/life/life.log' mode='a' encoding='UTF-8'>
  obj, end = self.raw_decode(s, idx=_w(s, 0).end())
ResourceWarning: Enable tracemalloc to get the object allocation traceback
/usr/lib/python3.12/json/decoder.py:337: ResourceWarning: unclosed file <_io.TextIOWrapper name='/tmp/tmp7etshh67/life/life.log' mode='a' encoding='UTF-8'>
  obj, end = self.raw_decode(s, idx=_w(s, 0).end())
ResourceWarning: Enable tracemalloc to get the object allocation traceback
..../usr/lib/python3.12/json/decoder.py:337: ResourceWarning: unclosed file <_io.TextIOWrapper name='/tmp/tmpir5z7uat/life/life.log' mode='a' encoding='UTF-8'>
  obj, end = self.raw_decode(s, idx=_w(s, 0).end())
ResourceWarning: Enable tracemalloc to get the object allocation traceback
/usr/lib/python3.12/json/decoder.py:337: ResourceWarning: unclosed file <_io.TextIOWrapper name='/tmp/tmp_byuxdly/life/life.log' mode='a' encoding='UTF-8'>
  obj, end = self.raw_decode(s, idx=_w(s, 0).end())
ResourceWarning: Enable tracemalloc to get the object allocation traceback
/data/home/rohing/dream-state/organism_v6/run_life_v2.py:291: ResourceWarning: unclosed file <_io.TextIOWrapper name='/tmp/tmpbvqr_8s7/life/leak_scan.jsonl' mode='r' encoding='UTF-8'>
  for line in open(path):
ResourceWarning: Enable tracemalloc to get the object allocation traceback
......................................................................