OBSERVED_START_UTC=2026-09-14T00:01:10.876427+00:00
COMMAND=['python3', '-m', 'unittest', 'discover', '-s', 'tests', '-p', 'test_composition_birth_stage2a*.py']
1e750b7ae8151f122dbde6abc0ecb9e7b779af43b0fa0240fea1a6584741c40a  organism_v6/composition_birth_stage2a.py
9b376d43a7564b00ef9e75513853a735103bad3b055e527af97e8ede5359957a  organism_v6/composition_birth_stage2a_actor.py
4bc75a39265950d14ed5dced277cd4430425a72ce8583c6233d0478b891d7d84  organism_v6/composition_birth_stage2a_birth.py
3a672d2e22071d4a09d7579f04e0e8d6d681b59a473a167d77508f6698835650  organism_v6/composition_birth_stage2a_canaries.py
5db7458b15514811562d2de8c00a48b76a195765db04b845a9cb6da585a5abe9  organism_v6/composition_birth_stage2a_checker.py
269d7ca51eb831264e15f95c1982a7c99d2426ecead996cc7536d52f001e72a1  organism_v6/composition_birth_stage2a_checkpoint.py
71242012073ee6641afed3c6ba1795cd89caab4cfa490a3a943a438e0def7574  organism_v6/composition_birth_stage2a_curriculum.py
e0b2b4572b1d4fe9f25cc861d2d08c4e3c9046d220c237560a6732ceb1335930  organism_v6/composition_birth_stage2a_future_inputs.py
6f363eba3ef3f50622b68581949f64ab9155ea91568843f6219ec9ea9c0404b5  organism_v6/composition_birth_stage2a_graph.py
12b3d0b20d7190abf29a501063ee19c281c9295e6e08a53bfe73f520ce604151  organism_v6/composition_birth_stage2a_graph_inputs.py
fbdf3e82b42108a1d8b420a19769e65db282705bd34b8d93a7e8634639afe0ad  organism_v6/composition_birth_stage2a_held.py
803561e503929624883cd0e6b0ee6f9ab0bf8c893a134c2c762ef617a657be7f  organism_v6/composition_birth_stage2a_null_audit.py
ccd0eff515c41ec5d3ff90ba93aa1a60ea631e772e1fecad2c3094f88774ef98  organism_v6/composition_birth_stage2a_nulls.py
f1fd8597ea83a3c31f3bff039a40b4553e82a55fefe96796a7e59930a04b7781  organism_v6/composition_birth_stage2a_primitives.py
8d47e8516f38c7d1ed2262c1ad765a7127cac389a7e54d4150c776b1ef594d79  organism_v6/composition_birth_stage2a_probe.py
3152fbbf8bb14d3bba928cd4d9dc0b3e6cf0941af8487483e5dc78731c93751a  organism_v6/composition_birth_stage2a_rollout.py
0819959770d1f89b1f38572c9bcc78a7dfab9eea8ff6034d064a774d81855c0a  organism_v6/composition_birth_stage2a_scan_inputs.py
bc07eee278d02fbb925bae05d41ea8f98dbde0d35efe20f41574fe59c41532e2  organism_v6/composition_birth_stage2a_scanner.py
4736001bcc61dc42afef4df2a20c1848fb4c0db0ad1d09d947f4c7b83e564828  organism_v6/composition_birth_stage2a_scoring.py
54bf14e5b31294bb85764c811663768e5a855a9acb8991ee372b2cef221ab8e4  organism_v6/composition_birth_stage2a_screen.py
90d836e32bcd54bc09279ad3f731a0d67f74edfac69704693565995791ca8e55  organism_v6/composition_birth_stage2a_screen_runtime.py
c0034ecbe08061157eb8525a2898de4a9c0ea3a445d40981b8b6a1c62d5a0323  organism_v6/composition_birth_stage2a_source_inputs.py
a786a6ef7d589ca3d224b17ad12ce76b0d801581e8d3d3ab1754d50f0138f4e7  organism_v6/composition_birth_stage2a_tape.py
6ac494d8da6c684d0abe7196ab88e652389c03b890f408cb90f615ae2c86fb8a  organism_v6/composition_birth_stage2a_targets.py
efb34dc5e4096eb2d5aea5e263903ace62795c23ecca835be3089be4a61480cb  organism_v6/composition_birth_stage2a_tokenization.py
7b5669dfccb1ab68e27dd14a9f608ec2d746052484ee3e6c3ca96b4e4efd436e  organism_v6/composition_birth_stage2a_training.py
fd5756c68bbac0222481e3d43adaec0e93eca9096d8cc6f45ce28906f326fce9  organism_v6/composition_birth_stage2a_worlds.py
254142d5631e0efe0229c8322fe0c2da18bc7b012149084a326508e8dce14117  tests/test_composition_birth_stage2a.py
6926d4940cbdff6c23b64a4898805edcc2373e95b65c15f35ee83d28cbfe543b  tests/test_composition_birth_stage2a_actor.py
baa2986c47ed11387596a3665e79c3dc689160e5f0d9a6e4e0a5cd7243fe853a  tests/test_composition_birth_stage2a_birth.py
9f60fc41da99c1ec1c244d3d4cf857a7ddf5d7bbedfca4a570fe62754d62e9e7  tests/test_composition_birth_stage2a_canaries.py
d1fae72aaeb0df10d4c899128eea272f3e8c848eeb9e6b3036b3f575a02ab71d  tests/test_composition_birth_stage2a_checker.py
762b57209538a57e4979abbf334563a72a4f446d9d52d98c83ddd61e6a4d318b  tests/test_composition_birth_stage2a_checkpoint.py
e353f21a0ca15794324c8985748af5704754641e9c32fc8b7cdc50133027c5f0  tests/test_composition_birth_stage2a_curriculum.py
c12b8c990006a503835c073afc766ae475bcd8c6443719ff357056328cda23a5  tests/test_composition_birth_stage2a_future_inputs.py
d0e252723b1c841346a4b6182e98567bf4ce8b28a3ca9297c7fed19d1c2e092b  tests/test_composition_birth_stage2a_graph.py
343abbe30cea8d607a14de4ed50acbdd0a35d863e419fc72e6a415b586c5aaac  tests/test_composition_birth_stage2a_graph_inputs.py
83e27c01c8a80eddc3a1c0ed82b27982121c25bb5fa4ce43300267a1dced0c5b  tests/test_composition_birth_stage2a_held.py
45b2d830769858fc0db29564e308c38d15c69cdec3b11fde183de03a646c5a65  tests/test_composition_birth_stage2a_null_audit.py
0e5717805e0feea7975c5758bae115db0d05e7e4b3fd91a38392732e41ea0754  tests/test_composition_birth_stage2a_nulls.py
a6e8b4a6dff9d6bc632f4e535f97932aa274cfc3a8f5bd2b7e0ae0d40462c15b  tests/test_composition_birth_stage2a_primitives.py
e354107d463583a481eeae63ce6e8a85f95027906242409010461b503b9538d4  tests/test_composition_birth_stage2a_probe.py
ccf4d3f34cdd588f44c5d8c70c7f784dd37243636b3035c437f77cb71d2c1240  tests/test_composition_birth_stage2a_rollout.py
292aed7a8caee550ca2ed714141138c8190fd098f817066047f966b547c43b84  tests/test_composition_birth_stage2a_scan_inputs.py
830954bb7c19cb4e7e712597e8fb6a3da92dd82b3974c50cf01943b2da6371a5  tests/test_composition_birth_stage2a_scanner.py
97820bfc33e844512b5c185959686707723ef32a39f4fa7559cd9f904ea2f307  tests/test_composition_birth_stage2a_scoring.py
103755146a80ebb726f01e5ef519f33a343fadd7a1caecfd030525964a5d16f1  tests/test_composition_birth_stage2a_screen.py
b0e1553c212c5420b181aa6865c383c1f1e3a20c837551a72e74696c11e79489  tests/test_composition_birth_stage2a_screen_runtime.py
758490ca5c0a1c1d2dcbffe4100cb34a6a4ba5479baa9deeb7f9a5bb967d14b2  tests/test_composition_birth_stage2a_source_inputs.py
aa625b15c5fd0e3e5ceb6197f29fda10fa6f8f4665a6b1eef5ed406beb68b42e  tests/test_composition_birth_stage2a_tape.py
51448984a016aa43ad4c730d82b1873d894d6e8543167c84f3cb5d1d9e6a9445  tests/test_composition_birth_stage2a_targets.py
8b26e87db68b443e3053915267e8105e2e3fe088662c170898d5e0fd12bd3fd0  tests/test_composition_birth_stage2a_tokenization.py
c610233bd48204a8af18e6630e68c93b38fd574f604aeab218774977b50af6d0  tests/test_composition_birth_stage2a_training.py
e1e9f62bdefd25a94fa871fe80bed1086221d6f9cf31c782a1606f143dc50eca  tests/test_composition_birth_stage2a_worlds.py
.......................................................ss..................................................................................................ssssss..........................................................................................................................................................................................................................................................................................................................................................................................sssssssss..............................
----------------------------------------------------------------------
Ran 578 tests in 298.369s

OK (skipped=17)
TEST_EXIT=0
organism_v6/composition_birth_stage2a.py: OK
organism_v6/composition_birth_stage2a_actor.py: OK
organism_v6/composition_birth_stage2a_birth.py: OK
organism_v6/composition_birth_stage2a_canaries.py: OK
organism_v6/composition_birth_stage2a_checker.py: OK
organism_v6/composition_birth_stage2a_checkpoint.py: OK
organism_v6/composition_birth_stage2a_curriculum.py: OK
organism_v6/composition_birth_stage2a_future_inputs.py: OK
organism_v6/composition_birth_stage2a_graph.py: OK
organism_v6/composition_birth_stage2a_graph_inputs.py: OK
organism_v6/composition_birth_stage2a_held.py: OK
organism_v6/composition_birth_stage2a_null_audit.py: OK
organism_v6/composition_birth_stage2a_nulls.py: OK
organism_v6/composition_birth_stage2a_primitives.py: OK
organism_v6/composition_birth_stage2a_probe.py: OK
organism_v6/composition_birth_stage2a_rollout.py: OK
organism_v6/composition_birth_stage2a_scan_inputs.py: OK
organism_v6/composition_birth_stage2a_scanner.py: OK
organism_v6/composition_birth_stage2a_scoring.py: OK
organism_v6/composition_birth_stage2a_screen.py: OK
organism_v6/composition_birth_stage2a_screen_runtime.py: OK
organism_v6/composition_birth_stage2a_source_inputs.py: OK
organism_v6/composition_birth_stage2a_tape.py: OK
organism_v6/composition_birth_stage2a_targets.py: OK
organism_v6/composition_birth_stage2a_tokenization.py: OK
organism_v6/composition_birth_stage2a_training.py: OK
organism_v6/composition_birth_stage2a_worlds.py: OK
tests/test_composition_birth_stage2a.py: OK
tests/test_composition_birth_stage2a_actor.py: OK
tests/test_composition_birth_stage2a_birth.py: OK
tests/test_composition_birth_stage2a_canaries.py: OK
tests/test_composition_birth_stage2a_checker.py: OK
tests/test_composition_birth_stage2a_checkpoint.py: OK
tests/test_composition_birth_stage2a_curriculum.py: OK
tests/test_composition_birth_stage2a_future_inputs.py: OK
tests/test_composition_birth_stage2a_graph.py: OK
tests/test_composition_birth_stage2a_graph_inputs.py: OK
tests/test_composition_birth_stage2a_held.py: OK
tests/test_composition_birth_stage2a_null_audit.py: OK
tests/test_composition_birth_stage2a_nulls.py: OK
tests/test_composition_birth_stage2a_primitives.py: OK
tests/test_composition_birth_stage2a_probe.py: OK
tests/test_composition_birth_stage2a_rollout.py: OK
tests/test_composition_birth_stage2a_scan_inputs.py: OK
tests/test_composition_birth_stage2a_scanner.py: OK
tests/test_composition_birth_stage2a_scoring.py: OK
tests/test_composition_birth_stage2a_screen.py: OK
tests/test_composition_birth_stage2a_screen_runtime.py: OK
tests/test_composition_birth_stage2a_source_inputs.py: OK
tests/test_composition_birth_stage2a_tape.py: OK
tests/test_composition_birth_stage2a_targets.py: OK
tests/test_composition_birth_stage2a_tokenization.py: OK
tests/test_composition_birth_stage2a_training.py: OK
tests/test_composition_birth_stage2a_worlds.py: OK
SOURCE_COUNT=54
SOURCE_HASH_CHECK_EXIT=0
OBSERVED_END_UTC=2026-09-14T00:06:10.661665+00:00
