test_actual_formation_first64_and_exact_command (test_parent_material_write.ParentMaterialWriteTests.test_actual_formation_first64_and_exact_command) ... /data/home/rohing/dream-state/organism_v6/reasoning_gym_gym.py:99: ResourceWarning: unclosed file <_io.TextIOWrapper name='/data/home/rohing/dream-state/organism_v6/bootstrap_reasoning_gym.txt' mode='r' encoding='UTF-8'>
  self._bootstrap = open(BOOTSTRAP_PATH).read()
ResourceWarning: Enable tracemalloc to get the object allocation traceback
ok
test_ambiguous_relocated_module_rejected (test_parent_material_write.ParentMaterialWriteTests.test_ambiguous_relocated_module_rejected) ... ok
test_changed_executing_bytes_rejected_despite_current_hash (test_parent_material_write.ParentMaterialWriteTests.test_changed_executing_bytes_rejected_despite_current_hash) ... ok
test_changed_recorded_producer_still_rejected_after_relocation (test_parent_material_write.ParentMaterialWriteTests.test_changed_recorded_producer_still_rejected_after_relocation) ... ok
test_child_token_budgets_reported_not_called_equal (test_parent_material_write.ParentMaterialWriteTests.test_child_token_budgets_reported_not_called_equal) ... ok
test_existing_prep_cannot_be_retried (test_parent_material_write.ParentMaterialWriteTests.test_existing_prep_cannot_be_retried) ... ok
test_failed_formation_cannot_prepare (test_parent_material_write.ParentMaterialWriteTests.test_failed_formation_cannot_prepare) ... ok
test_first64_corpus_is_deterministic (test_parent_material_write.ParentMaterialWriteTests.test_first64_corpus_is_deterministic) ... ok
test_formation_source_hash_drift_rejected (test_parent_material_write.ParentMaterialWriteTests.test_formation_source_hash_drift_rejected) ... ok
test_identical_producer_relocated_without_rewriting_formation (test_parent_material_write.ParentMaterialWriteTests.test_identical_producer_relocated_without_rewriting_formation) ... ok
test_local_tokenizer_loader_never_downloads (test_parent_material_write.ParentMaterialWriteTests.test_local_tokenizer_loader_never_downloads) ... ok
test_log_inside_prep_or_adapter_rejected (test_parent_material_write.ParentMaterialWriteTests.test_log_inside_prep_or_adapter_rejected) ... ok
test_missing_or_unknown_producer_module_rejected (test_parent_material_write.ParentMaterialWriteTests.test_missing_or_unknown_producer_module_rejected) ... ok
test_missing_recorded_producer_rejected (test_parent_material_write.ParentMaterialWriteTests.test_missing_recorded_producer_rejected) ... ok
test_model_file_drift_rejected (test_parent_material_write.ParentMaterialWriteTests.test_model_file_drift_rejected) ... ok
test_no_child_label_tokens_rejected (test_parent_material_write.ParentMaterialWriteTests.test_no_child_label_tokens_rejected) ... ok
test_no_truncation_or_reselection_after_tokenizer_failure (test_parent_material_write.ParentMaterialWriteTests.test_no_truncation_or_reselection_after_tokenizer_failure) ... ok
test_output_conflicts_rejected (test_parent_material_write.ParentMaterialWriteTests.test_output_conflicts_rejected) ... ok
test_raw_generation_tamper_rejected (test_parent_material_write.ParentMaterialWriteTests.test_raw_generation_tamper_rejected) ... ok
test_results_recomputed_not_trusted_even_if_rehashed (test_parent_material_write.ParentMaterialWriteTests.test_results_recomputed_not_trusted_even_if_rehashed) ... ok
test_schedule_drift_cannot_prepare (test_parent_material_write.ParentMaterialWriteTests.test_schedule_drift_cannot_prepare) ... ok
test_short_count_skips_without_tokenizer_or_command (test_parent_material_write.ParentMaterialWriteTests.test_short_count_skips_without_tokenizer_or_command) ... ok
test_source_join_tamper_rejected (test_parent_material_write.ParentMaterialWriteTests.test_source_join_tamper_rejected) ... ok
test_teacher_examples_rejected_not_training_targets (test_parent_material_write.ParentMaterialWriteTests.test_teacher_examples_rejected_not_training_targets) ... ok
test_wrong_recipe_rejected_before_tokenization (test_parent_material_write.ParentMaterialWriteTests.test_wrong_recipe_rejected_before_tokenization) ... ok
test_both_exact_wrappers_mask_prefix_crossing_and_padding (test_child_receipt_integration.ChildReceiptIntegrationTests.test_both_exact_wrappers_mask_prefix_crossing_and_padding) ... ok
test_actual_transferred_mask_must_agree_with_cpu_preflight (test_child_receipt_integration.ChildReceiptIntegrationTests.test_actual_transferred_mask_must_agree_with_cpu_preflight) ... ok

----------------------------------------------------------------------
Ran 27 tests in 12.921s

OK
