test_complete_pair_receipts_not_release_no_hash_divergence_requirement (__main__.BindingTests.test_complete_pair_receipts_not_release_no_hash_divergence_requirement) ... ok
test_explicit_dtype_conversion_is_byte_verified (__main__.BindingTests.test_explicit_dtype_conversion_is_byte_verified) ... ok
test_forward_thirteenth_and_wrong_masks_rejected (__main__.BindingTests.test_forward_thirteenth_and_wrong_masks_rejected) ... ok
test_lossless_original_capture_role_replay_and_unchanged_exporter (__main__.BindingTests.test_lossless_original_capture_role_replay_and_unchanged_exporter) ... ok
test_material_and_plan_tamper_fail_closed (__main__.BindingTests.test_material_and_plan_tamper_fail_closed) ... ok
test_missing_forward_rejects_completion (__main__.BindingTests.test_missing_forward_rejects_completion) ... ok
test_no_native_tokenizer_substitution (__main__.BindingTests.test_no_native_tokenizer_substitution) ... ok
test_no_overwrite_and_parent_mutation_detected (__main__.BindingTests.test_no_overwrite_and_parent_mutation_detected) ... ok
test_pending_review_and_wrong_candidate_fail_closed (__main__.BindingTests.test_pending_review_and_wrong_candidate_fail_closed) ... ok
test_prepare_and_both_worker_bindings_same_immutable_birth (__main__.BindingTests.test_prepare_and_both_worker_bindings_same_immutable_birth) ... ok
test_reject_old_off_capture_or_different_birth (__main__.BindingTests.test_reject_old_off_capture_or_different_birth) ... ok
test_reject_projection_edit_even_if_inventory_resealed (__main__.BindingTests.test_reject_projection_edit_even_if_inventory_resealed) ... ok
test_source_initial_state_hashes_are_checked_against_real_parent_bytes (__main__.BindingTests.test_source_initial_state_hashes_are_checked_against_real_parent_bytes) ... ok
test_unknown_arm_and_fresh_output_enforced (__main__.BindingTests.test_unknown_arm_and_fresh_output_enforced) ... ok
test_warm_start_and_complete_receipt_mutations_rejected (__main__.BindingTests.test_warm_start_and_complete_receipt_mutations_rejected) ... ok
test_original_frozen_verifiers_and_terminal_pin_used (__main__.CustodyTests.test_original_frozen_verifiers_and_terminal_pin_used) ... ok
test_subprocess_is_offline_cpu_and_no_native_import (__main__.CustodyTests.test_subprocess_is_offline_cpu_and_no_native_import) ... ok

----------------------------------------------------------------------
Ran 17 tests in 25.816s

OK
