test_alias_is_executed_but_missing_literal_act_is_shortage (test_rulegame_process_material.ProcessMaterialTests.test_alias_is_executed_but_missing_literal_act_is_shortage) ... ok
test_early_reveal_no_candidate_no_replacement (test_rulegame_process_material.ProcessMaterialTests.test_early_reveal_no_candidate_no_replacement) ... ok
test_eos_in_raw_target_rejected (test_rulegame_process_material.ProcessMaterialTests.test_eos_in_raw_target_rejected) ... ok
test_exact_interval_utf8_and_prior_public_history_only (test_rulegame_process_material.ProcessMaterialTests.test_exact_interval_utf8_and_prior_public_history_only) ... ok
test_export_atomic_pair_hashes_and_separate_audit (test_rulegame_process_material.ProcessMaterialTests.test_export_atomic_pair_hashes_and_separate_audit) ... ok
test_failed_staging_preserved_no_automatic_retry (test_rulegame_process_material.ProcessMaterialTests.test_failed_staging_preserved_no_automatic_retry) ... ok
test_fixed_second_executed_try_four_slots (test_rulegame_process_material.ProcessMaterialTests.test_fixed_second_executed_try_four_slots) ... ok
test_full_token_ids_masks_offsets_eos_distinct_receipts (test_rulegame_process_material.ProcessMaterialTests.test_full_token_ids_masks_offsets_eos_distinct_receipts) ... ok
test_literal_teacher_echo_rejected_in_target_and_history (test_rulegame_process_material.ProcessMaterialTests.test_literal_teacher_echo_rejected_in_target_and_history) ... ok
test_main_review_must_bind_all_four_rows (test_rulegame_process_material.ProcessMaterialTests.test_main_review_must_bind_all_four_rows) ... ok
test_main_review_snapshot_not_mutated_by_callback (test_rulegame_process_material.ProcessMaterialTests.test_main_review_snapshot_not_mutated_by_callback) ... ok
test_manifest_tampering_rejected (test_rulegame_process_material.ProcessMaterialTests.test_manifest_tampering_rejected) ... ok
test_mask_shift_rejected (test_rulegame_process_material.ProcessMaterialTests.test_mask_shift_rejected) ... ok
test_missing_prediction_blocks_pair_without_later_replacement (test_rulegame_process_material.ProcessMaterialTests.test_missing_prediction_blocks_pair_without_later_replacement) ... ok
test_native_rendering_input_and_output_ids_fail_separately (test_rulegame_process_material.ProcessMaterialTests.test_native_rendering_input_and_output_ids_fail_separately) ... ok
test_new_rendered_teacher_copy_rejected (test_rulegame_process_material.ProcessMaterialTests.test_new_rendered_teacher_copy_rejected) ... ok
test_no_packing_truncation_splitting_or_drops (test_rulegame_process_material.ProcessMaterialTests.test_no_packing_truncation_splitting_or_drops) ... ok
test_old_protocol_missing_model_or_adapter_inventory_rejected (test_rulegame_process_material.ProcessMaterialTests.test_old_protocol_missing_model_or_adapter_inventory_rejected) ... ok
test_orphan_event_rejected_even_resealed (test_rulegame_process_material.ProcessMaterialTests.test_orphan_event_rejected_even_resealed) ... ok
test_output_source_overlap_symlink_and_existing_empty_rejected (test_rulegame_process_material.ProcessMaterialTests.test_output_source_overlap_symlink_and_existing_empty_rejected) ... ok
test_plan_identity_and_seal_bound_if_present (test_rulegame_process_material.ProcessMaterialTests.test_plan_identity_and_seal_bound_if_present) ... ok
test_prediction_and_action_validation (test_rulegame_process_material.ProcessMaterialTests.test_prediction_and_action_validation) ... ok
test_protocol_invalid_stops_before_candidate (test_rulegame_process_material.ProcessMaterialTests.test_protocol_invalid_stops_before_candidate) ... ok
test_racing_empty_destination_never_replaced (test_rulegame_process_material.ProcessMaterialTests.test_racing_empty_destination_never_replaced) ... ok
test_request_join_tampering_rejected_even_resealed (test_rulegame_process_material.ProcessMaterialTests.test_request_join_tampering_rejected_even_resealed) ... ok
test_selection_ignores_correctness_records_and_predictions (test_rulegame_process_material.ProcessMaterialTests.test_selection_ignores_correctness_records_and_predictions) ... ok
test_semantic_influence_not_blanket_rejected (test_rulegame_process_material.ProcessMaterialTests.test_semantic_influence_not_blanket_rejected) ... ok
test_shortage_export_writes_nothing (test_rulegame_process_material.ProcessMaterialTests.test_shortage_export_writes_nothing) ... ok
test_source_changed_before_publication_preserves_pending_pair (test_rulegame_process_material.ProcessMaterialTests.test_source_changed_before_publication_preserves_pending_pair) ... ok
test_source_mutation_during_callback_rejected (test_rulegame_process_material.ProcessMaterialTests.test_source_mutation_during_callback_rejected) ... ok
test_source_reconstruction_rejects_added_future_or_changed_state (test_rulegame_process_material.ProcessMaterialTests.test_source_reconstruction_rejects_added_future_or_changed_state) ... ok
test_stale_fixed_candidate_rejected (test_rulegame_process_material.ProcessMaterialTests.test_stale_fixed_candidate_rejected) ... ok
test_wrong_prediction_unchanged_raw_whitespace (test_rulegame_process_material.ProcessMaterialTests.test_wrong_prediction_unchanged_raw_whitespace) ... ok

----------------------------------------------------------------------
Ran 33 tests in 26.742s

OK
