/data/home/rohing/dream-state/organism_v6/reasoning_gym_gym.py:99: ResourceWarning: unclosed file <_io.TextIOWrapper name='/data/home/rohing/dream-state/organism_v6/bootstrap_reasoning_gym.txt' mode='r' encoding='UTF-8'>
  self._bootstrap = open(BOOTSTRAP_PATH).read()
ResourceWarning: Enable tracemalloc to get the object allocation traceback
/data/home/rohing/dream-state/organism_v6/lineage_guard.py:106: ResourceWarning: unclosed file <_io.TextIOWrapper name='/tmp/tmp9ngy56rj/life/life.log' mode='a' encoding='UTF-8'>
  def _require(condition, message):
ResourceWarning: Enable tracemalloc to get the object allocation traceback
/data/home/rohing/dream-state/organism_v6/preschool_reasoning.py:664: ResourceWarning: unclosed file <_io.TextIOWrapper name='/tmp/tmp5vuf23eh/life/life.log' mode='a' encoding='UTF-8'>
  stamps = [{field: row[field] for field in _LEDGER_PROVENANCE_FIELDS if field in row} for row in rows]
ResourceWarning: Enable tracemalloc to get the object allocation traceback
/data/home/rohing/dream-state/organism_v6/preschool_reasoning.py:664: ResourceWarning: unclosed file <_io.TextIOWrapper name='/tmp/tmpibn5j3fr/life/life.log' mode='a' encoding='UTF-8'>
  stamps = [{field: row[field] for field in _LEDGER_PROVENANCE_FIELDS if field in row} for row in rows]
ResourceWarning: Enable tracemalloc to get the object allocation traceback
/data/home/rohing/dream-state/organism_v6/preschool_reasoning.py:664: ResourceWarning: unclosed file <_io.TextIOWrapper name='/tmp/tmpydpwysq5/life/life.log' mode='a' encoding='UTF-8'>
  stamps = [{field: row[field] for field in _LEDGER_PROVENANCE_FIELDS if field in row} for row in rows]
ResourceWarning: Enable tracemalloc to get the object allocation traceback
/data/home/rohing/dream-state/organism_v6/preschool_reasoning.py:664: ResourceWarning: unclosed file <_io.TextIOWrapper name='/tmp/tmp6y4qq9l8/life/life.log' mode='a' encoding='UTF-8'>
  stamps = [{field: row[field] for field in _LEDGER_PROVENANCE_FIELDS if field in row} for row in rows]
ResourceWarning: Enable tracemalloc to get the object allocation traceback
/data/home/rohing/dream-state/organism_v6/preschool_reasoning.py:664: ResourceWarning: unclosed file <_io.TextIOWrapper name='/tmp/tmp9ffb4cwk/life/life.log' mode='a' encoding='UTF-8'>
  stamps = [{field: row[field] for field in _LEDGER_PROVENANCE_FIELDS if field in row} for row in rows]
ResourceWarning: Enable tracemalloc to get the object allocation traceback
/data/home/rohing/dream-state/organism_v6/lineage_guard.py:125: ResourceWarning: unclosed file <_io.TextIOWrapper name='/tmp/tmpcccl6dyz/life/life.log' mode='a' encoding='UTF-8'>
  def _scan(value):
ResourceWarning: Enable tracemalloc to get the object allocation traceback
/data/home/rohing/dream-state/organism_v6/lineage_guard.py:125: ResourceWarning: unclosed file <_io.TextIOWrapper name='/tmp/tmpgfe8inm2/life/life.log' mode='a' encoding='UTF-8'>
  def _scan(value):
ResourceWarning: Enable tracemalloc to get the object allocation traceback
/data/home/rohing/dream-state/organism_v6/lineage_guard.py:106: ResourceWarning: unclosed file <_io.TextIOWrapper name='/tmp/tmpj9v4zl7p/life/life.log' mode='a' encoding='UTF-8'>
  def _require(condition, message):
ResourceWarning: Enable tracemalloc to get the object allocation traceback
----------------------------------------------------------------------
Ran 180 tests in 54.813s

OK
