test_clean_record_does_not_create_a_hit (test_builder_reproducibility.PostOutcomeIsolationTests.test_clean_record_does_not_create_a_hit) ... ok
test_post_outcome_heldout_family_is_rejected (test_builder_reproducibility.PostOutcomeIsolationTests.test_post_outcome_heldout_family_is_rejected) ... ok
test_post_outcome_heldout_id_is_rejected (test_builder_reproducibility.PostOutcomeIsolationTests.test_post_outcome_heldout_id_is_rejected) ... ok
test_post_outcome_text_is_scanned (test_builder_reproducibility.PostOutcomeIsolationTests.test_post_outcome_text_is_scanned) ... ok
test_life_passes_seed_to_each_sleep_fit (test_builder_reproducibility.SeedForwardingTests.test_life_passes_seed_to_each_sleep_fit) ... /data/home/rohing/dream-state/organism_v6/parent_backend.py:27: ResourceWarning: unclosed file <_io.TextIOWrapper name='/data/home/rohing/dream-state/organism_v6/parent_prompt.txt' mode='r' encoding='UTF-8'>
  PARENT_BOOT = open(os.path.join(HERE, "parent_prompt.txt")).read()
ResourceWarning: Enable tracemalloc to get the object allocation traceback
/data/home/rohing/dream-state/tests/golden_harness.py:196: ResourceWarning: unclosed file <_io.TextIOWrapper name='/tmp/tmpwwxjevrz/sleep_0008/corpus.json' mode='r' encoding='UTF-8'>
  n = len(json.load(open(corpus))["corpus"])
ResourceWarning: Enable tracemalloc to get the object allocation traceback
/data/home/rohing/dream-state/organism_v6/run_life_v2.py:612: ResourceWarning: unclosed file <_io.TextIOWrapper name='/tmp/tmpwwxjevrz/sleep_0008/waking_brief.txt' mode='r' encoding='UTF-8'>
  t = open(p).read().strip()
ResourceWarning: Enable tracemalloc to get the object allocation traceback
/data/home/rohing/dream-state/organism_v6/run_life_v2.py:985: ResourceWarning: unclosed file <_io.TextIOWrapper name='/tmp/tmpwwxjevrz/sleep_0008/corpus.json' mode='r' encoding='UTF-8'>
  prior = json.load(open(cp))["corpus"]
ResourceWarning: Enable tracemalloc to get the object allocation traceback
/data/home/rohing/dream-state/tests/golden_harness.py:196: ResourceWarning: unclosed file <_io.TextIOWrapper name='/tmp/tmpwwxjevrz/sleep_0016/corpus.json' mode='r' encoding='UTF-8'>
  n = len(json.load(open(corpus))["corpus"])
ResourceWarning: Enable tracemalloc to get the object allocation traceback
/data/home/rohing/dream-state/organism_v6/run_life_v2.py:612: ResourceWarning: unclosed file <_io.TextIOWrapper name='/tmp/tmpwwxjevrz/sleep_0016/waking_brief.txt' mode='r' encoding='UTF-8'>
  t = open(p).read().strip()
ResourceWarning: Enable tracemalloc to get the object allocation traceback
/data/home/rohing/dream-state/tests/test_builder_reproducibility.py:35: ResourceWarning: unclosed file <_io.TextIOWrapper name='/tmp/tmpwwxjevrz/life.log' mode='a' encoding='UTF-8'>
  run_life_v2.main()
ResourceWarning: Enable tracemalloc to get the object allocation traceback
ok
test_single_generation_forwards_explicit_seed (test_builder_reproducibility.SeedForwardingTests.test_single_generation_forwards_explicit_seed) ... ok
test_training_seeds_python_and_torch (test_builder_reproducibility.SeedForwardingTests.test_training_seeds_python_and_torch) ... ok
test_unspecified_generation_seed_preserves_default (test_builder_reproducibility.SeedForwardingTests.test_unspecified_generation_seed_preserves_default) ... ok
test_unspecified_training_seed_changes_nothing (test_builder_reproducibility.SeedForwardingTests.test_unspecified_training_seed_changes_nothing) ... ok

----------------------------------------------------------------------
Ran 9 tests in 0.092s

OK
