test_actual_saved_adapter_mutation_blocks_lineage (test_astra_rulegame_record_acquisition_collect_20260912.CollectorTests.test_actual_saved_adapter_mutation_blocks_lineage) ... ok
test_adapter_and_plan_mutations_fail_closed_preserve_attempt (test_astra_rulegame_record_acquisition_collect_20260912.CollectorTests.test_adapter_and_plan_mutations_fail_closed_preserve_attempt) ... ok
test_controller_native_runtime_call_and_selection_receipts (test_astra_rulegame_record_acquisition_collect_20260912.CollectorTests.test_controller_native_runtime_call_and_selection_receipts) ... ok
test_end_to_end_complete_raw_replay_archive_and_no_overwrite (test_astra_rulegame_record_acquisition_collect_20260912.CollectorTests.test_end_to_end_complete_raw_replay_archive_and_no_overwrite) ... ok
test_expiry_not_swallowed_as_audit_failure (test_astra_rulegame_record_acquisition_collect_20260912.CollectorTests.test_expiry_not_swallowed_as_audit_failure) ... ok
test_failed_middle_cell_preserves_capture_without_aggregate (test_astra_rulegame_record_acquisition_collect_20260912.CollectorTests.test_failed_middle_cell_preserves_capture_without_aggregate) ... ok
test_foreign_occupancy_or_queue_never_killed_and_no_aggregate (test_astra_rulegame_record_acquisition_collect_20260912.CollectorTests.test_foreign_occupancy_or_queue_never_killed_and_no_aggregate) ... ok
test_launch_and_write_release_custody (test_astra_rulegame_record_acquisition_collect_20260912.CollectorTests.test_launch_and_write_release_custody) ... ok
test_missing_call_cannot_be_replaced_by_reduction (test_astra_rulegame_record_acquisition_collect_20260912.CollectorTests.test_missing_call_cannot_be_replaced_by_reduction) ... ok
test_native_reencoding_failure_archives_but_never_reports_science (test_astra_rulegame_record_acquisition_collect_20260912.CollectorTests.test_native_reencoding_failure_archives_but_never_reports_science) ... ok
test_no_terminal_or_ambiguous_terminal_blocks_before_output (test_astra_rulegame_record_acquisition_collect_20260912.CollectorTests.test_no_terminal_or_ambiguous_terminal_blocks_before_output) ... ok
test_post_audit_mutation_prevents_validated_capsule (test_astra_rulegame_record_acquisition_collect_20260912.CollectorTests.test_post_audit_mutation_prevents_validated_capsule) ... ok
test_status_and_live_session_are_blind_to_scores (test_astra_rulegame_record_acquisition_collect_20260912.CollectorTests.test_status_and_live_session_are_blind_to_scores) ... ok
test_tampered_forward_and_extra_generation_receipt_reject_science (test_astra_rulegame_record_acquisition_collect_20260912.CollectorTests.test_tampered_forward_and_extra_generation_receipt_reject_science) ... ok
test_archive_validation_rejects_traversal_duplicates_links_and_wrong_hash (test_astra_rulegame_record_acquisition_collect_20260912.SafetyTests.test_archive_validation_rejects_traversal_duplicates_links_and_wrong_hash) ... ok
test_bounded_inventory_and_duplicate_json (test_astra_rulegame_record_acquisition_collect_20260912.SafetyTests.test_bounded_inventory_and_duplicate_json) ... ok
test_credential_rejection_without_redaction_or_token_false_positive (test_astra_rulegame_record_acquisition_collect_20260912.SafetyTests.test_credential_rejection_without_redaction_or_token_false_positive) ... ok
test_full_release_uuid_proc_queue_helper_and_no_visibility_mask (test_astra_rulegame_record_acquisition_collect_20260912.SafetyTests.test_full_release_uuid_proc_queue_helper_and_no_visibility_mask) ... ok
test_pack_returns_validated_hash_and_rejects_stale_payload (test_astra_rulegame_record_acquisition_collect_20260912.SafetyTests.test_pack_returns_validated_hash_and_rejects_stale_payload) ... ok
test_symlinks_and_hardlinks_and_fifo_rejected (test_astra_rulegame_record_acquisition_collect_20260912.SafetyTests.test_symlinks_and_hardlinks_and_fifo_rejected) ... ok
test_tampered_source_dependency_not_executed (test_astra_rulegame_record_acquisition_collect_20260912.SafetyTests.test_tampered_source_dependency_not_executed) ... ok
test_weight_exclusion_without_reading_and_unknown_type_rejected (test_astra_rulegame_record_acquisition_collect_20260912.SafetyTests.test_weight_exclusion_without_reading_and_unknown_type_rejected) ... ok

----------------------------------------------------------------------
Ran 22 tests in 37.095s

OK
