test_anchor_determinism_split_round_robin_and_no_answers (test_memory_preservation.AnchorTests.test_anchor_determinism_split_round_robin_and_no_answers) ... ok
test_anchor_tamper_and_write_new_refusal (test_memory_preservation.AnchorTests.test_anchor_tamper_and_write_new_refusal) ... ok
test_encoding_refuses_boundary_truncation_or_token_accounting_drift (test_memory_preservation.AnchorTests.test_encoding_refuses_boundary_truncation_or_token_accounting_drift) ... ok
test_execute_required_and_coefficient_has_no_default (test_memory_preservation.AnchorTests.test_execute_required_and_coefficient_has_no_default) ... ok
test_model_inventory_rejects_other_model_and_adapter (test_memory_preservation.AnchorTests.test_model_inventory_rejects_other_model_and_adapter) ... ok
test_native_cue_refs_outside_roster_are_denied (test_memory_preservation.AnchorTests.test_native_cue_refs_outside_roster_are_denied) ... ok
test_native_source_pin_and_coefficients (test_memory_preservation.AnchorTests.test_native_source_pin_and_coefficients) ... ok
test_output_directory_refuses_existing_overlap_symlink (test_memory_preservation.AnchorTests.test_output_directory_refuses_existing_overlap_symlink) ... ok
test_source_hash_refusal_before_anchor_construction (test_memory_preservation.AnchorTests.test_source_hash_refusal_before_anchor_construction) ... ok
test_base_or_missing_lora_trainability_refused (test_memory_preservation.PreservationTorchTests.test_base_or_missing_lora_trainability_refused) ... ok
test_cache_hash_dtype_shape_model_and_token_binding (test_memory_preservation.PreservationTorchTests.test_cache_hash_dtype_shape_model_and_token_binding) ... ok
test_empty_nonfinite_loss_aborts_without_optimizer_step (test_memory_preservation.PreservationTorchTests.test_empty_nonfinite_loss_aborts_without_optimizer_step) ... ok
test_full_training_loop_order_count_no_cache_zero_and_write_new (test_memory_preservation.PreservationTorchTests.test_full_training_loop_order_count_no_cache_zero_and_write_new) ... ok
test_full_vocabulary_normalization_check_preserves_float32_cache_bytes (test_memory_preservation.PreservationTorchTests.test_full_vocabulary_normalization_check_preserves_float32_cache_bytes) ... ok
test_kl_is_full_forward_teacher_to_student (test_memory_preservation.PreservationTorchTests.test_kl_is_full_forward_teacher_to_student) ... ok
test_kl_rejects_live_teacher_bad_shapes_and_nonfinite (test_memory_preservation.PreservationTorchTests.test_kl_rejects_live_teacher_bad_shapes_and_nonfinite) ... ok
test_padding_last_token_and_detached_cache (test_memory_preservation.PreservationTorchTests.test_padding_last_token_and_detached_cache) ... ok
test_positive_kl_adds_gradients_preserves_base_modes_rng_and_step_order (test_memory_preservation.PreservationTorchTests.test_positive_kl_adds_gradients_preserves_base_modes_rng_and_step_order) ... ok
test_preservation_mode_restores_rng_and_mixed_modes_even_on_error (test_memory_preservation.PreservationTorchTests.test_preservation_mode_restores_rng_and_mixed_modes_even_on_error) ... ok
test_zero_matches_native_loss_gradients_updates_rng_over_steps (test_memory_preservation.PreservationTorchTests.test_zero_matches_native_loss_gradients_updates_rng_over_steps) ... ok

----------------------------------------------------------------------
Ran 20 tests in 9.073s

OK
