.........................................................../data/home/rohing/dream-state/organism_v6/reasoning_gym_gym.py:99: ResourceWarning: unclosed file <_io.TextIOWrapper name='/data/home/rohing/dream-state/organism_v6/bootstrap_reasoning_gym.txt' mode='r' encoding='UTF-8'>
  self._bootstrap = open(BOOTSTRAP_PATH).read()
ResourceWarning: Enable tracemalloc to get the object allocation traceback
./usr/lib/python3.12/pathlib.py:357: ResourceWarning: unclosed file <_io.TextIOWrapper name='/tmp/tmps126ycih/life/life.log' mode='a' encoding='UTF-8'>
  def __init__(self, *args):
ResourceWarning: Enable tracemalloc to get the object allocation traceback
../data/home/rohing/dream-state/organism_v6/lineage_guard.py:125: ResourceWarning: unclosed file <_io.TextIOWrapper name='/tmp/tmpbm1an0rw/life/life.log' mode='a' encoding='UTF-8'>
  def _scan(value):
ResourceWarning: Enable tracemalloc to get the object allocation traceback
/data/home/rohing/dream-state/organism_v6/lineage_guard.py:125: ResourceWarning: unclosed file <_io.TextIOWrapper name='/tmp/tmpo53_sbhz/life/life.log' mode='a' encoding='UTF-8'>
  def _scan(value):
ResourceWarning: Enable tracemalloc to get the object allocation traceback
.../usr/lib/python3.12/pathlib.py:369: ResourceWarning: unclosed file <_io.TextIOWrapper name='/tmp/tmp256ckmoo/life/life.log' mode='a' encoding='UTF-8'>
  path = os.fspath(arg)
ResourceWarning: Enable tracemalloc to get the object allocation traceback
/usr/lib/python3.12/pathlib.py:369: ResourceWarning: unclosed file <_io.TextIOWrapper name='/tmp/tmp8urlw9nc/life/life.log' mode='a' encoding='UTF-8'>
  path = os.fspath(arg)
ResourceWarning: Enable tracemalloc to get the object allocation traceback
/usr/lib/python3.12/pathlib.py:369: ResourceWarning: unclosed file <_io.TextIOWrapper name='/tmp/tmp1e5f_dfh/life/life.log' mode='a' encoding='UTF-8'>
  path = os.fspath(arg)
ResourceWarning: Enable tracemalloc to get the object allocation traceback
./data/home/rohing/dream-state/organism_v6/preschool_reasoning.py:357: ResourceWarning: unclosed file <_io.TextIOWrapper name='/tmp/tmp73q48x8s/life/life.log' mode='a' encoding='UTF-8'>
  def _require(condition, reason):
ResourceWarning: Enable tracemalloc to get the object allocation traceback
/data/home/rohing/dream-state/organism_v6/preschool_reasoning.py:357: ResourceWarning: unclosed file <_io.TextIOWrapper name='/tmp/tmpt8rv45iu/life/life.log' mode='a' encoding='UTF-8'>
  def _require(condition, reason):
ResourceWarning: Enable tracemalloc to get the object allocation traceback
../usr/lib/python3.12/json/decoder.py:337: ResourceWarning: unclosed file <_io.TextIOWrapper name='/tmp/tmpwczbhwlx/life/life.log' mode='a' encoding='UTF-8'>
  obj, end = self.raw_decode(s, idx=_w(s, 0).end())
ResourceWarning: Enable tracemalloc to get the object allocation traceback
................./usr/lib/python3.12/pathlib.py:407: ResourceWarning: unclosed file <_io.TextIOWrapper name='/tmp/tmpk8y4k5xh/life/life.log' mode='a' encoding='UTF-8'>
  def _load_parts(self):
ResourceWarning: Enable tracemalloc to get the object allocation traceback
/usr/lib/python3.12/pathlib.py:407: ResourceWarning: unclosed file <_io.TextIOWrapper name='/tmp/tmpykixt7gu/life/life.log' mode='a' encoding='UTF-8'>
  def _load_parts(self):
ResourceWarning: Enable tracemalloc to get the object allocation traceback
/usr/lib/python3.12/pathlib.py:407: ResourceWarning: unclosed file <_io.TextIOWrapper name='/tmp/tmphqx2a7n7/life/life.log' mode='a' encoding='UTF-8'>
  def _load_parts(self):
ResourceWarning: Enable tracemalloc to get the object allocation traceback
.....................................................
----------------------------------------------------------------------
Ran 138 tests in 36.206s

OK
