test_fit_receipt_checks_skipped_steps_and_original_recipe (test_astra_memory_cumulative_diagnostic.DataTests.test_fit_receipt_checks_skipped_steps_and_original_recipe) ... ok
test_native_cues_unchanged_new_ids_and_no_answer_leak (test_astra_memory_cumulative_diagnostic.DataTests.test_native_cues_unchanged_new_ids_and_no_answer_leak) ... ok
test_native_event_copy_order_and_unchanged_old_prefix (test_astra_memory_cumulative_diagnostic.DataTests.test_native_event_copy_order_and_unchanged_old_prefix) ... ok
test_native_scoring_off_on_and_abstention_measured (test_astra_memory_cumulative_diagnostic.DataTests.test_native_scoring_off_on_and_abstention_measured) ... ok
test_old_mask_change_rejected (test_astra_memory_cumulative_diagnostic.DataTests.test_old_mask_change_rejected) ... ok
test_real_forward_instrumentation_preserves_output (test_astra_memory_cumulative_diagnostic.DataTests.test_real_forward_instrumentation_preserves_output) ... ok
test_retention_denominator_and_global_bias_not_promoted (test_astra_memory_cumulative_diagnostic.DataTests.test_retention_denominator_and_global_bias_not_promoted) ... ok
test_snapshot_full_hashes_tokens_counts_no_budget_repadding (test_astra_memory_cumulative_diagnostic.DataTests.test_snapshot_full_hashes_tokens_counts_no_budget_repadding) ... ok
test_source_coverage_excludes_session_six (test_astra_memory_cumulative_diagnostic.DataTests.test_source_coverage_excludes_session_six) ... ok
test_truncation_and_empty_supervision_stop (test_astra_memory_cumulative_diagnostic.DataTests.test_truncation_and_empty_supervision_stop) ... ok
test_wrong_bank_or_duplicate_events_rejected (test_astra_memory_cumulative_diagnostic.DataTests.test_wrong_bank_or_duplicate_events_rejected) ... ok
test_failed_subprocess_has_cost_and_no_retry (test_astra_memory_cumulative_diagnostic.LifecycleTests.test_failed_subprocess_has_cost_and_no_retry) ... ok
test_native_fit_worker_uses_base_not_a1_and_rejects_replay (test_astra_memory_cumulative_diagnostic.LifecycleTests.test_native_fit_worker_uses_base_not_a1_and_rejects_replay) ... ok
test_native_read_worker_fresh_load_and_cue_hash_check (test_astra_memory_cumulative_diagnostic.LifecycleTests.test_native_read_worker_fresh_load_and_cue_hash_check) ... ok
test_no_gpu_opt_in_and_no_artifact_writes (test_astra_memory_cumulative_diagnostic.LifecycleTests.test_no_gpu_opt_in_and_no_artifact_writes) ... ok
test_preparation_drift_fails_closed (test_astra_memory_cumulative_diagnostic.LifecycleTests.test_preparation_drift_fails_closed) ... ok
test_preparation_immutable_native_hashes_and_row_audits (test_astra_memory_cumulative_diagnostic.LifecycleTests.test_preparation_immutable_native_hashes_and_row_audits) ... ok
test_preparation_rejects_real_weight_pin_mismatch (test_astra_memory_cumulative_diagnostic.LifecycleTests.test_preparation_rejects_real_weight_pin_mismatch) ... ok
test_six_fresh_processes_bounded_once_and_replay (test_astra_memory_cumulative_diagnostic.LifecycleTests.test_six_fresh_processes_bounded_once_and_replay) ... ok
test_supervisor_cpu_subprocess_timeout_cleanup (test_astra_memory_cumulative_diagnostic.LifecycleTests.test_supervisor_cpu_subprocess_timeout_cleanup) ... ok

----------------------------------------------------------------------
Ran 20 tests in 11.404s

OK
