/data/home/rohing/dream-state/organism_v6/reasoning_gym_gym.py:99: ResourceWarning: unclosed file <_io.TextIOWrapper name='/data/home/rohing/dream-state/organism_v6/bootstrap_reasoning_gym.txt' mode='r' encoding='UTF-8'>
  self._bootstrap = open(BOOTSTRAP_PATH).read()
ResourceWarning: Enable tracemalloc to get the object allocation traceback
/usr/lib/python3.12/pathlib.py:407: ResourceWarning: unclosed file <_io.TextIOWrapper name='/tmp/tmpeca4id7l/life/life.log' mode='a' encoding='UTF-8'>
  def _load_parts(self):
ResourceWarning: Enable tracemalloc to get the object allocation traceback
/usr/lib/python3.12/traceback.py:241: ResourceWarning: unclosed file <_io.TextIOWrapper name='/tmp/tmpcs_znmdx/life/life.log' mode='a' encoding='UTF-8'>
  tb.tb_frame.clear()
ResourceWarning: Enable tracemalloc to get the object allocation traceback
/usr/lib/python3.12/json/decoder.py:337: ResourceWarning: unclosed file <_io.TextIOWrapper name='/tmp/tmp_bjwdme2/life/life.log' mode='a' encoding='UTF-8'>
  obj, end = self.raw_decode(s, idx=_w(s, 0).end())
ResourceWarning: Enable tracemalloc to get the object allocation traceback
/data/home/rohing/dream-state/organism_v6/train_adapter.py:266: ResourceWarning: unclosed file <_io.TextIOWrapper name='/tmp/child_receipt_cpu_qiobid1u/adapter/DONE' mode='w' encoding='UTF-8'>
  open(os.path.join(args.out, "DONE"), "w").write("ok\n")
ResourceWarning: Enable tracemalloc to get the object allocation traceback
/data/home/rohing/dream-state/organism_v6/train_adapter.py:266: ResourceWarning: unclosed file <_io.TextIOWrapper name='/tmp/child_receipt_cpu_p05yaktk/adapter/DONE' mode='w' encoding='UTF-8'>
  open(os.path.join(args.out, "DONE"), "w").write("ok\n")
ResourceWarning: Enable tracemalloc to get the object allocation traceback
/data/home/rohing/dream-state/organism_v6/train_adapter.py:266: ResourceWarning: unclosed file <_io.TextIOWrapper name='/tmp/child_receipt_cpu_g0465edd/adapter/DONE' mode='w' encoding='UTF-8'>
  open(os.path.join(args.out, "DONE"), "w").write("ok\n")
ResourceWarning: Enable tracemalloc to get the object allocation traceback
/data/home/rohing/dream-state/organism_v6/train_adapter.py:266: ResourceWarning: unclosed file <_io.TextIOWrapper name='/tmp/child_receipt_cpu_287t6c4r/adapter/DONE' mode='w' encoding='UTF-8'>
  open(os.path.join(args.out, "DONE"), "w").write("ok\n")
ResourceWarning: Enable tracemalloc to get the object allocation traceback
/data/home/rohing/dream-state/organism_v6/train_adapter.py:266: ResourceWarning: unclosed file <_io.TextIOWrapper name='/tmp/child_receipt_cpu_a2la4opu/adapter/DONE' mode='w' encoding='UTF-8'>
  open(os.path.join(args.out, "DONE"), "w").write("ok\n")
ResourceWarning: Enable tracemalloc to get the object allocation traceback
/data/home/rohing/dream-state/organism_v6/run_life_v2.py:283: ResourceWarning: unclosed file <_io.TextIOWrapper name='/tmp/tmpb0lvkrzv/leak_scan.jsonl' mode='r' encoding='UTF-8'>
  for line in open(path):
ResourceWarning: Enable tracemalloc to get the object allocation traceback
/data/home/rohing/dream-state/organism_v6/run_life_v2.py:283: ResourceWarning: unclosed file <_io.TextIOWrapper name='/tmp/tmpy5gcmibu/leak_scan.jsonl' mode='r' encoding='UTF-8'>
  for line in open(path):
ResourceWarning: Enable tracemalloc to get the object allocation traceback
/data/home/rohing/dream-state/organism_v6/run_life_v2.py:283: ResourceWarning: unclosed file <_io.TextIOWrapper name='/tmp/tmppg8k8wvx/leak_scan.jsonl' mode='r' encoding='UTF-8'>
  for line in open(path):
ResourceWarning: Enable tracemalloc to get the object allocation traceback
/data/home/rohing/dream-state/organism_v6/parent_backend.py:27: ResourceWarning: unclosed file <_io.TextIOWrapper name='/data/home/rohing/dream-state/organism_v6/parent_prompt.txt' mode='r' encoding='UTF-8'>
  PARENT_BOOT = open(os.path.join(HERE, "parent_prompt.txt")).read()
ResourceWarning: Enable tracemalloc to get the object allocation traceback
/data/home/rohing/dream-state/tests/golden_harness.py:196: ResourceWarning: unclosed file <_io.TextIOWrapper name='/tmp/tmpnw8lwlb3/sleep_0008/corpus.json' mode='r' encoding='UTF-8'>
  n = len(json.load(open(corpus))["corpus"])
ResourceWarning: Enable tracemalloc to get the object allocation traceback
/data/home/rohing/dream-state/organism_v6/run_life_v2.py:725: ResourceWarning: unclosed file <_io.TextIOWrapper name='/tmp/tmpnw8lwlb3/sleep_0008/waking_brief.txt' mode='r' encoding='UTF-8'>
  t = open(p).read().strip()
ResourceWarning: Enable tracemalloc to get the object allocation traceback
/data/home/rohing/dream-state/organism_v6/run_life_v2.py:1111: ResourceWarning: unclosed file <_io.TextIOWrapper name='/tmp/tmpnw8lwlb3/sleep_0008/corpus.json' mode='r' encoding='UTF-8'>
  prior = json.load(open(cp))["corpus"]
ResourceWarning: Enable tracemalloc to get the object allocation traceback
/data/home/rohing/dream-state/tests/golden_harness.py:196: ResourceWarning: unclosed file <_io.TextIOWrapper name='/tmp/tmpnw8lwlb3/sleep_0016/corpus.json' mode='r' encoding='UTF-8'>
  n = len(json.load(open(corpus))["corpus"])
ResourceWarning: Enable tracemalloc to get the object allocation traceback
/data/home/rohing/dream-state/organism_v6/run_life_v2.py:725: ResourceWarning: unclosed file <_io.TextIOWrapper name='/tmp/tmpnw8lwlb3/sleep_0016/waking_brief.txt' mode='r' encoding='UTF-8'>
  t = open(p).read().strip()
ResourceWarning: Enable tracemalloc to get the object allocation traceback
/data/home/rohing/dream-state/tests/test_builder_reproducibility.py:38: ResourceWarning: unclosed file <_io.TextIOWrapper name='/tmp/tmpnw8lwlb3/life.log' mode='a' encoding='UTF-8'>
  run_life_v2.main()
ResourceWarning: Enable tracemalloc to get the object allocation traceback
/data/home/rohing/dream-state/organism_v6/multikey_writer_gateway_simple.py:665: ResourceWarning: unclosed file <_io.TextIOWrapper name='/tmp/tmpir396v0a/life/life.log' mode='a' encoding='UTF-8'>
  records[request["id"]] = dict(request=payload, attempts=[output])
ResourceWarning: Enable tracemalloc to get the object allocation traceback
/data/home/rohing/dream-state/organism_v6/multikey_writer_gateway_simple.py:665: ResourceWarning: unclosed file <_io.TextIOWrapper name='/tmp/tmpchohaxf5/life/life.log' mode='a' encoding='UTF-8'>
  records[request["id"]] = dict(request=payload, attempts=[output])
ResourceWarning: Enable tracemalloc to get the object allocation traceback
/data/home/rohing/dream-state/organism_v6/multikey_writer_gateway_simple.py:665: ResourceWarning: unclosed file <_io.TextIOWrapper name='/tmp/tmp69nkkolk/life/life.log' mode='a' encoding='UTF-8'>
  records[request["id"]] = dict(request=payload, attempts=[output])
ResourceWarning: Enable tracemalloc to get the object allocation traceback
----------------------------------------------------------------------
Ran 277 tests in 19.984s

OK
