test_actual_help_and_gpu_opt_in (__main__.CLITests.test_actual_help_and_gpu_opt_in) ... ok
test_collect_dispatch (__main__.CLITests.test_collect_dispatch) ... ok
test_prepare_dispatch (__main__.CLITests.test_prepare_dispatch) ... ok
test_real_formation_command_dispatch (__main__.CLITests.test_real_formation_command_dispatch) ... ok
test_real_worker_command_dispatch (__main__.CLITests.test_real_worker_command_dispatch) ... ok
test_status_dispatch (__main__.CLITests.test_status_dispatch) ... ok
/data/home/rohing/dream-state/organism_v6/nursery_dialogue.py:43: ResourceWarning: unclosed file <_io.TextIOWrapper name='/data/home/rohing/dream-state/organism_v6/parent_prompt.txt' mode='r' encoding='UTF-8'>
  PARENT_BOOT = open(os.path.join(HERE, "parent_prompt.txt")).read()
ResourceWarning: Enable tracemalloc to get the object allocation traceback
test_actual_isolated_normalizer_cli (__main__.FormationTests.test_actual_isolated_normalizer_cli) ... ok
test_actual_worker_uses_one_role_backend_and_durable_barrier (__main__.FormationTests.test_actual_worker_uses_one_role_backend_and_durable_barrier) ... ok
test_altered_or_deranged_normalized_adapter_rejected (__main__.FormationTests.test_altered_or_deranged_normalized_adapter_rejected) ... ok
test_changed_birth_artifact_detected (__main__.FormationTests.test_changed_birth_artifact_detected) ... ok
test_complete_collection_and_consumer_release_api (__main__.FormationTests.test_complete_collection_and_consumer_release_api) ... ok
test_complete_sixty_call_journal_precedes_replay (__main__.FormationTests.test_complete_sixty_call_journal_precedes_replay) ... ok
test_failed_collection_does_not_replay_or_promote (__main__.FormationTests.test_failed_collection_does_not_replay_or_promote) ... ok
test_incomplete_release_fails_before_completion_normalization (__main__.FormationTests.test_incomplete_release_fails_before_completion_normalization) ... ok
test_live_owned_session_blocks_collection_before_outcome_reads (__main__.FormationTests.test_live_owned_session_blocks_collection_before_outcome_reads) ... ok
test_missing_raw_pair_rejected_before_replay (__main__.FormationTests.test_missing_raw_pair_rejected_before_replay) ... ok
test_no_reuse_of_prepared_root (__main__.FormationTests.test_no_reuse_of_prepared_root) ... ok
test_normalized_exact_terminal_auth_and_release_joins (__main__.FormationTests.test_normalized_exact_terminal_auth_and_release_joins) ... ok
test_prepare_and_check_new_snapshot_binding (__main__.FormationTests.test_prepare_and_check_new_snapshot_binding) ... ok
test_second_vacancy_failure_keeps_archive_unaccepted (__main__.FormationTests.test_second_vacancy_failure_keeps_archive_unaccepted) ... ok
test_unknown_or_credential_metadata_rejected (__main__.FormationTests.test_unknown_or_credential_metadata_rejected) ... ok
test_wrong_birth_pin_or_release_hash_rejected (__main__.FormationTests.test_wrong_birth_pin_or_release_hash_rejected) ... ok
test_wrong_or_missing_role_source_preserves_failed_prepare (__main__.FormationTests.test_wrong_or_missing_role_source_preserves_failed_prepare) ... ok
test_wrong_parent_route_rejected (__main__.FormationTests.test_wrong_parent_route_rejected) ... ok

----------------------------------------------------------------------
Ran 24 tests in 68.899s

OK
