test_actual_tuner_disabled_merged_wrong_or_nonbool_rejected (__main__.AccessTests.test_actual_tuner_disabled_merged_wrong_or_nonbool_rejected) ... ok
test_bad_template_and_truncation_rejected (__main__.AccessTests.test_bad_template_and_truncation_rejected) ... ok
test_exact_forward_budget_and_no_generation_or_updates (__main__.AccessTests.test_exact_forward_budget_and_no_generation_or_updates) ... ok
test_frozen_source_and_collection_metadata (__main__.AccessTests.test_frozen_source_and_collection_metadata) ... ok
test_missing_tuners_or_wrong_model_route_rejected (__main__.AccessTests.test_missing_tuners_or_wrong_model_route_rejected) ... ok
test_mock_hf_forward_rejects_nonfinite_logits (__main__.AccessTests.test_mock_hf_forward_rejects_nonfinite_logits) ... ok
test_mock_hf_forward_uses_causal_shift_no_labels_or_generation (__main__.AccessTests.test_mock_hf_forward_uses_causal_shift_no_labels_or_generation) ... ok
test_native_gate_and_external_output_protection (__main__.AccessTests.test_native_gate_and_external_output_protection) ... ok
test_nonfinite_scores_and_deadline_fail_closed (__main__.AccessTests.test_nonfinite_scores_and_deadline_fail_closed) ... ok
test_off_receipt_roundtrip_and_pin_mask_work_rejections (__main__.AccessTests.test_off_receipt_roundtrip_and_pin_mask_work_rejections) ... ok
test_optional_newline_is_scored_not_stripped (__main__.AccessTests.test_optional_newline_is_scored_not_stripped) ... ok
test_pure_summary_separates_access_gap_and_length_metrics (__main__.AccessTests.test_pure_summary_separates_access_gap_and_length_metrics) ... ok
test_tensor_records_accept_exact_converted_values_reject_drift (__main__.AccessTests.test_tensor_records_accept_exact_converted_values_reject_drift) ... ok
test_three_worker_state_pid_encoding_and_envelope_rejections (__main__.AccessTests.test_three_worker_state_pid_encoding_and_envelope_rejections) ... ok
test_ties_not_arbitrarily_assigned_and_no_single_token_assumption (__main__.AccessTests.test_ties_not_arbitrarily_assigned_and_no_single_token_assumption) ... ok
test_tuner_route_checks_ignore_transformers_control_method (__main__.AccessTests.test_tuner_route_checks_ignore_transformers_control_method) ... ok
test_unequal_lengths_mask_eos_and_first_divergence (__main__.AccessTests.test_unequal_lengths_mask_eos_and_first_divergence) ... ok
test_archived_training_mask_change_rejected (__main__.ArchiveBoundaryTests.test_archived_training_mask_change_rejected) ... ok
test_archived_training_masks_and_exact_captured_prompts_roundtrip (__main__.ArchiveBoundaryTests.test_archived_training_masks_and_exact_captured_prompts_roundtrip) ... ok
test_original_held_prompt_change_rejected (__main__.ArchiveBoundaryTests.test_original_held_prompt_change_rejected) ... ok

----------------------------------------------------------------------
Ran 20 tests in 2.832s

OK
