test_archive_changed_after_pack_not_certified (test_astra_rulegame_process_readout_collect_20260912.CollectorTests.test_archive_changed_after_pack_not_certified) ... ok
test_blind_status_and_session_descendant_barrier (test_astra_rulegame_process_readout_collect_20260912.CollectorTests.test_blind_status_and_session_descendant_barrier) ... ok
test_collection_never_loads_backend_fits_or_exports_targets (test_astra_rulegame_process_readout_collect_20260912.CollectorTests.test_collection_never_loads_backend_fits_or_exports_targets) ... ok
test_complete_actual_process_schema_metrics_costs_archive_and_no_retries (test_astra_rulegame_process_readout_collect_20260912.CollectorTests.test_complete_actual_process_schema_metrics_costs_archive_and_no_retries) ... ok
test_controller_worker_call_limits_and_freshness (test_astra_rulegame_process_readout_collect_20260912.CollectorTests.test_controller_worker_call_limits_and_freshness) ... ok
test_explicit_write_and_driver_pins_and_launch_source (test_astra_rulegame_process_readout_collect_20260912.CollectorTests.test_explicit_write_and_driver_pins_and_launch_source) ... ok
test_external_expiry_not_swallowed_and_timer_restored (test_astra_rulegame_process_readout_collect_20260912.CollectorTests.test_external_expiry_not_swallowed_and_timer_restored) ... ok
test_foreign_queue_or_GPU_refusal_no_kills_no_aggregate (test_astra_rulegame_process_readout_collect_20260912.CollectorTests.test_foreign_queue_or_GPU_refusal_no_kills_no_aggregate) ... ok
test_forged_pretry_or_faithful_metric_never_accepted (test_astra_rulegame_process_readout_collect_20260912.CollectorTests.test_forged_pretry_or_faithful_metric_never_accepted) ... ok
test_invalid_quiz_zero_fixed24_not_valid_only (test_astra_rulegame_process_readout_collect_20260912.CollectorTests.test_invalid_quiz_zero_fixed24_not_valid_only) ... ok
test_launch_writer_pin_optional_but_never_conflicting (test_astra_rulegame_process_readout_collect_20260912.CollectorTests.test_launch_writer_pin_optional_but_never_conflicting) ... ok
test_missing_or_ambiguous_terminal_blocks_without_output (test_astra_rulegame_process_readout_collect_20260912.CollectorTests.test_missing_or_ambiguous_terminal_blocks_without_output) ... ok
test_mutation_during_collection_never_validated (test_astra_rulegame_process_readout_collect_20260912.CollectorTests.test_mutation_during_collection_never_validated) ... ok
test_native_prompt_ID_tamper_resealed_fails_science (test_astra_rulegame_process_readout_collect_20260912.CollectorTests.test_native_prompt_ID_tamper_resealed_fails_science) ... ok
test_parent_prompt_and_wrong_worker_adapter_rejected (test_astra_rulegame_process_readout_collect_20260912.CollectorTests.test_parent_prompt_and_wrong_worker_adapter_rejected) ... ok
test_partial_failed_middle_preserved_with_null_aggregate (test_astra_rulegame_process_readout_collect_20260912.CollectorTests.test_partial_failed_middle_preserved_with_null_aggregate) ... ok
test_recorded_write_release_path_hash_and_acceptance_are_required (test_astra_rulegame_process_readout_collect_20260912.CollectorTests.test_recorded_write_release_path_hash_and_acceptance_are_required) ... ok
test_write_adapter_mutation_leaves_failed_attempt_not_valid_archive (test_astra_rulegame_process_readout_collect_20260912.CollectorTests.test_write_adapter_mutation_leaves_failed_attempt_not_valid_archive) ... ok
test_write_release_mutation_during_packing_fails_closed (test_astra_rulegame_process_readout_collect_20260912.CollectorTests.test_write_release_mutation_during_packing_fails_closed) ... ok
test_bootstrap_pin_and_special_file_fail_before_execution (test_astra_rulegame_process_readout_collect_20260912.SafetyTests.test_bootstrap_pin_and_special_file_fail_before_execution) ... ok
test_full_release_helper_UUID_occupancy_and_unmasked_requirement (test_astra_rulegame_process_readout_collect_20260912.SafetyTests.test_full_release_helper_UUID_occupancy_and_unmasked_requirement) ... ok
test_raw_role_and_call_deadline_bound (test_astra_rulegame_process_readout_collect_20260912.SafetyTests.test_raw_role_and_call_deadline_bound) ... ok
test_safe_archive_hash_validation_and_exclusive_creation (test_astra_rulegame_process_readout_collect_20260912.SafetyTests.test_safe_archive_hash_validation_and_exclusive_creation) ... ok
test_symlink_hardlink_special_and_size_limits (test_astra_rulegame_process_readout_collect_20260912.SafetyTests.test_symlink_hardlink_special_and_size_limits) ... ok
test_weight_exclusion_and_unknown_or_secret_rejection (test_astra_rulegame_process_readout_collect_20260912.SafetyTests.test_weight_exclusion_and_unknown_or_secret_rejection) ... ok

----------------------------------------------------------------------
Ran 25 tests in 91.315s

OK
