................/data/home/rohing/dream-state/organism_v6/reasoning_gym_gym.py:99: ResourceWarning: unclosed file <_io.TextIOWrapper name='/data/home/rohing/dream-state/organism_v6/bootstrap_reasoning_gym.txt' mode='r' encoding='UTF-8'>
  self._bootstrap = open(BOOTSTRAP_PATH).read()
ResourceWarning: Enable tracemalloc to get the object allocation traceback
../data/home/rohing/dream-state/organism_v6/preschool_reasoning.py:664: ResourceWarning: unclosed file <_io.TextIOWrapper name='/tmp/tmp8by6j_pk/life/life.log' mode='a' encoding='UTF-8'>
  stamps = [{field: row[field] for field in _LEDGER_PROVENANCE_FIELDS if field in row} for row in rows]
ResourceWarning: Enable tracemalloc to get the object allocation traceback
/data/home/rohing/dream-state/organism_v6/preschool_reasoning.py:664: ResourceWarning: unclosed file <_io.TextIOWrapper name='/tmp/tmpl5ahubbs/life/life.log' mode='a' encoding='UTF-8'>
  stamps = [{field: row[field] for field in _LEDGER_PROVENANCE_FIELDS if field in row} for row in rows]
ResourceWarning: Enable tracemalloc to get the object allocation traceback
.../usr/lib/python3.12/traceback.py:241: ResourceWarning: unclosed file <_io.TextIOWrapper name='/tmp/tmp6im6o6yi/life/life.log' mode='a' encoding='UTF-8'>
  tb.tb_frame.clear()
ResourceWarning: Enable tracemalloc to get the object allocation traceback
.../data/home/rohing/dream-state/organism_v6/preschool_reasoning.py:664: ResourceWarning: unclosed file <_io.TextIOWrapper name='/tmp/tmpbmb01rbc/life/life.log' mode='a' encoding='UTF-8'>
  stamps = [{field: row[field] for field in _LEDGER_PROVENANCE_FIELDS if field in row} for row in rows]
ResourceWarning: Enable tracemalloc to get the object allocation traceback
/data/home/rohing/dream-state/organism_v6/preschool_reasoning.py:664: ResourceWarning: unclosed file <_io.TextIOWrapper name='/tmp/tmpfkh2d40y/life/life.log' mode='a' encoding='UTF-8'>
  stamps = [{field: row[field] for field in _LEDGER_PROVENANCE_FIELDS if field in row} for row in rows]
ResourceWarning: Enable tracemalloc to get the object allocation traceback
/data/home/rohing/dream-state/organism_v6/preschool_reasoning.py:664: ResourceWarning: unclosed file <_io.TextIOWrapper name='/tmp/tmpboxamfrt/life/life.log' mode='a' encoding='UTF-8'>
  stamps = [{field: row[field] for field in _LEDGER_PROVENANCE_FIELDS if field in row} for row in rows]
ResourceWarning: Enable tracemalloc to get the object allocation traceback
...../usr/lib/python3.12/json/decoder.py:337: ResourceWarning: unclosed file <_io.TextIOWrapper name='/tmp/tmpjz1f2e8q/life/life.log' mode='a' encoding='UTF-8'>
  obj, end = self.raw_decode(s, idx=_w(s, 0).end())
ResourceWarning: Enable tracemalloc to get the object allocation traceback
/usr/lib/python3.12/json/decoder.py:337: ResourceWarning: unclosed file <_io.TextIOWrapper name='/tmp/tmpls9ahxca/life/life.log' mode='a' encoding='UTF-8'>
  obj, end = self.raw_decode(s, idx=_w(s, 0).end())
ResourceWarning: Enable tracemalloc to get the object allocation traceback
/usr/lib/python3.12/json/decoder.py:337: ResourceWarning: unclosed file <_io.TextIOWrapper name='/tmp/tmpiw8ac02d/life/life.log' mode='a' encoding='UTF-8'>
  obj, end = self.raw_decode(s, idx=_w(s, 0).end())
ResourceWarning: Enable tracemalloc to get the object allocation traceback
/usr/lib/python3.12/json/decoder.py:337: ResourceWarning: unclosed file <_io.TextIOWrapper name='/tmp/tmpuegm9nm4/life/life.log' mode='a' encoding='UTF-8'>
  obj, end = self.raw_decode(s, idx=_w(s, 0).end())
ResourceWarning: Enable tracemalloc to get the object allocation traceback
..../usr/lib/python3.12/json/decoder.py:337: ResourceWarning: unclosed file <_io.TextIOWrapper name='/tmp/tmpvfrl21oq/life/life.log' mode='a' encoding='UTF-8'>
  obj, end = self.raw_decode(s, idx=_w(s, 0).end())
ResourceWarning: Enable tracemalloc to get the object allocation traceback
/usr/lib/python3.12/json/decoder.py:337: ResourceWarning: unclosed file <_io.TextIOWrapper name='/tmp/tmpkbhz99u1/life/life.log' mode='a' encoding='UTF-8'>
  obj, end = self.raw_decode(s, idx=_w(s, 0).end())
ResourceWarning: Enable tracemalloc to get the object allocation traceback
/data/home/rohing/dream-state/organism_v6/run_life_v2.py:291: ResourceWarning: unclosed file <_io.TextIOWrapper name='/tmp/tmp0db838y6/life/leak_scan.jsonl' mode='r' encoding='UTF-8'>
  for line in open(path):
ResourceWarning: Enable tracemalloc to get the object allocation traceback
.........................................................................................................../usr/lib/python3.12/pathlib.py:387: ResourceWarning: unclosed file <_io.TextIOWrapper name='/tmp/tmpt10dv4bt/life/life.log' mode='a' encoding='UTF-8'>
  @classmethod
ResourceWarning: Enable tracemalloc to get the object allocation traceback
/usr/lib/python3.12/pathlib.py:387: ResourceWarning: unclosed file <_io.TextIOWrapper name='/tmp/tmpqbc8wkpl/life/life.log' mode='a' encoding='UTF-8'>
  @classmethod
ResourceWarning: Enable tracemalloc to get the object allocation traceback
/usr/lib/python3.12/pathlib.py:387: ResourceWarning: unclosed file <_io.TextIOWrapper name='/tmp/tmpgucbqq_4/life/life.log' mode='a' encoding='UTF-8'>
  @classmethod
ResourceWarning: Enable tracemalloc to get the object allocation traceback
/usr/lib/python3.12/pathlib.py:387: ResourceWarning: unclosed file <_io.TextIOWrapper name='/tmp/tmpzu0w5smx/life/life.log' mode='a' encoding='UTF-8'>
  @classmethod
ResourceWarning: Enable tracemalloc to get the object allocation traceback
/usr/lib/python3.12/pathlib.py:387: ResourceWarning: unclosed file <_io.TextIOWrapper name='/tmp/tmpexxnurjj/life/life.log' mode='a' encoding='UTF-8'>
  @classmethod
ResourceWarning: Enable tracemalloc to get the object allocation traceback
/usr/lib/python3.12/pathlib.py:387: ResourceWarning: unclosed file <_io.TextIOWrapper name='/tmp/tmphy_11nck/life/life.log' mode='a' encoding='UTF-8'>
  @classmethod
ResourceWarning: Enable tracemalloc to get the object allocation traceback
/usr/lib/python3.12/pathlib.py:387: ResourceWarning: unclosed file <_io.TextIOWrapper name='/tmp/tmp4iusq_gg/life/life.log' mode='a' encoding='UTF-8'>
  @classmethod
ResourceWarning: Enable tracemalloc to get the object allocation traceback
/data/home/rohing/dream-state/organism_v6/preschool_reasoning.py:664: ResourceWarning: unclosed file <_io.TextIOWrapper name='/tmp/tmp0db838y6/life/life.log' mode='a' encoding='UTF-8'>
  stamps = [{field: row[field] for field in _LEDGER_PROVENANCE_FIELDS if field in row} for row in rows]
ResourceWarning: Enable tracemalloc to get the object allocation traceback
/data/home/rohing/dream-state/organism_v6/preschool_reasoning.py:664: ResourceWarning: unclosed file <_io.TextIOWrapper name='/tmp/tmp48elwoz3/life/life.log' mode='a' encoding='UTF-8'>
  stamps = [{field: row[field] for field in _LEDGER_PROVENANCE_FIELDS if field in row} for row in rows]
ResourceWarning: Enable tracemalloc to get the object allocation traceback
./data/home/rohing/dream-state/organism_v6/train_adapter.py:266: ResourceWarning: unclosed file <_io.TextIOWrapper name='/tmp/child_receipt_cpu_zn8mv4_4/adapter/DONE' mode='w' encoding='UTF-8'>
  open(os.path.join(args.out, "DONE"), "w").write("ok\n")
ResourceWarning: Enable tracemalloc to get the object allocation traceback
../data/home/rohing/dream-state/organism_v6/train_adapter.py:266: ResourceWarning: unclosed file <_io.TextIOWrapper name='/tmp/child_receipt_cpu_2jeunmff/adapter/DONE' mode='w' encoding='UTF-8'>
  open(os.path.join(args.out, "DONE"), "w").write("ok\n")
ResourceWarning: Enable tracemalloc to get the object allocation traceback
.............../data/home/rohing/dream-state/organism_v6/train_adapter.py:266: ResourceWarning: unclosed file <_io.TextIOWrapper name='/tmp/child_receipt_cpu_t81_infn/adapter/DONE' mode='w' encoding='UTF-8'>
  open(os.path.join(args.out, "DONE"), "w").write("ok\n")
ResourceWarning: Enable tracemalloc to get the object allocation traceback
./data/home/rohing/dream-state/organism_v6/train_adapter.py:266: ResourceWarning: unclosed file <_io.TextIOWrapper name='/tmp/child_receipt_cpu_i9zoryrl/adapter/DONE' mode='w' encoding='UTF-8'>
  open(os.path.join(args.out, "DONE"), "w").write("ok\n")
ResourceWarning: Enable tracemalloc to get the object allocation traceback
......./data/home/rohing/dream-state/organism_v6/train_adapter.py:266: ResourceWarning: unclosed file <_io.TextIOWrapper name='/tmp/child_receipt_cpu_2b1r4qgr/adapter/DONE' mode='w' encoding='UTF-8'>
  open(os.path.join(args.out, "DONE"), "w").write("ok\n")
ResourceWarning: Enable tracemalloc to get the object allocation traceback
........................................................................................................../data/home/rohing/dream-state/organism_v6/preschool.py:388: ResourceWarning: unclosed file <_io.TextIOWrapper name='/tmp/preschool_provenance_h3y0yj5x/articulation_state.json' mode='r' encoding='UTF-8'>
  return json.load(open(p))
ResourceWarning: Enable tracemalloc to get the object allocation traceback
...../data/home/rohing/dream-state/organism_v6/parent_backend.py:27: ResourceWarning: unclosed file <_io.TextIOWrapper name='/data/home/rohing/dream-state/organism_v6/parent_prompt.txt' mode='r' encoding='UTF-8'>
  PARENT_BOOT = open(os.path.join(HERE, "parent_prompt.txt")).read()
ResourceWarning: Enable tracemalloc to get the object allocation traceback
/data/home/rohing/dream-state/organism_v6/preschool.py:524: ResourceWarning: unclosed file <_io.TextIOWrapper name='/tmp/preschool_provenance_wvzi6drw/B0_A/sleep_0032/corpus.json' mode='r' encoding='UTF-8'>
  legacy_items = json.load(open(corpus_path))["corpus"] if os.path.exists(corpus_path) else []
ResourceWarning: Enable tracemalloc to get the object allocation traceback
/data/home/rohing/dream-state/organism_v6/run_life_v2.py:734: ResourceWarning: unclosed file <_io.TextIOWrapper name='/tmp/preschool_provenance_wvzi6drw/B0_A/sleep_0032/waking_brief.txt' mode='r' encoding='UTF-8'>
  t = open(p).read().strip()
ResourceWarning: Enable tracemalloc to get the object allocation traceback
/data/home/rohing/dream-state/tests/golden_harness.py:301: ResourceWarning: unclosed file <_io.TextIOWrapper name='/tmp/preschool_provenance_wvzi6drw/B0_A/life.log' mode='a' encoding='UTF-8'>
  run_life_v2.main()
ResourceWarning: Enable tracemalloc to get the object allocation traceback
/data/home/rohing/dream-state/organism_v6/preschool.py:524: ResourceWarning: unclosed file <_io.TextIOWrapper name='/tmp/preschool_provenance_wvzi6drw/B0_B/sleep_0032/corpus.json' mode='r' encoding='UTF-8'>
  legacy_items = json.load(open(corpus_path))["corpus"] if os.path.exists(corpus_path) else []
ResourceWarning: Enable tracemalloc to get the object allocation traceback
/data/home/rohing/dream-state/tests/golden_harness.py:196: ResourceWarning: unclosed file <_io.TextIOWrapper name='/tmp/preschool_provenance_wvzi6drw/B0_B/sleep_0032/corpus.json' mode='r' encoding='UTF-8'>
  n = len(json.load(open(corpus))["corpus"])
ResourceWarning: Enable tracemalloc to get the object allocation traceback
/data/home/rohing/dream-state/organism_v6/run_life_v2.py:734: ResourceWarning: unclosed file <_io.TextIOWrapper name='/tmp/preschool_provenance_wvzi6drw/B0_B/sleep_0032/waking_brief.txt' mode='r' encoding='UTF-8'>
  t = open(p).read().strip()
ResourceWarning: Enable tracemalloc to get the object allocation traceback
/data/home/rohing/dream-state/tests/golden_harness.py:301: ResourceWarning: unclosed file <_io.TextIOWrapper name='/tmp/preschool_provenance_wvzi6drw/B0_B/life.log' mode='a' encoding='UTF-8'>
  run_life_v2.main()
ResourceWarning: Enable tracemalloc to get the object allocation traceback
./data/home/rohing/dream-state/research_notes/analysis/articulation_gate_audit.py:107: ResourceWarning: unclosed file <_io.TextIOWrapper name='/tmp/tmp0cdle_v6/life/life.log' mode='a' encoding='UTF-8'>
  d["ints"].update(m.group(0) for m in NUM.finditer(PCT.sub(" ", out)))
ResourceWarning: Enable tracemalloc to get the object allocation traceback
/data/home/rohing/dream-state/organism_v6/preschool.py:524: ResourceWarning: unclosed file <_io.TextIOWrapper name='/tmp/preschool_provenance_90zno2d9/B0_A/sleep_0032/corpus.json' mode='r' encoding='UTF-8'>
  legacy_items = json.load(open(corpus_path))["corpus"] if os.path.exists(corpus_path) else []
ResourceWarning: Enable tracemalloc to get the object allocation traceback
/data/home/rohing/dream-state/organism_v6/run_life_v2.py:734: ResourceWarning: unclosed file <_io.TextIOWrapper name='/tmp/preschool_provenance_90zno2d9/B0_A/sleep_0032/waking_brief.txt' mode='r' encoding='UTF-8'>
  t = open(p).read().strip()
ResourceWarning: Enable tracemalloc to get the object allocation traceback
/data/home/rohing/dream-state/tests/golden_harness.py:301: ResourceWarning: unclosed file <_io.TextIOWrapper name='/tmp/preschool_provenance_90zno2d9/B0_A/life.log' mode='a' encoding='UTF-8'>
  run_life_v2.main()
ResourceWarning: Enable tracemalloc to get the object allocation traceback
/data/home/rohing/dream-state/organism_v6/preschool.py:524: ResourceWarning: unclosed file <_io.TextIOWrapper name='/tmp/preschool_provenance_90zno2d9/B0_B/sleep_0032/corpus.json' mode='r' encoding='UTF-8'>
  legacy_items = json.load(open(corpus_path))["corpus"] if os.path.exists(corpus_path) else []
ResourceWarning: Enable tracemalloc to get the object allocation traceback
/data/home/rohing/dream-state/organism_v6/run_life_v2.py:734: ResourceWarning: unclosed file <_io.TextIOWrapper name='/tmp/preschool_provenance_90zno2d9/B0_B/sleep_0032/waking_brief.txt' mode='r' encoding='UTF-8'>
  t = open(p).read().strip()
ResourceWarning: Enable tracemalloc to get the object allocation traceback
/data/home/rohing/dream-state/tests/golden_harness.py:301: ResourceWarning: unclosed file <_io.TextIOWrapper name='/tmp/preschool_provenance_90zno2d9/B0_B/life.log' mode='a' encoding='UTF-8'>
  run_life_v2.main()
ResourceWarning: Enable tracemalloc to get the object allocation traceback
......./data/home/rohing/dream-state/organism_v6/preschool.py:302: ResourceWarning: unclosed file <_io.TextIOWrapper name='/tmp/preschool_provenance_f2nsppfw/lesson_deliveries.jsonl' mode='r' encoding='UTF-8'>
  for line in open(path):
ResourceWarning: Enable tracemalloc to get the object allocation traceback
..../data/home/rohing/dream-state/organism_v6/preschool.py:388: ResourceWarning: unclosed file <_io.TextIOWrapper name='/tmp/preschool_provenance_jjt1idos/articulation_state.json' mode='r' encoding='UTF-8'>
  return json.load(open(p))
ResourceWarning: Enable tracemalloc to get the object allocation traceback
../data/home/rohing/dream-state/organism_v6/preschool.py:524: ResourceWarning: unclosed file <_io.TextIOWrapper name='/tmp/preschool_provenance_rukuige1/sleep_0032/corpus.json' mode='r' encoding='UTF-8'>
  legacy_items = json.load(open(corpus_path))["corpus"] if os.path.exists(corpus_path) else []
ResourceWarning: Enable tracemalloc to get the object allocation traceback
./data/home/rohing/dream-state/organism_v6/preschool.py:524: ResourceWarning: unclosed file <_io.TextIOWrapper name='/tmp/preschool_provenance_716p5seo/sleep_0032/corpus.json' mode='r' encoding='UTF-8'>
  legacy_items = json.load(open(corpus_path))["corpus"] if os.path.exists(corpus_path) else []
ResourceWarning: Enable tracemalloc to get the object allocation traceback
................................................................................................
----------------------------------------------------------------------
Ran 388 tests in 41.816s

OK
B0_NEW_CPU_RECEIPT diverse=True {"A": {"admitted": 506, "corpus_items": 174, "corpus_sha256": "c8a5f679203aa4b5f79a94d559a2a0f1d83329433d6ff8e5ff20a849b4229b28", "rejection_families": {"duplicate": 6}, "tape_sha256": "ccc26e316433a875257885851cbd3a8e2386502d660b704e38a5a9c40c8fbf92"}, "B": {"admitted": 506, "corpus_items": 174, "corpus_sha256": "c8a5f679203aa4b5f79a94d559a2a0f1d83329433d6ff8e5ff20a849b4229b28", "rejection_families": {"duplicate": 6}, "tape_sha256": "ccc26e316433a875257885851cbd3a8e2386502d660b704e38a5a9c40c8fbf92"}}
B0_NEW_CPU_RECEIPT diverse=False {"A": {"admitted": 21, "corpus_items": 19, "corpus_sha256": "279294c2fc87609833dc845ff270a8903f43c42985bce04326e2c7839f7de4c1", "rejection_families": {"duplicate": 88, "no-measurement": 32}, "tape_sha256": "6c1e0d940e12e90ad14b346f5ec82b4871ca325c7e8a5f3d144ec38b19a09a90"}, "B": {"admitted": 21, "corpus_items": 19, "corpus_sha256": "279294c2fc87609833dc845ff270a8903f43c42985bce04326e2c7839f7de4c1", "rejection_families": {"duplicate": 88, "no-measurement": 32}, "tape_sha256": "6c1e0d940e12e90ad14b346f5ec82b4871ca325c7e8a5f3d144ec38b19a09a90"}}
