test_actual_tokenizer_live_note_headroom_and_nontransparent_template (test_constraint_demonstration_diagnostic.DemonstrationTests.test_actual_tokenizer_live_note_headroom_and_nontransparent_template) ... ok
test_all32_calls_all_source_failures_still_transfer_no_note_rerender (test_constraint_demonstration_diagnostic.DemonstrationTests.test_all32_calls_all_source_failures_still_transfer_no_note_rerender) ... ok
test_captured_prior_union_preserves_input_and_pending_is_not_ready (test_constraint_demonstration_diagnostic.DemonstrationTests.test_captured_prior_union_preserves_input_and_pending_is_not_ready) ... ok
test_changed_pair_model_or_source_hash_fails (test_constraint_demonstration_diagnostic.DemonstrationTests.test_changed_pair_model_or_source_hash_fails) ... ok
test_duplicate_question_and_candidate_hashes_fail_without_replacement (test_constraint_demonstration_diagnostic.DemonstrationTests.test_duplicate_question_and_candidate_hashes_fail_without_replacement) ... ok
test_echo_distinguished_from_reformatted_same_check_and_other_valid_witness (test_constraint_demonstration_diagnostic.DemonstrationTests.test_echo_distinguished_from_reformatted_same_check_and_other_valid_witness) ... ok
test_fixed_16_questions_balanced_source_and_copied_witness_really_invalid (test_constraint_demonstration_diagnostic.DemonstrationTests.test_fixed_16_questions_balanced_source_and_copied_witness_really_invalid) ... ok
test_id_collision_or_nontraining_stops_before_reading_questions (test_constraint_demonstration_diagnostic.DemonstrationTests.test_id_collision_or_nontraining_stops_before_reading_questions) ... ok
test_incomplete_raw_generation_is_preserved_and_not_complete (test_constraint_demonstration_diagnostic.DemonstrationTests.test_incomplete_raw_generation_is_preserved_and_not_complete) ... ok
test_native_preparation_cli_no_gpu_and_fixed_sampler (test_constraint_demonstration_diagnostic.DemonstrationTests.test_native_preparation_cli_no_gpu_and_fixed_sampler) ... ok
test_original_checker_rejects_coordinate_strings_no_salvage (test_constraint_demonstration_diagnostic.DemonstrationTests.test_original_checker_rejects_coordinate_strings_no_salvage) ... ok
test_prior_actual_content_required_and_captured_without_prompt_exposure (test_constraint_demonstration_diagnostic.DemonstrationTests.test_prior_actual_content_required_and_captured_without_prompt_exposure) ... ok
test_prior_actual_question_or_candidate_collision_fails_no_replacement (test_constraint_demonstration_diagnostic.DemonstrationTests.test_prior_actual_question_or_candidate_collision_fails_no_replacement) ... ok
test_prior_content_cli_paths_pass_through (test_constraint_demonstration_diagnostic.DemonstrationTests.test_prior_content_cli_paths_pass_through) ... ok
test_replay_counts_and_note_provenance_fail_closed (test_constraint_demonstration_diagnostic.DemonstrationTests.test_replay_counts_and_note_provenance_fail_closed) ... ok
test_runtime_tokenizer_change_before_any_call_fails (test_constraint_demonstration_diagnostic.DemonstrationTests.test_runtime_tokenizer_change_before_any_call_fails) ... ok
test_same_correct_examples_both_arms_and_source_specific_truth (test_constraint_demonstration_diagnostic.DemonstrationTests.test_same_correct_examples_both_arms_and_source_specific_truth) ... ok
test_transfer_exact_note_including_invalid_syntax_unicode_and_child_echo (test_constraint_demonstration_diagnostic.DemonstrationTests.test_transfer_exact_note_including_invalid_syntax_unicode_and_child_echo) ... ok
test_two_fresh_bounded_worker_commands_only_when_requested (test_constraint_demonstration_diagnostic.DemonstrationTests.test_two_fresh_bounded_worker_commands_only_when_requested) ... ok

----------------------------------------------------------------------
Ran 19 tests in 0.381s

OK
