/data/home/rohing/dream-state/organism_v6/reasoning_gym_gym.py:99: ResourceWarning: unclosed file <_io.TextIOWrapper name='/data/home/rohing/dream-state/organism_v6/bootstrap_reasoning_gym.txt' mode='r' encoding='UTF-8'>
  self._bootstrap = open(BOOTSTRAP_PATH).read()
ResourceWarning: Enable tracemalloc to get the object allocation traceback
/data/home/rohing/dream-state/organism_v6/preschool_reasoning.py:664: ResourceWarning: unclosed file <_io.TextIOWrapper name='/tmp/tmpz21hrop7/life/life.log' mode='a' encoding='UTF-8'>
  stamps = [{field: row[field] for field in _LEDGER_PROVENANCE_FIELDS if field in row} for row in rows]
ResourceWarning: Enable tracemalloc to get the object allocation traceback
/usr/lib/python3.12/traceback.py:241: ResourceWarning: unclosed file <_io.TextIOWrapper name='/tmp/tmpzqndcqvk/life/life.log' mode='a' encoding='UTF-8'>
  tb.tb_frame.clear()
ResourceWarning: Enable tracemalloc to get the object allocation traceback
/data/home/rohing/dream-state/organism_v6/preschool_reasoning.py:664: ResourceWarning: unclosed file <_io.TextIOWrapper name='/tmp/tmp2_8hygbn/life/life.log' mode='a' encoding='UTF-8'>
  stamps = [{field: row[field] for field in _LEDGER_PROVENANCE_FIELDS if field in row} for row in rows]
ResourceWarning: Enable tracemalloc to get the object allocation traceback
/usr/lib/python3.12/pathlib.py:369: ResourceWarning: unclosed file <_io.TextIOWrapper name='/tmp/tmpuazqy_ws/life/life.log' mode='a' encoding='UTF-8'>
  path = os.fspath(arg)
ResourceWarning: Enable tracemalloc to get the object allocation traceback
/usr/lib/python3.12/shutil.py:1484: ResourceWarning: unclosed file <_io.TextIOWrapper name='/tmp/tmpzcon7j03/life/life.log' mode='a' encoding='UTF-8'>
  columns = 0
ResourceWarning: Enable tracemalloc to get the object allocation traceback
/usr/lib/python3.12/shutil.py:1484: ResourceWarning: unclosed file <_io.TextIOWrapper name='/tmp/tmpqdennes2/life/life.log' mode='a' encoding='UTF-8'>
  columns = 0
ResourceWarning: Enable tracemalloc to get the object allocation traceback
/usr/lib/python3.12/shutil.py:1484: ResourceWarning: unclosed file <_io.TextIOWrapper name='/tmp/tmp0ms742oc/life/life.log' mode='a' encoding='UTF-8'>
  columns = 0
ResourceWarning: Enable tracemalloc to get the object allocation traceback
/usr/lib/python3.12/shutil.py:1484: ResourceWarning: unclosed file <_io.FileIO name='/tmp/tmpgkzj7kx2/life/life.log' mode='ab' closefd=True>
  columns = 0
ResourceWarning: Enable tracemalloc to get the object allocation traceback
/data/home/rohing/dream-state/organism_v6/preschool_reasoning.py:664: ResourceWarning: unclosed file <_io.TextIOWrapper name='/tmp/tmpdkwfyt6s/life/life.log' mode='a' encoding='UTF-8'>
  stamps = [{field: row[field] for field in _LEDGER_PROVENANCE_FIELDS if field in row} for row in rows]
ResourceWarning: Enable tracemalloc to get the object allocation traceback
/data/home/rohing/dream-state/organism_v6/preschool_reasoning.py:664: ResourceWarning: unclosed file <_io.TextIOWrapper name='/tmp/tmp851tretb/life/life.log' mode='a' encoding='UTF-8'>
  stamps = [{field: row[field] for field in _LEDGER_PROVENANCE_FIELDS if field in row} for row in rows]
ResourceWarning: Enable tracemalloc to get the object allocation traceback
/data/home/rohing/dream-state/organism_v6/preschool_reasoning.py:664: ResourceWarning: unclosed file <_io.TextIOWrapper name='/tmp/tmp7qbgjbdu/life/life.log' mode='a' encoding='UTF-8'>
  stamps = [{field: row[field] for field in _LEDGER_PROVENANCE_FIELDS if field in row} for row in rows]
ResourceWarning: Enable tracemalloc to get the object allocation traceback
/usr/lib/python3.12/json/decoder.py:338: ResourceWarning: unclosed file <_io.TextIOWrapper name='/tmp/tmp63kq9ky5/life/life.log' mode='a' encoding='UTF-8'>
  end = _w(s, end).end()
ResourceWarning: Enable tracemalloc to get the object allocation traceback
/usr/lib/python3.12/json/decoder.py:338: ResourceWarning: unclosed file <_io.TextIOWrapper name='/tmp/tmpqyga27hu/life/life.log' mode='a' encoding='UTF-8'>
  end = _w(s, end).end()
ResourceWarning: Enable tracemalloc to get the object allocation traceback
/usr/lib/python3.12/json/decoder.py:338: ResourceWarning: unclosed file <_io.TextIOWrapper name='/tmp/tmpd9qmrpyp/life/life.log' mode='a' encoding='UTF-8'>
  end = _w(s, end).end()
ResourceWarning: Enable tracemalloc to get the object allocation traceback
/data/home/rohing/dream-state/organism_v6/train_adapter.py:266: ResourceWarning: unclosed file <_io.TextIOWrapper name='/tmp/child_receipt_cpu_0yffawak/adapter/DONE' mode='w' encoding='UTF-8'>
  open(os.path.join(args.out, "DONE"), "w").write("ok\n")
ResourceWarning: Enable tracemalloc to get the object allocation traceback
/data/home/rohing/dream-state/organism_v6/train_adapter.py:266: ResourceWarning: unclosed file <_io.TextIOWrapper name='/tmp/child_receipt_cpu_0bd_e_ch/adapter/DONE' mode='w' encoding='UTF-8'>
  open(os.path.join(args.out, "DONE"), "w").write("ok\n")
ResourceWarning: Enable tracemalloc to get the object allocation traceback
/data/home/rohing/dream-state/organism_v6/train_adapter.py:266: ResourceWarning: unclosed file <_io.TextIOWrapper name='/tmp/child_receipt_cpu_dykkdwme/adapter/DONE' mode='w' encoding='UTF-8'>
  open(os.path.join(args.out, "DONE"), "w").write("ok\n")
ResourceWarning: Enable tracemalloc to get the object allocation traceback
/data/home/rohing/dream-state/organism_v6/train_adapter.py:266: ResourceWarning: unclosed file <_io.TextIOWrapper name='/tmp/child_receipt_cpu_hq981goj/adapter/DONE' mode='w' encoding='UTF-8'>
  open(os.path.join(args.out, "DONE"), "w").write("ok\n")
ResourceWarning: Enable tracemalloc to get the object allocation traceback
/data/home/rohing/dream-state/organism_v6/train_adapter.py:266: ResourceWarning: unclosed file <_io.TextIOWrapper name='/tmp/child_receipt_cpu_n15bzdiq/adapter/DONE' mode='w' encoding='UTF-8'>
  open(os.path.join(args.out, "DONE"), "w").write("ok\n")
ResourceWarning: Enable tracemalloc to get the object allocation traceback
/data/home/rohing/dream-state/organism_v6/run_life_v2.py:284: ResourceWarning: unclosed file <_io.TextIOWrapper name='/tmp/tmpu1rfko6f/leak_scan.jsonl' mode='r' encoding='UTF-8'>
  for line in open(path):
ResourceWarning: Enable tracemalloc to get the object allocation traceback
/data/home/rohing/dream-state/organism_v6/run_life_v2.py:284: ResourceWarning: unclosed file <_io.TextIOWrapper name='/tmp/tmpow3jt3pr/leak_scan.jsonl' mode='r' encoding='UTF-8'>
  for line in open(path):
ResourceWarning: Enable tracemalloc to get the object allocation traceback
/data/home/rohing/dream-state/organism_v6/run_life_v2.py:284: ResourceWarning: unclosed file <_io.TextIOWrapper name='/tmp/tmpdo7bhwot/leak_scan.jsonl' mode='r' encoding='UTF-8'>
  for line in open(path):
ResourceWarning: Enable tracemalloc to get the object allocation traceback
/data/home/rohing/dream-state/organism_v6/parent_backend.py:27: ResourceWarning: unclosed file <_io.TextIOWrapper name='/data/home/rohing/dream-state/organism_v6/parent_prompt.txt' mode='r' encoding='UTF-8'>
  PARENT_BOOT = open(os.path.join(HERE, "parent_prompt.txt")).read()
ResourceWarning: Enable tracemalloc to get the object allocation traceback
/data/home/rohing/dream-state/tests/golden_harness.py:196: ResourceWarning: unclosed file <_io.TextIOWrapper name='/tmp/tmpgf18ne_2/sleep_0008/corpus.json' mode='r' encoding='UTF-8'>
  n = len(json.load(open(corpus))["corpus"])
ResourceWarning: Enable tracemalloc to get the object allocation traceback
/data/home/rohing/dream-state/organism_v6/run_life_v2.py:726: ResourceWarning: unclosed file <_io.TextIOWrapper name='/tmp/tmpgf18ne_2/sleep_0008/waking_brief.txt' mode='r' encoding='UTF-8'>
  t = open(p).read().strip()
ResourceWarning: Enable tracemalloc to get the object allocation traceback
/data/home/rohing/dream-state/organism_v6/run_life_v2.py:1112: ResourceWarning: unclosed file <_io.TextIOWrapper name='/tmp/tmpgf18ne_2/sleep_0008/corpus.json' mode='r' encoding='UTF-8'>
  prior = json.load(open(cp))["corpus"]
ResourceWarning: Enable tracemalloc to get the object allocation traceback
/data/home/rohing/dream-state/tests/golden_harness.py:196: ResourceWarning: unclosed file <_io.TextIOWrapper name='/tmp/tmpgf18ne_2/sleep_0016/corpus.json' mode='r' encoding='UTF-8'>
  n = len(json.load(open(corpus))["corpus"])
ResourceWarning: Enable tracemalloc to get the object allocation traceback
/data/home/rohing/dream-state/organism_v6/run_life_v2.py:726: ResourceWarning: unclosed file <_io.TextIOWrapper name='/tmp/tmpgf18ne_2/sleep_0016/waking_brief.txt' mode='r' encoding='UTF-8'>
  t = open(p).read().strip()
ResourceWarning: Enable tracemalloc to get the object allocation traceback
/data/home/rohing/dream-state/tests/test_builder_reproducibility.py:38: ResourceWarning: unclosed file <_io.TextIOWrapper name='/tmp/tmpgf18ne_2/life.log' mode='a' encoding='UTF-8'>
  run_life_v2.main()
ResourceWarning: Enable tracemalloc to get the object allocation traceback
/data/home/rohing/dream-state/organism_v6/multikey_writer_gateway_simple.py:141: ResourceWarning: unclosed file <_io.TextIOWrapper name='/tmp/tmpm18ivqfx/life/life.log' mode='a' encoding='UTF-8'>
  require(isinstance(value, dict) and set(value) == set(keys), "field allowlist")
ResourceWarning: Enable tracemalloc to get the object allocation traceback
----------------------------------------------------------------------
Ran 288 tests in 21.866s

OK
