/tmp/astra_preservation_cpu_20260912/lib/python3.12/site-packages/torch/_subclasses/functional_tensor.py:279: UserWarning: Failed to initialize NumPy: No module named 'numpy' (Triggered internally at /pytorch/torch/csrc/utils/tensor_numpy.cpp:81.)
  cpu = _conversion_method_template(device=torch.device("cpu"))
test_cache_missing_corrupt_or_unbound_metadata_refused (test_memory_preservation_analysis.PreservationAnalysisTests.test_cache_missing_corrupt_or_unbound_metadata_refused) ... ok
test_changed_on_distribution_has_native_paired_effect_not_off_drift (test_memory_preservation_analysis.PreservationAnalysisTests.test_changed_on_distribution_has_native_paired_effect_not_off_drift) ... ok
test_cli_exclusive_output_no_input_changes_and_failure_json (test_memory_preservation_analysis.PreservationAnalysisTests.test_cli_exclusive_output_no_input_changes_and_failure_json) ... ok
test_complete_pair_negative_gates_are_valid_and_native (test_memory_preservation_analysis.PreservationAnalysisTests.test_complete_pair_negative_gates_are_valid_and_native) ... ok
test_cue_missing_duplicate_off_drift_and_order (test_memory_preservation_analysis.PreservationAnalysisTests.test_cue_missing_duplicate_off_drift_and_order) ... ok
test_current_plan_model_source_order_and_anchor_refusals (test_memory_preservation_analysis.PreservationAnalysisTests.test_current_plan_model_source_order_and_anchor_refusals) ... ok
test_fit_recipe_counts_visits_model_and_identity_refusals (test_memory_preservation_analysis.PreservationAnalysisTests.test_fit_recipe_counts_visits_model_and_identity_refusals) ... ok
test_full_vocabulary_float64_cache_validation_does_not_rewrite_float32 (test_memory_preservation_analysis.PreservationAnalysisTests.test_full_vocabulary_float64_cache_validation_does_not_rewrite_float32) ... ok
test_historical_inventory_comparison_uses_file_hashes_not_names (test_memory_preservation_analysis.PreservationAnalysisTests.test_historical_inventory_comparison_uses_file_hashes_not_names) ... ok
test_historical_paths_and_three_bank_report_are_descriptive_bridge (test_memory_preservation_analysis.PreservationAnalysisTests.test_historical_paths_and_three_bank_report_are_descriptive_bridge) ... ok
test_initialization_or_dtype_pair_drift_not_a_matched_effect (test_memory_preservation_analysis.PreservationAnalysisTests.test_initialization_or_dtype_pair_drift_not_a_matched_effect) ... ok
test_lambda0_must_skip_cache (test_memory_preservation_analysis.PreservationAnalysisTests.test_lambda0_must_skip_cache) ... ok
test_loss_truncation_and_order_or_nonfinite_even_if_rehashed (test_memory_preservation_analysis.PreservationAnalysisTests.test_loss_truncation_and_order_or_nonfinite_even_if_rehashed) ... ok
test_remote_adapter_paths_must_not_be_rewritten_for_capture (test_memory_preservation_analysis.PreservationAnalysisTests.test_remote_adapter_paths_must_not_be_rewritten_for_capture) ... ok
test_report_g11_threshold_and_native_gate_disagreements_refused (test_memory_preservation_analysis.PreservationAnalysisTests.test_report_g11_threshold_and_native_gate_disagreements_refused) ... ok
test_retry_implementation_requires_explicit_hash_and_reports_difference (test_memory_preservation_analysis.PreservationAnalysisTests.test_retry_implementation_requires_explicit_hash_and_reports_difference) ... ok
test_source_hash_change_is_not_silently_accepted (test_memory_preservation_analysis.PreservationAnalysisTests.test_source_hash_change_is_not_silently_accepted) ... ok
test_unavailable_historical_does_not_invalidate_current_pair (test_memory_preservation_analysis.PreservationAnalysisTests.test_unavailable_historical_does_not_invalidate_current_pair) ... ok

----------------------------------------------------------------------
Ran 18 tests in 18.557s

OK
