test_already_exited_leader_does_not_hide_surviving_group (test_semantic_carrier_diagnostic.LifetimeTests.test_already_exited_leader_does_not_hide_surviving_group) ... ok
test_cancel_during_spawn_closes_assignment_race_and_restores_handlers (test_semantic_carrier_diagnostic.LifetimeTests.test_cancel_during_spawn_closes_assignment_race_and_restores_handlers) ... ok
test_cancel_during_wait_and_repeat_signal_during_cleanup (test_semantic_carrier_diagnostic.LifetimeTests.test_cancel_during_wait_and_repeat_signal_during_cleanup) ... ok
test_cleanup_failure_and_expired_budget_fail_closed (test_semantic_carrier_diagnostic.LifetimeTests.test_cleanup_failure_and_expired_budget_fail_closed) ... ok
test_group_disappears_between_probe_and_signal (test_semantic_carrier_diagnostic.LifetimeTests.test_group_disappears_between_probe_and_signal) ... ok
test_normal_and_nonzero_timeout_exit_races_always_cleanup (test_semantic_carrier_diagnostic.LifetimeTests.test_normal_and_nonzero_timeout_exit_races_always_cleanup) ... ok
test_real_controller_sigterm_and_sigkill_are_bounded (test_semantic_carrier_diagnostic.LifetimeTests.test_real_controller_sigterm_and_sigkill_are_bounded) ... ok
test_real_exited_leader_surviving_child_is_killed (test_semantic_carrier_diagnostic.LifetimeTests.test_real_exited_leader_surviving_child_is_killed) ... ok
test_real_timeout_supervisor_start_binding_without_model_load (test_semantic_carrier_diagnostic.LifetimeTests.test_real_timeout_supervisor_start_binding_without_model_load) ... ok
test_timeout_parent_binding_rejects_changed_pid_command_or_controller (test_semantic_carrier_diagnostic.LifetimeTests.test_timeout_parent_binding_rejects_changed_pid_command_or_controller) ... ok
test_all_cell_conjunction_and_candidate_not_generation_rescue (test_semantic_carrier_diagnostic.SemanticCarrierTests.test_all_cell_conjunction_and_candidate_not_generation_rescue) ... ok
test_backend_registry_missing_native_canary_fails (test_semantic_carrier_diagnostic.SemanticCarrierTests.test_backend_registry_missing_native_canary_fails) ... ok
test_balanced_four_cells_and_only_correct_row_changes (test_semantic_carrier_diagnostic.SemanticCarrierTests.test_balanced_four_cells_and_only_correct_row_changes) ... ok
test_candidate_boundary_straddle_rejected (test_semantic_carrier_diagnostic.SemanticCarrierTests.test_candidate_boundary_straddle_rejected) ... ok
test_complete_candidate_masks_include_lf_and_eos_unequal_lengths (test_semantic_carrier_diagnostic.SemanticCarrierTests.test_complete_candidate_masks_include_lf_and_eos_unequal_lengths) ... ok
test_controller_cancel_preserves_failure_and_cleanup_evidence (test_semantic_carrier_diagnostic.SemanticCarrierTests.test_controller_cancel_preserves_failure_and_cleanup_evidence) ... ok
test_exact_15_per_cell_61_valid_and_29_swaps_boundaries (test_semantic_carrier_diagnostic.SemanticCarrierTests.test_exact_15_per_cell_61_valid_and_29_swaps_boundaries) ... ok
test_four_independent_swap_failures_cannot_pool_passing_cells (test_semantic_carrier_diagnostic.SemanticCarrierTests.test_four_independent_swap_failures_cannot_pool_passing_cells) ... ok
test_lifetime_repair_keeps_registered_request_bytes (test_semantic_carrier_diagnostic.SemanticCarrierTests.test_lifetime_repair_keeps_registered_request_bytes) ... ok
test_no_audit_leak_and_same_chat_prefix_for_both_operations (test_semantic_carrier_diagnostic.SemanticCarrierTests.test_no_audit_leak_and_same_chat_prefix_for_both_operations) ... ok
test_no_gpu_without_opt_in_no_overwrites (test_semantic_carrier_diagnostic.SemanticCarrierTests.test_no_gpu_without_opt_in_no_overwrites) ... ok
test_owned_worker_timeout_no_retry_partial_evidence_preserved (test_semantic_carrier_diagnostic.SemanticCarrierTests.test_owned_worker_timeout_no_retry_partial_evidence_preserved) ... ok
test_preparation_immutable_and_request_drift_fails (test_semantic_carrier_diagnostic.SemanticCarrierTests.test_preparation_immutable_and_request_drift_fails) ... ok
test_raw_generation_token_mismatch_rejected (test_semantic_carrier_diagnostic.SemanticCarrierTests.test_raw_generation_token_mismatch_rejected) ... ok
test_score_accounting_nonfinite_missing_ties (test_semantic_carrier_diagnostic.SemanticCarrierTests.test_score_accounting_nonfinite_missing_ties) ... ok
test_standard_json_config_and_hf_snapshot_no_adapters (test_semantic_carrier_diagnostic.SemanticCarrierTests.test_standard_json_config_and_hf_snapshot_no_adapters) ... ok
test_strict_output_no_repairs_unicode_or_unterminated_response (test_semantic_carrier_diagnostic.SemanticCarrierTests.test_strict_output_no_repairs_unicode_or_unterminated_response) ... ok
test_successful_replay_then_extra_artifact_rejected (test_semantic_carrier_diagnostic.SemanticCarrierTests.test_successful_replay_then_extra_artifact_rejected) ... ok
test_teacher_forcing_scores_every_shifted_response_token_including_eos (test_semantic_carrier_diagnostic.SemanticCarrierTests.test_teacher_forcing_scores_every_shifted_response_token_including_eos) ... ok
test_worker_frozen_parameters_no_training_and_complete_calls (test_semantic_carrier_diagnostic.SemanticCarrierTests.test_worker_frozen_parameters_no_training_and_complete_calls) ... ok
test_zero_tolerance_for_truncation_and_multiple_actions (test_semantic_carrier_diagnostic.SemanticCarrierTests.test_zero_tolerance_for_truncation_and_multiple_actions) ... ok

----------------------------------------------------------------------
Ran 31 tests in 11.097s

OK
