test_all_planned_indices_and_seed_values_use_runtime_validator (__main__.LauncherTests.test_all_planned_indices_and_seed_values_use_runtime_validator) ... ok
test_all_prior_start_failure_terminal_and_witness_markers_rejected (__main__.LauncherTests.test_all_prior_start_failure_terminal_and_witness_markers_rejected) ... ok
test_boot_identity_rechecked_after_precheck (__main__.LauncherTests.test_boot_identity_rechecked_after_precheck) ... ok
test_concurrent_external_claim_is_exclusive_without_native_root_mutation (__main__.LauncherTests.test_concurrent_external_claim_is_exclusive_without_native_root_mutation) ... ok
test_detachment_receipt_never_changes_root_even_if_controller_seals_immediately (__main__.LauncherTests.test_detachment_receipt_never_changes_root_even_if_controller_seals_immediately) ... ok
test_disallowed_indices_and_cli_uuid_mismatch (__main__.LauncherTests.test_disallowed_indices_and_cli_uuid_mismatch) ... ok
test_each_planned_allocation_is_forwarded_without_uuid_invention (__main__.LauncherTests.test_each_planned_allocation_is_forwarded_without_uuid_invention) ... ok
test_exact_finish_plus_six_hour_lease_boundary (__main__.LauncherTests.test_exact_finish_plus_six_hour_lease_boundary) ... ok
test_exact_schema_planned_configuration_and_four_file_inventory (__main__.LauncherTests.test_exact_schema_planned_configuration_and_four_file_inventory) ... ok
test_existing_symlink_parent_and_root_overlap_stdout_rejected (__main__.LauncherTests.test_existing_symlink_parent_and_root_overlap_stdout_rejected) ... ok
test_explicit_gpu_opt_in_required (__main__.LauncherTests.test_explicit_gpu_opt_in_required) ... ok
test_external_claim_blocks_relaunch_with_different_stdout (__main__.LauncherTests.test_external_claim_blocks_relaunch_with_different_stdout) ... ok
test_extra_source_file_or_hardlink_is_not_a_final_four_file_snapshot (__main__.LauncherTests.test_extra_source_file_or_hardlink_is_not_a_final_four_file_snapshot) ... ok
test_fixed_runtime_precheck_and_plan_pins (__main__.LauncherTests.test_fixed_runtime_precheck_and_plan_pins) ... ok
test_identity_failure_reports_pid_without_touching_sealed_root_or_relaunch (__main__.LauncherTests.test_identity_failure_reports_pid_without_touching_sealed_root_or_relaunch) ... ok
test_missing_boot_identity_fails_closed (__main__.LauncherTests.test_missing_boot_identity_fails_closed) ... ok
test_node3_only_before_import_or_claim (__main__.LauncherTests.test_node3_only_before_import_or_claim) ... ok
test_optional_learning_rate_delegated_to_runtime (__main__.LauncherTests.test_optional_learning_rate_delegated_to_runtime) ... ok
test_precheck_elapsed_time_rechecks_finish_margin (__main__.LauncherTests.test_precheck_elapsed_time_rechecks_finish_margin) ... ok
test_precheck_failure_keeps_all_evidence_outside_root (__main__.LauncherTests.test_precheck_failure_keeps_all_evidence_outside_root) ... ok
test_precheck_race_with_native_start_does_not_launch (__main__.LauncherTests.test_precheck_race_with_native_start_does_not_launch) ... ok
test_precheck_race_with_source_edit_rechecks_pins (__main__.LauncherTests.test_precheck_race_with_source_edit_rechecks_pins) ... ok
test_runtime_source_binding_cannot_be_substituted (__main__.LauncherTests.test_runtime_source_binding_cannot_be_substituted) ... ok
test_seed_and_rate_inconsistency_rejected_by_actual_runtime (__main__.LauncherTests.test_seed_and_rate_inconsistency_rejected_by_actual_runtime) ... ok
test_source_helper_and_prepared_byte_drift_rejected (__main__.LauncherTests.test_source_helper_and_prepared_byte_drift_rejected) ... ok
test_stdout_race_preserves_other_writer_evidence_and_refuses_spawn (__main__.LauncherTests.test_stdout_race_preserves_other_writer_evidence_and_refuses_spawn) ... ok
test_success_exact_command_identity_budget_and_external_only_evidence (__main__.LauncherTests.test_success_exact_command_identity_budget_and_external_only_evidence) ... ok
test_timeout_and_partial_output_preserved (__main__.LauncherTests.test_timeout_and_partial_output_preserved) ... ok
test_validator_failure_prevents_claim (__main__.LauncherTests.test_validator_failure_prevents_claim) ... ok

----------------------------------------------------------------------
Ran 29 tests in 2.787s

OK
