OBSERVED_UTC=2026-09-13T22:33:39Z
f3ee8494a7bbb627d22e6235fb20f6d1b05655f3
1e750b7ae8151f122dbde6abc0ecb9e7b779af43b0fa0240fea1a6584741c40a  organism_v6/composition_birth_stage2a.py
f1fd8597ea83a3c31f3bff039a40b4553e82a55fefe96796a7e59930a04b7781  organism_v6/composition_birth_stage2a_primitives.py
fd5756c68bbac0222481e3d43adaec0e93eca9096d8cc6f45ce28906f326fce9  organism_v6/composition_birth_stage2a_worlds.py
6f363eba3ef3f50622b68581949f64ab9155ea91568843f6219ec9ea9c0404b5  organism_v6/composition_birth_stage2a_graph.py
a786a6ef7d589ca3d224b17ad12ce76b0d801581e8d3d3ab1754d50f0138f4e7  organism_v6/composition_birth_stage2a_tape.py
4bc75a39265950d14ed5dced277cd4430425a72ce8583c6233d0478b891d7d84  organism_v6/composition_birth_stage2a_birth.py
6ac494d8da6c684d0abe7196ab88e652389c03b890f408cb90f615ae2c86fb8a  organism_v6/composition_birth_stage2a_targets.py
71242012073ee6641afed3c6ba1795cd89caab4cfa490a3a943a438e0def7574  organism_v6/composition_birth_stage2a_curriculum.py
fbdf3e82b42108a1d8b420a19769e65db282705bd34b8d93a7e8634639afe0ad  organism_v6/composition_birth_stage2a_held.py
a20ce3972b1c7d45ec99af73f74e18f2be020e1b20d1eadfdac7735f789aa7bb  organism_v6/composition_birth_stage2a_scanner.py
3a672d2e22071d4a09d7579f04e0e8d6d681b59a473a167d77508f6698835650  organism_v6/composition_birth_stage2a_canaries.py
5db7458b15514811562d2de8c00a48b76a195765db04b845a9cb6da585a5abe9  organism_v6/composition_birth_stage2a_checker.py
12b3d0b20d7190abf29a501063ee19c281c9295e6e08a53bfe73f520ce604151  organism_v6/composition_birth_stage2a_graph_inputs.py
ccd0eff515c41ec5d3ff90ba93aa1a60ea631e772e1fecad2c3094f88774ef98  organism_v6/composition_birth_stage2a_nulls.py
3152fbbf8bb14d3bba928cd4d9dc0b3e6cf0941af8487483e5dc78731c93751a  organism_v6/composition_birth_stage2a_rollout.py
4736001bcc61dc42afef4df2a20c1848fb4c0db0ad1d09d947f4c7b83e564828  organism_v6/composition_birth_stage2a_scoring.py
803561e503929624883cd0e6b0ee6f9ab0bf8c893a134c2c762ef617a657be7f  organism_v6/composition_birth_stage2a_null_audit.py
54bf14e5b31294bb85764c811663768e5a855a9acb8991ee372b2cef221ab8e4  organism_v6/composition_birth_stage2a_screen.py
8d47e8516f38c7d1ed2262c1ad765a7127cac389a7e54d4150c776b1ef594d79  organism_v6/composition_birth_stage2a_probe.py
efb34dc5e4096eb2d5aea5e263903ace62795c23ecca835be3089be4a61480cb  organism_v6/composition_birth_stage2a_tokenization.py
7b5669dfccb1ab68e27dd14a9f608ec2d746052484ee3e6c3ca96b4e4efd436e  organism_v6/composition_birth_stage2a_training.py
......................................................................................................................................................................................................................................................................................................................................................................................................................................sssssssss............
----------------------------------------------------------------------
Ran 443 tests in 177.947s

OK (skipped=9)
1e750b7ae8151f122dbde6abc0ecb9e7b779af43b0fa0240fea1a6584741c40a  organism_v6/composition_birth_stage2a.py
f1fd8597ea83a3c31f3bff039a40b4553e82a55fefe96796a7e59930a04b7781  organism_v6/composition_birth_stage2a_primitives.py
fd5756c68bbac0222481e3d43adaec0e93eca9096d8cc6f45ce28906f326fce9  organism_v6/composition_birth_stage2a_worlds.py
6f363eba3ef3f50622b68581949f64ab9155ea91568843f6219ec9ea9c0404b5  organism_v6/composition_birth_stage2a_graph.py
a786a6ef7d589ca3d224b17ad12ce76b0d801581e8d3d3ab1754d50f0138f4e7  organism_v6/composition_birth_stage2a_tape.py
4bc75a39265950d14ed5dced277cd4430425a72ce8583c6233d0478b891d7d84  organism_v6/composition_birth_stage2a_birth.py
6ac494d8da6c684d0abe7196ab88e652389c03b890f408cb90f615ae2c86fb8a  organism_v6/composition_birth_stage2a_targets.py
71242012073ee6641afed3c6ba1795cd89caab4cfa490a3a943a438e0def7574  organism_v6/composition_birth_stage2a_curriculum.py
fbdf3e82b42108a1d8b420a19769e65db282705bd34b8d93a7e8634639afe0ad  organism_v6/composition_birth_stage2a_held.py
a20ce3972b1c7d45ec99af73f74e18f2be020e1b20d1eadfdac7735f789aa7bb  organism_v6/composition_birth_stage2a_scanner.py
3a672d2e22071d4a09d7579f04e0e8d6d681b59a473a167d77508f6698835650  organism_v6/composition_birth_stage2a_canaries.py
5db7458b15514811562d2de8c00a48b76a195765db04b845a9cb6da585a5abe9  organism_v6/composition_birth_stage2a_checker.py
12b3d0b20d7190abf29a501063ee19c281c9295e6e08a53bfe73f520ce604151  organism_v6/composition_birth_stage2a_graph_inputs.py
ccd0eff515c41ec5d3ff90ba93aa1a60ea631e772e1fecad2c3094f88774ef98  organism_v6/composition_birth_stage2a_nulls.py
3152fbbf8bb14d3bba928cd4d9dc0b3e6cf0941af8487483e5dc78731c93751a  organism_v6/composition_birth_stage2a_rollout.py
4736001bcc61dc42afef4df2a20c1848fb4c0db0ad1d09d947f4c7b83e564828  organism_v6/composition_birth_stage2a_scoring.py
803561e503929624883cd0e6b0ee6f9ab0bf8c893a134c2c762ef617a657be7f  organism_v6/composition_birth_stage2a_null_audit.py
54bf14e5b31294bb85764c811663768e5a855a9acb8991ee372b2cef221ab8e4  organism_v6/composition_birth_stage2a_screen.py
8d47e8516f38c7d1ed2262c1ad765a7127cac389a7e54d4150c776b1ef594d79  organism_v6/composition_birth_stage2a_probe.py
efb34dc5e4096eb2d5aea5e263903ace62795c23ecca835be3089be4a61480cb  organism_v6/composition_birth_stage2a_tokenization.py
7b5669dfccb1ab68e27dd14a9f608ec2d746052484ee3e6c3ca96b4e4efd436e  organism_v6/composition_birth_stage2a_training.py
