test_actual_board_mismatch_rejected (tests.test_citation_sleep_diagnostic.CitationSleepTests.test_actual_board_mismatch_rejected) ... ok
test_bad_offsets_rejected (tests.test_citation_sleep_diagnostic.CitationSleepTests.test_bad_offsets_rejected) ... ok
test_changed_raw_rejected (tests.test_citation_sleep_diagnostic.CitationSleepTests.test_changed_raw_rejected) ... ok
test_cli_preparation_and_worker_plumbing (tests.test_citation_sleep_diagnostic.CitationSleepTests.test_cli_preparation_and_worker_plumbing) ... ok
test_cli_requires_explicit_device_lease_and_opt_in (tests.test_citation_sleep_diagnostic.CitationSleepTests.test_cli_requires_explicit_device_lease_and_opt_in) ... ok
test_controller_order_shared_off_and_replay (tests.test_citation_sleep_diagnostic.CitationSleepTests.test_controller_order_shared_off_and_replay) ... ok
test_cross_boundary_token_excluded_conservatively (tests.test_citation_sleep_diagnostic.CitationSleepTests.test_cross_boundary_token_excluded_conservatively) ... ok
test_exact_prefix_no_lesson_or_closing_brace (tests.test_citation_sleep_diagnostic.CitationSleepTests.test_exact_prefix_no_lesson_or_closing_brace) ... ok
test_failure_stops_no_retry_or_later_stage (tests.test_citation_sleep_diagnostic.CitationSleepTests.test_failure_stops_no_retry_or_later_stage) ... ok
test_fit_receipt_checks_steps_mask_and_token_dose (tests.test_citation_sleep_diagnostic.CitationSleepTests.test_fit_receipt_checks_steps_mask_and_token_dose) ... ok
test_fixed_panel_order (tests.test_citation_sleep_diagnostic.CitationSleepTests.test_fixed_panel_order) ... ok
test_immutable_exclusive_preparation (tests.test_citation_sleep_diagnostic.CitationSleepTests.test_immutable_exclusive_preparation) ... ok
test_input_budget_fails_without_truncating (tests.test_citation_sleep_diagnostic.CitationSleepTests.test_input_budget_fails_without_truncating) ... ok
test_lease_timezone_and_headroom (tests.test_citation_sleep_diagnostic.CitationSleepTests.test_lease_timezone_and_headroom) ... ok
test_length_stop_preserves_raw_before_failure (tests.test_citation_sleep_diagnostic.CitationSleepTests.test_length_stop_preserves_raw_before_failure) ... ok
test_mask_and_exact_input_parity (tests.test_citation_sleep_diagnostic.CitationSleepTests.test_mask_and_exact_input_parity) ... ok
test_mock_eval_eight_calls_and_strict_scorer (tests.test_citation_sleep_diagnostic.CitationSleepTests.test_mock_eval_eight_calls_and_strict_scorer) ... ok
test_native_raw_stop_and_adapter_routing (tests.test_citation_sleep_diagnostic.CitationSleepTests.test_native_raw_stop_and_adapter_routing) ... ok
test_no_eos_or_continuation_and_no_truncation (tests.test_citation_sleep_diagnostic.CitationSleepTests.test_no_eos_or_continuation_and_no_truncation) ... ok
test_replay_rejects_mutated_raw (tests.test_citation_sleep_diagnostic.CitationSleepTests.test_replay_rejects_mutated_raw) ... ok
test_runtime_tokenizer_change_rejected (tests.test_citation_sleep_diagnostic.CitationSleepTests.test_runtime_tokenizer_change_rejected) ... ok
test_sleep_excludes_note_example_and_lesson_bytes (tests.test_citation_sleep_diagnostic.CitationSleepTests.test_sleep_excludes_note_example_and_lesson_bytes) ... ok
test_trainer_api_exact_and_fresh_base (tests.test_citation_sleep_diagnostic.CitationSleepTests.test_trainer_api_exact_and_fresh_base) ... ok

----------------------------------------------------------------------
Ran 23 tests in 0.440s

OK
