/tmp/astra_preservation_cpu_20260912/lib/python3.12/site-packages/torch/_subclasses/functional_tensor.py:279: UserWarning: Failed to initialize NumPy: No module named 'numpy' (Triggered internally at /pytorch/torch/csrc/utils/tensor_numpy.cpp:81.)
  cpu = _conversion_method_template(device=torch.device("cpu"))
test_finalization_deadline_cannot_promote_candidate (tests.test_astra_q0_readout_supplement.IdentityTests.test_finalization_deadline_cannot_promote_candidate) ... ok
test_identity_mismatch_rejects (tests.test_astra_q0_readout_supplement.IdentityTests.test_identity_mismatch_rejects) ... ok
test_one_exact30s_identity_query (tests.test_astra_q0_readout_supplement.IdentityTests.test_one_exact30s_identity_query) ... ok
test_post_fsync_overrun_cannot_promote_candidate (tests.test_astra_q0_readout_supplement.IdentityTests.test_post_fsync_overrun_cannot_promote_candidate) ... ok
test_query_timeout_has_no_retry (tests.test_astra_q0_readout_supplement.IdentityTests.test_query_timeout_has_no_retry) ... ok
test_admission_binds_original_without_writing_it (tests.test_astra_q0_readout_supplement.SupplementTests.test_admission_binds_original_without_writing_it) ... ok
test_changed_original_or_external_witness_pin_rejected (tests.test_astra_q0_readout_supplement.SupplementTests.test_changed_original_or_external_witness_pin_rejected) ... ok
test_complete584_readout_is_supplement_not_primary (tests.test_astra_q0_readout_supplement.SupplementTests.test_complete584_readout_is_supplement_not_primary) ... ok
test_counter_drift_cannot_be_complete (tests.test_astra_q0_readout_supplement.SupplementTests.test_counter_drift_cannot_be_complete) ... ok
test_decoder_drift_cannot_be_complete (tests.test_astra_q0_readout_supplement.SupplementTests.test_decoder_drift_cannot_be_complete) ... ok
test_direct_worker_uses_original_evaluate_frozen_and_no_training (tests.test_astra_q0_readout_supplement.SupplementTests.test_direct_worker_uses_original_evaluate_frozen_and_no_training) ... ok
test_gpu_entrypoints_require_opt_in_before_reads (tests.test_astra_q0_readout_supplement.SupplementTests.test_gpu_entrypoints_require_opt_in_before_reads) ... ok
test_loaded_failed_stage_rejects_even_resealed_fixture (tests.test_astra_q0_readout_supplement.SupplementTests.test_loaded_failed_stage_rejects_even_resealed_fixture) ... ok
test_missing_capture_cannot_be_complete (tests.test_astra_q0_readout_supplement.SupplementTests.test_missing_capture_cannot_be_complete) ... ok
test_missing_release_cannot_be_complete (tests.test_astra_q0_readout_supplement.SupplementTests.test_missing_release_cannot_be_complete) ... ok
test_prepare_is_disjoint_write_once_and_replayable (tests.test_astra_q0_readout_supplement.SupplementTests.test_prepare_is_disjoint_write_once_and_replayable) ... ok
test_request_order_cannot_change (tests.test_astra_q0_readout_supplement.SupplementTests.test_request_order_cannot_change) ... ok
test_snapshot_loader_uses_exact128_readonly_and_tensor_check (tests.test_astra_q0_readout_supplement.SupplementTests.test_snapshot_loader_uses_exact128_readonly_and_tensor_check) ... ok
test_source_and_plan_mutation_reject_before_load (tests.test_astra_q0_readout_supplement.SupplementTests.test_source_and_plan_mutation_reject_before_load) ... ok
test_worker_failure_preserves_abort_and_no_retry (tests.test_astra_q0_readout_supplement.SupplementTests.test_worker_failure_preserves_abort_and_no_retry) ... ok
test_wrong_failure_or_release_rejects (tests.test_astra_q0_readout_supplement.SupplementTests.test_wrong_failure_or_release_rejects) ... ok

----------------------------------------------------------------------
Ran 21 tests in 40.771s

OK
