test_additional_regular_file_rejected (test_astra_q0_tar_custody_20260913.CustodyTests.test_additional_regular_file_rejected) ... ok
test_archive_expected_hash_mismatch_rejected (test_astra_q0_tar_custody_20260913.CustodyTests.test_archive_expected_hash_mismatch_rejected) ... ok
test_bad_abort_finalized_binding_rejected (test_astra_q0_tar_custody_20260913.CustodyTests.test_bad_abort_finalized_binding_rejected) ... ok
test_bad_abort_seal_binding_rejected (test_astra_q0_tar_custody_20260913.CustodyTests.test_bad_abort_seal_binding_rejected) ... ok
test_bad_header_checksum_rejected (test_astra_q0_tar_custody_20260913.CustodyTests.test_bad_header_checksum_rejected) ... ok
test_bounded_reads_and_no_extraction_api (test_astra_q0_tar_custody_20260913.CustodyTests.test_bounded_reads_and_no_extraction_api) ... ok
test_cli_cannot_overwrite_input (test_astra_q0_tar_custody_20260913.CustodyTests.test_cli_cannot_overwrite_input) ... ok
test_cli_writes_exclusive_new_receipt_and_preserves_it (test_astra_q0_tar_custody_20260913.CustodyTests.test_cli_writes_exclusive_new_receipt_and_preserves_it) ... ok
test_directory_payload_rejected (test_astra_q0_tar_custody_20260913.CustodyTests.test_directory_payload_rejected) ... ok
test_duplicate_directory_rejected (test_astra_q0_tar_custody_20260913.CustodyTests.test_duplicate_directory_rejected) ... ok
test_duplicate_mapping_json_keys_rejected (test_astra_q0_tar_custody_20260913.CustodyTests.test_duplicate_mapping_json_keys_rejected) ... ok
test_duplicate_regular_member_rejected (test_astra_q0_tar_custody_20260913.CustodyTests.test_duplicate_regular_member_rejected) ... ok
test_duplicate_seal_json_keys_rejected (test_astra_q0_tar_custody_20260913.CustodyTests.test_duplicate_seal_json_keys_rejected) ... ok
test_finalized_bytes_change_full_root_digest_even_with_same_seal (test_astra_q0_tar_custody_20260913.CustodyTests.test_finalized_bytes_change_full_root_digest_even_with_same_seal) ... ok
test_finalized_nonobject_rejected (test_astra_q0_tar_custody_20260913.CustodyTests.test_finalized_nonobject_rejected) ... ok
test_finalized_wrong_seal_binding_rejected (test_astra_q0_tar_custody_20260913.CustodyTests.test_finalized_wrong_seal_binding_rejected) ... ok
test_full_root_matches_exact_gnu_find_sort_checksum_pipeline (test_astra_q0_tar_custody_20260913.CustodyTests.test_full_root_matches_exact_gnu_find_sort_checksum_pipeline) ... ok
test_gnu_long_names_supported (test_astra_q0_tar_custody_20260913.CustodyTests.test_gnu_long_names_supported) ... ok
test_hidden_trailing_tar_or_nonzero_data_rejected (test_astra_q0_tar_custody_20260913.CustodyTests.test_hidden_trailing_tar_or_nonzero_data_rejected) ... ok
test_input_change_detection (test_astra_q0_tar_custody_20260913.CustodyTests.test_input_change_detection) ... FAIL
test_inputs_cannot_be_symlinks (test_astra_q0_tar_custody_20260913.CustodyTests.test_inputs_cannot_be_symlinks) ... ok
test_late_regular_parent_conflict_rejected (test_astra_q0_tar_custody_20260913.CustodyTests.test_late_regular_parent_conflict_rejected) ... ok
test_links_and_special_types_rejected (test_astra_q0_tar_custody_20260913.CustodyTests.test_links_and_special_types_rejected) ... ok
test_local_pax_size_override_rejected (test_astra_q0_tar_custody_20260913.CustodyTests.test_local_pax_size_override_rejected) ... ok
test_malformed_digest_and_manifest_paths_rejected (test_astra_q0_tar_custody_20260913.CustodyTests.test_malformed_digest_and_manifest_paths_rejected) ... ok
test_missing_end_blocks_rejected (test_astra_q0_tar_custody_20260913.CustodyTests.test_missing_end_blocks_rejected) ... ok
test_missing_finalized_rejected (test_astra_q0_tar_custody_20260913.CustodyTests.test_missing_finalized_rejected) ... ok
test_missing_seal_rejected (test_astra_q0_tar_custody_20260913.CustodyTests.test_missing_seal_rejected) ... ok
test_missing_sealed_file_rejected (test_astra_q0_tar_custody_20260913.CustodyTests.test_missing_sealed_file_rejected) ... ok
test_nonfinite_json_rejected (test_astra_q0_tar_custody_20260913.CustodyTests.test_nonfinite_json_rejected) ... ok
test_pax_long_names_supported (test_astra_q0_tar_custody_20260913.CustodyTests.test_pax_long_names_supported) ... ok
test_regular_file_outside_top_directory_rejected (test_astra_q0_tar_custody_20260913.CustodyTests.test_regular_file_outside_top_directory_rejected) ... ok
test_regular_parent_conflict_rejected (test_astra_q0_tar_custody_20260913.CustodyTests.test_regular_parent_conflict_rejected) ... ok
test_seal_exact_bytes_not_just_json_equivalence (test_astra_q0_tar_custody_20260913.CustodyTests.test_seal_exact_bytes_not_just_json_equivalence) ... ok
test_sealed_payload_hash_mismatch_rejected (test_astra_q0_tar_custody_20260913.CustodyTests.test_sealed_payload_hash_mismatch_rejected) ... ok
test_second_top_directory_rejected (test_astra_q0_tar_custody_20260913.CustodyTests.test_second_top_directory_rejected) ... ok
test_standalone_expected_hash_mismatch_rejected (test_astra_q0_tar_custody_20260913.CustodyTests.test_standalone_expected_hash_mismatch_rejected) ... ok
test_truncated_payload_rejected (test_astra_q0_tar_custody_20260913.CustodyTests.test_truncated_payload_rejected) ... ok
test_unaligned_zero_trailer_rejected (test_astra_q0_tar_custody_20260913.CustodyTests.test_unaligned_zero_trailer_rejected) ... ok
test_unsafe_paths_rejected (test_astra_q0_tar_custody_20260913.CustodyTests.test_unsafe_paths_rejected) ... ok
test_ustar_prefix_supported (test_astra_q0_tar_custody_20260913.CustodyTests.test_ustar_prefix_supported) ... ok
test_valid_custody_including_failed_run_does_not_reclassify (test_astra_q0_tar_custody_20260913.CustodyTests.test_valid_custody_including_failed_run_does_not_reclassify) ... ok
test_valid_optional_abort_included_in_full_root (test_astra_q0_tar_custody_20260913.CustodyTests.test_valid_optional_abort_included_in_full_root) ... ok
test_wrong_full_root_digest_rejected (test_astra_q0_tar_custody_20260913.CustodyTests.test_wrong_full_root_digest_rejected) ... ok

======================================================================
FAIL: test_input_change_detection (test_astra_q0_tar_custody_20260913.CustodyTests.test_input_change_detection)
----------------------------------------------------------------------
Traceback (most recent call last):
  File "/tmp/test_astra_q0_tar_custody_20260913.py", line 295, in test_input_change_detection
    self.assertEqual(self.verify()['status'], 'FAIL_CUSTODY')
AssertionError: 'PASS_CUSTODY' != 'FAIL_CUSTODY'
- PASS_CUSTODY
? ^ ^^
+ FAIL_CUSTODY
? ^ ^^


----------------------------------------------------------------------
Ran 44 tests in 0.209s

FAILED (failures=1)
