test_controller_cleanup_window_and_alarm_restoration (test_astra_rulegame_process_readout_20260912.InterfaceTests.test_controller_cleanup_window_and_alarm_restoration) ... ok
test_generation_and_ownership_functions_are_exact_frozen_reference (test_astra_rulegame_process_readout_20260912.InterfaceTests.test_generation_and_ownership_functions_are_exact_frozen_reference) ... ok
test_missing_predictions_records_have_null_observed_denominators (test_astra_rulegame_process_readout_20260912.InterfaceTests.test_missing_predictions_records_have_null_observed_denominators) ... ok
test_prediction_emission_not_execution_or_record_faithfulness (test_astra_rulegame_process_readout_20260912.InterfaceTests.test_prediction_emission_not_execution_or_record_faithfulness) ... ok
test_record_writer_never_accepted_as_process_writer (test_astra_rulegame_process_readout_20260912.InterfaceTests.test_record_writer_never_accepted_as_process_writer) ... ok
test_wrong_writer_hash_rejected_before_import (test_astra_rulegame_process_readout_20260912.InterfaceTests.test_wrong_writer_hash_rejected_before_import) ... ok
test_cleanup_failure_keeps_capture_and_stops_next_cell (test_astra_rulegame_process_readout_20260912.ReadoutTests.test_cleanup_failure_keeps_capture_and_stops_next_cell) ... ok
test_complete_process_pair_prepare_native_masks_losses_and_metadata (test_astra_rulegame_process_readout_20260912.ReadoutTests.test_complete_process_pair_prepare_native_masks_losses_and_metadata) ... ok
test_complete_three_fresh_parent_free_cells_and_metrics (test_astra_rulegame_process_readout_20260912.ReadoutTests.test_complete_three_fresh_parent_free_cells_and_metrics) ... ok
test_dirty_adapter_and_warm_start_receipts_rejected (test_astra_rulegame_process_readout_20260912.ReadoutTests.test_dirty_adapter_and_warm_start_receipts_rejected) ... ok
test_incomplete_or_failed_write_pair_never_prepares (test_astra_rulegame_process_readout_20260912.ReadoutTests.test_incomplete_or_failed_write_pair_never_prepares) ... ok
test_invalid_quiz_zero_keeps_24_denominator (test_astra_rulegame_process_readout_20260912.ReadoutTests.test_invalid_quiz_zero_keeps_24_denominator) ... ok
test_lease_margin_and_venv_spelling_preserved (test_astra_rulegame_process_readout_20260912.ReadoutTests.test_lease_margin_and_venv_spelling_preserved) ... ok
test_native_context_masks_EOS_reject_before_output (test_astra_rulegame_process_readout_20260912.ReadoutTests.test_native_context_masks_EOS_reject_before_output) ... ok
test_no_opt_in_no_worker_and_middle_failure_no_partial_aggregate (test_astra_rulegame_process_readout_20260912.ReadoutTests.test_no_opt_in_no_worker_and_middle_failure_no_partial_aggregate) ... ok
test_nonfinite_loss_and_token_metadata_rejected (test_astra_rulegame_process_readout_20260912.ReadoutTests.test_nonfinite_loss_and_token_metadata_rejected) ... ok
test_parent_text_in_even_coherent_rendered_receipts_fails_native (test_astra_rulegame_process_readout_20260912.ReadoutTests.test_parent_text_in_even_coherent_rendered_receipts_fails_native) ... ok
test_protocol_tamper_even_rehashed_rejected (test_astra_rulegame_process_readout_20260912.ReadoutTests.test_protocol_tamper_even_rehashed_rejected) ... ok
test_reject_record_P0_v1_material_even_with_readable_structure (test_astra_rulegame_process_readout_20260912.ReadoutTests.test_reject_record_P0_v1_material_even_with_readable_structure) ... ok
test_resealed_native_prompt_token_tamper_rejected (test_astra_rulegame_process_readout_20260912.ReadoutTests.test_resealed_native_prompt_token_tamper_rejected) ... ok
test_resealed_parent_prompt_and_native_generation_tamper_rejected (test_astra_rulegame_process_readout_20260912.ReadoutTests.test_resealed_parent_prompt_and_native_generation_tamper_rejected) ... ok
test_worker_extra_parent_context_protocol_and_dirty_OFF_fail (test_astra_rulegame_process_readout_20260912.ReadoutTests.test_worker_extra_parent_context_protocol_and_dirty_OFF_fail) ... ok

----------------------------------------------------------------------
Ran 22 tests in 40.232s

OK
