test_generated_collection_command_real_parser_and_dispatch (test_astra_birth_conditional_run_20260913.CLITests.test_generated_collection_command_real_parser_and_dispatch) ... ok
test_generated_controller_command_real_parser_and_dispatch (test_astra_birth_conditional_run_20260913.CLITests.test_generated_controller_command_real_parser_and_dispatch) ... ok
test_generated_worker_command_real_parser_and_dispatch (test_astra_birth_conditional_run_20260913.CLITests.test_generated_worker_command_real_parser_and_dispatch) ... ok
test_prepare_fit_actual_parser_dispatch (test_astra_birth_conditional_run_20260913.CLITests.test_prepare_fit_actual_parser_dispatch) ... ok
test_prepare_readout_actual_parser_dispatch (test_astra_birth_conditional_run_20260913.CLITests.test_prepare_readout_actual_parser_dispatch) ... ok
test_real_subprocess_help_no_native_import (test_astra_birth_conditional_run_20260913.CLITests.test_real_subprocess_help_no_native_import) ... ok
test_status_stop_actual_parser_dispatch (test_astra_birth_conditional_run_20260913.CLITests.test_status_stop_actual_parser_dispatch) ... ok
test_wrong_phase_dispatch_fails_before_launch (test_astra_birth_conditional_run_20260913.CLITests.test_wrong_phase_dispatch_fails_before_launch) ... ok
test_actual_worker_uses_original_trainer_fresh_init_and_exact_masks (test_astra_birth_conditional_run_20260913.PipelineTests.test_actual_worker_uses_original_trainer_fresh_init_and_exact_masks) ... ok
test_callback_cannot_claim_native_prepare (test_astra_birth_conditional_run_20260913.PipelineTests.test_callback_cannot_claim_native_prepare) ... ok
test_changed_actual_fit_mask_fails_before_training (test_astra_birth_conditional_run_20260913.PipelineTests.test_changed_actual_fit_mask_fails_before_training) ... ok
test_changed_material_and_wrong_plan_pin (test_astra_birth_conditional_run_20260913.PipelineTests.test_changed_material_and_wrong_plan_pin) ... ok
test_collection_timeout_preserves_attempt_without_validation (test_astra_birth_conditional_run_20260913.PipelineTests.test_collection_timeout_preserves_attempt_without_validation) ... ok
test_deadline_six_hour_margin (test_astra_birth_conditional_run_20260913.PipelineTests.test_deadline_six_hour_margin) ... ok
test_expired_work_window_restores_handlers (test_astra_birth_conditional_run_20260913.PipelineTests.test_expired_work_window_restores_handlers) ... ok
test_explicit_frozen_config_rejects_seed_lr_batch_and_dose (test_astra_birth_conditional_run_20260913.PipelineTests.test_explicit_frozen_config_rejects_seed_lr_batch_and_dose) ... ok
test_failed_phase_collects_without_reducers (test_astra_birth_conditional_run_20260913.PipelineTests.test_failed_phase_collects_without_reducers) ... ok
test_fit_saved_receipt_join_or_loss_mismatch (test_astra_birth_conditional_run_20260913.PipelineTests.test_fit_saved_receipt_join_or_loss_mismatch) ... ok
test_full_fit_collection_finite_metadata_archive (test_astra_birth_conditional_run_20260913.PipelineTests.test_full_fit_collection_finite_metadata_archive) ... ok
test_huggingface_tokenizer_asset_symlinks_pin_actual_bytes (test_astra_birth_conditional_run_20260913.PipelineTests.test_huggingface_tokenizer_asset_symlinks_pin_actual_bytes) ... ok
test_invalid_outputs_remain_in_denominators (test_astra_birth_conditional_run_20260913.PipelineTests.test_invalid_outputs_remain_in_denominators) ... ok
test_live_owned_session_blocks_before_results (test_astra_birth_conditional_run_20260913.PipelineTests.test_live_owned_session_blocks_before_results) ... ok
test_main_gpu_opt_in_required (test_astra_birth_conditional_run_20260913.PipelineTests.test_main_gpu_opt_in_required) ... ok
test_native_recipe_or_count_mismatch_rejected (test_astra_birth_conditional_run_20260913.PipelineTests.test_native_recipe_or_count_mismatch_rejected) ... ok
test_no_scorer_before_all_three_complete_captures (test_astra_birth_conditional_run_20260913.PipelineTests.test_no_scorer_before_all_three_complete_captures) ... ok
test_nonfinite_adapter_rejected_without_torch (test_astra_birth_conditional_run_20260913.PipelineTests.test_nonfinite_adapter_rejected_without_torch) ... ok
test_parent_death_watch_signals_only_owned_worker_group (test_astra_birth_conditional_run_20260913.PipelineTests.test_parent_death_watch_signals_only_owned_worker_group) ... ok
test_partial_pair_never_aggregates (test_astra_birth_conditional_run_20260913.PipelineTests.test_partial_pair_never_aggregates) ... ok
test_plan_primary_and_interpreter_guard (test_astra_birth_conditional_run_20260913.PipelineTests.test_plan_primary_and_interpreter_guard) ... ok
test_prepare_real_owner_audit_counts_masks_batches (test_astra_birth_conditional_run_20260913.PipelineTests.test_prepare_real_owner_audit_counts_masks_batches) ... ok
test_readout_complete_capture_then_component_counts (test_astra_birth_conditional_run_20260913.PipelineTests.test_readout_complete_capture_then_component_counts) ... ok
test_readout_incomplete_usage_is_not_scorable (test_astra_birth_conditional_run_20260913.PipelineTests.test_readout_incomplete_usage_is_not_scorable) ... ok
test_real_fit_controller_dispatch_with_mock_supervision (test_astra_birth_conditional_run_20260913.PipelineTests.test_real_fit_controller_dispatch_with_mock_supervision) ... ok
test_second_vacancy_failure_preserves_partial_capsule (test_astra_birth_conditional_run_20260913.PipelineTests.test_second_vacancy_failure_preserves_partial_capsule) ... ok
test_shared_supervisor_parameters_are_unchanged (test_astra_birth_conditional_run_20260913.PipelineTests.test_shared_supervisor_parameters_are_unchanged) ... ok
test_stop_only_verified_controller_and_preserves_request (test_astra_birth_conditional_run_20260913.PipelineTests.test_stop_only_verified_controller_and_preserves_request) ... ok
test_stop_refuses_pid_reuse_without_signal (test_astra_birth_conditional_run_20260913.PipelineTests.test_stop_refuses_pid_reuse_without_signal) ... ok
test_successful_phase_cannot_be_restart_source (test_astra_birth_conditional_run_20260913.PipelineTests.test_successful_phase_cannot_be_restart_source) ... ok
test_symlink_metadata_is_rejected (test_astra_birth_conditional_run_20260913.PipelineTests.test_symlink_metadata_is_rejected) ... ok
test_unknown_file_and_credentials_fail_exclusively (test_astra_birth_conditional_run_20260913.PipelineTests.test_unknown_file_and_credentials_fail_exclusively) ... ok
test_worker_spec_no_parent_answers_or_candidate (test_astra_birth_conditional_run_20260913.PipelineTests.test_worker_spec_no_parent_answers_or_candidate) ... ok
test_wrong_launcher_hash_and_exit_returncode (test_astra_birth_conditional_run_20260913.PipelineTests.test_wrong_launcher_hash_and_exit_returncode) ... ok
test_wrong_source_fails_and_preserves_exclusive_prepare (test_astra_birth_conditional_run_20260913.PipelineTests.test_wrong_source_fails_and_preserves_exclusive_prepare) ... ok
test_actual_launch_and_exit_contract_both_phases (test_astra_launch_birth_component_20260912.LauncherTests.test_actual_launch_and_exit_contract_both_phases) ... {"status": "CONTROLLER_LAUNCHED_NOT_COMPLETED", "launch_sha256": "defa86d89db29a603265dbdbf4907c3528da36e88321a51bbc663c7372f76445", "launch_root": "/tmp/tmpbj1sgwnp/fit_launch", "controller_pid": 55001, "controller_seconds": 1800, "launcher_pid": 273148, "collection_seconds": 300, "started_wall": 1789259305.9691148, "native_cpu_sha256": "2839303b61f1257a1f62b2fd48242ea4426d8dc4e987cfe18f6d3b4b2bb26298"}
{"status": "CONTROLLER_EXITED_COLLECTION_REQUIRED", "returncode": 0}
{"status": "CONTROLLER_LAUNCHED_NOT_COMPLETED", "launch_sha256": "e6f778e7afb42c4f830da6d91da183d565c05f4d41b40e75fbe01dfdd97065ad", "launch_root": "/tmp/tmpbj1sgwnp/readout_launch", "controller_pid": 55001, "controller_seconds": 2700, "launcher_pid": 273148, "collection_seconds": 300, "started_wall": 1789259305.971627, "native_cpu_sha256": "2839303b61f1257a1f62b2fd48242ea4426d8dc4e987cfe18f6d3b4b2bb26298"}
{"status": "CONTROLLER_EXITED_COLLECTION_REQUIRED", "returncode": 0}
ok
test_changed_driver_rejected (test_astra_launch_birth_component_20260912.LauncherTests.test_changed_driver_rejected) ... ok
test_existing_launch_preserved (test_astra_launch_birth_component_20260912.LauncherTests.test_existing_launch_preserved) ... ok
test_failed_native_tests_rejected (test_astra_launch_birth_component_20260912.LauncherTests.test_failed_native_tests_rejected) ... ok
test_opt_in_required (test_astra_launch_birth_component_20260912.LauncherTests.test_opt_in_required) ... ok
test_preflight_window_rechecked (test_astra_launch_birth_component_20260912.LauncherTests.test_preflight_window_rechecked) ... ok
test_start_detaches_launcher_without_claiming_gpu (test_astra_launch_birth_component_20260912.LauncherTests.test_start_detaches_launcher_without_claiming_gpu) ... {"status": "LAUNCHER_STARTED_NOT_GPU_CONFIRMATION", "launcher_pid": 55001, "stdout": "/tmp/tmpmo_jovkw/stdout.log", "launcher_sha256": "c4246f29393a992fdefaf188b2d2069c5526a49bfa84bd7b4a8a38108b3d6c7f"}
ok
test_vacancy_failure_prevents_spawn (test_astra_launch_birth_component_20260912.LauncherTests.test_vacancy_failure_prevents_spawn) ... ok
test_wrong_phase_rejected (test_astra_launch_birth_component_20260912.LauncherTests.test_wrong_phase_rejected) ... ok

----------------------------------------------------------------------
Ran 52 tests in 36.430s

OK
