test_both_prepare_commands_real_parser_and_dispatch_for_each_seed (test_astra_rulegame_process_replication_20260912.ReplicationTests.test_both_prepare_commands_real_parser_and_dispatch_for_each_seed) ... ok
test_both_seeds_complete_fresh_pairs_and_separate_readouts (test_astra_rulegame_process_replication_20260912.ReplicationTests.test_both_seeds_complete_fresh_pairs_and_separate_readouts) ... ok
test_changed_raw_target_mask_or_parent_context_rejected (test_astra_rulegame_process_replication_20260912.ReplicationTests.test_changed_raw_target_mask_or_parent_context_rejected) ... ok
test_failed_prepare_cannot_be_resumed_as_write (test_astra_rulegame_process_replication_20260912.ReplicationTests.test_failed_prepare_cannot_be_resumed_as_write) ... ok
test_failed_readout_middle_cell_has_no_aggregate_or_retry (test_astra_rulegame_process_replication_20260912.ReplicationTests.test_failed_readout_middle_cell_has_no_aggregate_or_retry) ... ok
test_failed_second_fit_preserves_partial_and_never_readout (test_astra_rulegame_process_replication_20260912.ReplicationTests.test_failed_second_fit_preserves_partial_and_never_readout) ... ok
test_fresh_roots_deadlines_and_no_clipping (test_astra_rulegame_process_replication_20260912.ReplicationTests.test_fresh_roots_deadlines_and_no_clipping) ... ok
test_full_metrics_remain_descriptive_not_registered_gate (test_astra_rulegame_process_replication_20260912.ReplicationTests.test_full_metrics_remain_descriptive_not_registered_gate) ... ok
test_gpu_opt_in_required_for_all_run_paths (test_astra_rulegame_process_replication_20260912.ReplicationTests.test_gpu_opt_in_required_for_all_run_paths) ... ok
test_historical_seed_two_recipe_and_bytes_unchanged (test_astra_rulegame_process_replication_20260912.ReplicationTests.test_historical_seed_two_recipe_and_bytes_unchanged) ... ok
test_interpreter_spelling_and_worker_extra_context (test_astra_rulegame_process_replication_20260912.ReplicationTests.test_interpreter_spelling_and_worker_extra_context) ... ok
test_invalid_quizzes_keep_fixed_denominators (test_astra_rulegame_process_replication_20260912.ReplicationTests.test_invalid_quizzes_keep_fixed_denominators) ... ok
test_loss_token_metadata_and_seed_summary_rejected (test_astra_rulegame_process_replication_20260912.ReplicationTests.test_loss_token_metadata_and_seed_summary_rejected) ... ok
test_only_zero_one_fit_seeds (test_astra_rulegame_process_replication_20260912.ReplicationTests.test_only_zero_one_fit_seeds) ... ok
test_raw_material_exact_copy_and_seed_not_generation_seed (test_astra_rulegame_process_replication_20260912.ReplicationTests.test_raw_material_exact_copy_and_seed_not_generation_seed) ... ok
test_readout_requires_full_separate_eighteen_hundred_seconds (test_astra_rulegame_process_replication_20260912.ReplicationTests.test_readout_requires_full_separate_eighteen_hundred_seconds) ... ok
test_readout_requires_own_seed_complete_new_pair (test_astra_rulegame_process_replication_20260912.ReplicationTests.test_readout_requires_own_seed_complete_new_pair) ... ok
test_readout_seed_protocol_and_generation_tamper (test_astra_rulegame_process_replication_20260912.ReplicationTests.test_readout_seed_protocol_and_generation_tamper) ... ok
test_reference_incomplete_or_mutated_completion_rejected (test_astra_rulegame_process_replication_20260912.ReplicationTests.test_reference_incomplete_or_mutated_completion_rejected) ... ok
test_reference_wrong_protocol_or_hash_rejected (test_astra_rulegame_process_replication_20260912.ReplicationTests.test_reference_wrong_protocol_or_hash_rejected) ... ok
test_release_failure_never_complete (test_astra_rulegame_process_replication_20260912.ReplicationTests.test_release_failure_never_complete) ... ok
test_resealed_material_cannot_change_reference_bytes (test_astra_rulegame_process_replication_20260912.ReplicationTests.test_resealed_material_cannot_change_reference_bytes) ... ok
test_saved_adapter_mutation_rejects_readout (test_astra_rulegame_process_replication_20260912.ReplicationTests.test_saved_adapter_mutation_rejects_readout) ... ok
test_seed_or_recipe_or_contract_resealed_tamper_rejected (test_astra_rulegame_process_replication_20260912.ReplicationTests.test_seed_or_recipe_or_contract_resealed_tamper_rejected) ... ok
test_static_readout_generation_algorithm_preserved (test_astra_rulegame_process_replication_20260912.ReplicationTests.test_static_readout_generation_algorithm_preserved) ... ok
test_symlink_metadata_and_frozen_helper_tamper_rejected (test_astra_rulegame_process_replication_20260912.ReplicationTests.test_symlink_metadata_and_frozen_helper_tamper_rejected) ... ok
test_wrong_seed_in_completed_write_result_rejected (test_astra_rulegame_process_replication_20260912.ReplicationTests.test_wrong_seed_in_completed_write_result_rejected) ... ok

----------------------------------------------------------------------
Ran 27 tests in 75.665s

OK
