test_byte_limits_before_parsing_and_after_encoding (tests.test_composition_birth_stage2a_checker.CanonicalJsonTests.test_byte_limits_before_parsing_and_after_encoding) ... ok
test_depth_limits_and_string_brackets (tests.test_composition_birth_stage2a_checker.CanonicalJsonTests.test_depth_limits_and_string_brackets) ... ok
test_encoder_rejects_coercions_and_unsupported_types (tests.test_composition_birth_stage2a_checker.CanonicalJsonTests.test_encoder_rejects_coercions_and_unsupported_types) ... ok
test_integer_bounds_and_bool_distinction (tests.test_composition_birth_stage2a_checker.CanonicalJsonTests.test_integer_bounds_and_bool_distinction) ... ok
test_rejects_non_bytes_inputs (tests.test_composition_birth_stage2a_checker.CanonicalJsonTests.test_rejects_non_bytes_inputs) ... ok
test_rejects_noncanonical_or_malformed_bytes (tests.test_composition_birth_stage2a_checker.CanonicalJsonTests.test_rejects_noncanonical_or_malformed_bytes) ... ok
test_restricted_roundtrip_and_key_sorting (tests.test_composition_birth_stage2a_checker.CanonicalJsonTests.test_restricted_roundtrip_and_key_sorting) ... ok
test_actual_9999_vertex_per_type_boundary (tests.test_composition_birth_stage2a_checker.PinnedCheckerTests.test_actual_9999_vertex_per_type_boundary) ... ok
test_adopted_v4_and_imported_v3_hashes (tests.test_composition_birth_stage2a_checker.PinnedCheckerTests.test_adopted_v4_and_imported_v3_hashes) ... ok
test_all_core_enums_reject_unlisted_spelling_and_non_strings (tests.test_composition_birth_stage2a_checker.PinnedCheckerTests.test_all_core_enums_reject_unlisted_spelling_and_non_strings) ... ok
test_allocated_isolated_vertices_remain_full_only (tests.test_composition_birth_stage2a_checker.PinnedCheckerTests.test_allocated_isolated_vertices_remain_full_only) ... ok
test_both_corrected_full_radius_signature_core_vectors (tests.test_composition_birth_stage2a_checker.PinnedCheckerTests.test_both_corrected_full_radius_signature_core_vectors) ... ok
test_checker_uses_only_declared_stdlib_imports_and_no_io (tests.test_composition_birth_stage2a_checker.PinnedCheckerTests.test_checker_uses_only_declared_stdlib_imports_and_no_io) ... ok
test_core_integer_fields_do_not_coerce_bool_or_string (tests.test_composition_birth_stage2a_checker.PinnedCheckerTests.test_core_integer_fields_do_not_coerce_bool_or_string) ... ok
test_counts_are_exact_nonboolean_public_counts (tests.test_composition_birth_stage2a_checker.PinnedCheckerTests.test_counts_are_exact_nonboolean_public_counts) ... ok
test_current_and_goal_counts_even_with_rehashed_inputs (tests.test_composition_birth_stage2a_checker.PinnedCheckerTests.test_current_and_goal_counts_even_with_rehashed_inputs) ... ok
test_current_flag_cannot_move_only_in_public_graph (tests.test_composition_birth_stage2a_checker.PinnedCheckerTests.test_current_flag_cannot_move_only_in_public_graph) ... ok
test_duplicate_unsorted_vertices_and_edges (tests.test_composition_birth_stage2a_checker.PinnedCheckerTests.test_duplicate_unsorted_vertices_and_edges) ... ok
test_each_hash_field_and_each_radius_hash_is_checked (tests.test_composition_birth_stage2a_checker.PinnedCheckerTests.test_each_hash_field_and_each_radius_hash_is_checked) ... ok
test_each_radius_rejects_deleted_edge_even_with_rehashed_radius (tests.test_composition_birth_stage2a_checker.PinnedCheckerTests.test_each_radius_rejects_deleted_edge_even_with_rehashed_radius) ... ok
test_edge_incidence_order_arity_label_and_dangling_alias (tests.test_composition_birth_stage2a_checker.PinnedCheckerTests.test_edge_incidence_order_arity_label_and_dangling_alias) ... ok
test_edge_mutation_with_old_commitment_rejected (tests.test_composition_birth_stage2a_checker.PinnedCheckerTests.test_edge_mutation_with_old_commitment_rejected) ... ok
test_every_v4_enum_is_accepted_as_syntax_not_semantic_certification (tests.test_composition_birth_stage2a_checker.PinnedCheckerTests.test_every_v4_enum_is_accepted_as_syntax_not_semantic_certification) ... ok
test_exact_keys_reject_extra_and_missing_at_every_layer (tests.test_composition_birth_stage2a_checker.PinnedCheckerTests.test_exact_keys_reject_extra_and_missing_at_every_layer) ... ok
test_full_alias_gaps_are_not_allowed (tests.test_composition_birth_stage2a_checker.PinnedCheckerTests.test_full_alias_gaps_are_not_allowed) ... ok
test_graph_module_outputs_compared_only_in_test (tests.test_composition_birth_stage2a_checker.PinnedCheckerTests.test_graph_module_outputs_compared_only_in_test) ... ok
test_graph_resource_limits (tests.test_composition_birth_stage2a_checker.PinnedCheckerTests.test_graph_resource_limits) ... ok
test_honest_limit_self_consistent_current_cannot_be_authenticated (tests.test_composition_birth_stage2a_checker.PinnedCheckerTests.test_honest_limit_self_consistent_current_cannot_be_authenticated) ... ok
test_hyperedge_clique_induction_and_self_loop (tests.test_composition_birth_stage2a_checker.PinnedCheckerTests.test_hyperedge_clique_induction_and_self_loop) ... ok
test_malformed_hashes_rejected_before_use (tests.test_composition_birth_stage2a_checker.PinnedCheckerTests.test_malformed_hashes_rejected_before_use) ... ok
test_match_uses_explicit_caller_declared_context_only (tests.test_composition_birth_stage2a_checker.PinnedCheckerTests.test_match_uses_explicit_caller_declared_context_only) ... ok
test_missing_duplicate_or_unlinked_roots (tests.test_composition_birth_stage2a_checker.PinnedCheckerTests.test_missing_duplicate_or_unlinked_roots) ... ok
test_positions_and_nullability (tests.test_composition_birth_stage2a_checker.PinnedCheckerTests.test_positions_and_nullability) ... ok
test_public_edge_and_vertex_must_exist_in_supplied_world (tests.test_composition_birth_stage2a_checker.PinnedCheckerTests.test_public_edge_and_vertex_must_exist_in_supplied_world) ... ok
test_radius_zero_preserves_nonzero_aliases (tests.test_composition_birth_stage2a_checker.PinnedCheckerTests.test_radius_zero_preserves_nonzero_aliases) ... ok
test_receipts_are_detached_and_repeatable (tests.test_composition_birth_stage2a_checker.PinnedCheckerTests.test_receipts_are_detached_and_repeatable) ... ok
test_root_mutation_preserving_did_still_fails_pinned_hash (tests.test_composition_birth_stage2a_checker.PinnedCheckerTests.test_root_mutation_preserving_did_still_fails_pinned_hash) ... ok
test_single_head_event_fields_and_world_transitions (tests.test_composition_birth_stage2a_checker.PinnedCheckerTests.test_single_head_event_fields_and_world_transitions) ... ok
test_sparse_public_graph_need_not_be_induced_or_contain_roots (tests.test_composition_birth_stage2a_checker.PinnedCheckerTests.test_sparse_public_graph_need_not_be_induced_or_contain_roots) ... ok
test_stale_current_mutation_fails_pinned_hashes (tests.test_composition_birth_stage2a_checker.PinnedCheckerTests.test_stale_current_mutation_fails_pinned_hashes) ... ok
test_vertex_alias_type_and_flag_mutations (tests.test_composition_birth_stage2a_checker.PinnedCheckerTests.test_vertex_alias_type_and_flag_mutations) ... ok
test_wrong_envelope_types_and_version (tests.test_composition_birth_stage2a_checker.PinnedCheckerTests.test_wrong_envelope_types_and_version) ... ok
test_both_corrected_graph_radius_signature_and_core_vectors (tests.test_composition_birth_stage2a_graph.CorrectedVectorTests.test_both_corrected_graph_radius_signature_and_core_vectors) ... ok
test_corrected_latest_current_and_radius_alias_gaps (tests.test_composition_birth_stage2a_graph.CorrectedVectorTests.test_corrected_latest_current_and_radius_alias_gaps) ... ok
test_stale_current_changes_dependent_hashes_not_enum_version (tests.test_composition_birth_stage2a_graph.CorrectedVectorTests.test_stale_current_changes_dependent_hashes_not_enum_version) ... ok
test_counts_use_only_public_graph_and_builder_detaches_input (tests.test_composition_birth_stage2a_graph.DecisionCoreTests.test_counts_use_only_public_graph_and_builder_detaches_input) ... ok
test_exact_core_keys_integer_fields_counts_and_public_flags (tests.test_composition_birth_stage2a_graph.DecisionCoreTests.test_exact_core_keys_integer_fields_counts_and_public_flags) ... ok
test_exact_v4_enum_vocabulary_from_pinned_text (tests.test_composition_birth_stage2a_graph.DecisionCoreTests.test_exact_v4_enum_vocabulary_from_pinned_text) ... ok
test_match_requires_explicit_step_outcome_context (tests.test_composition_birth_stage2a_graph.DecisionCoreTests.test_match_requires_explicit_step_outcome_context) ... ok
test_positions_match_v4_phase_ranges_and_nullability (tests.test_composition_birth_stage2a_graph.DecisionCoreTests.test_positions_match_v4_phase_ranges_and_nullability) ... ok
test_bad_serialized_shapes_sorting_types_and_duplicate_current (tests.test_composition_birth_stage2a_graph.RawGraphTests.test_bad_serialized_shapes_sorting_types_and_duplicate_current) ... ok
test_effective_world_rejects_two_heads_for_one_transition (tests.test_composition_birth_stage2a_graph.RawGraphTests.test_effective_world_rejects_two_heads_for_one_transition) ... ok
test_hyperedge_clique_distance_and_induced_edge_rule (tests.test_composition_birth_stage2a_graph.RawGraphTests.test_hyperedge_clique_distance_and_induced_edge_rule) ... ok
test_input_order_and_domain_world_do_not_enter_alias_bytes (tests.test_composition_birth_stage2a_graph.RawGraphTests.test_input_order_and_domain_world_do_not_enter_alias_bytes) ... ok
test_invalid_role_types_syntax_and_owners (tests.test_composition_birth_stage2a_graph.RawGraphTests.test_invalid_role_types_syntax_and_owners) ... ok
test_isolated_allocated_query_survives_full_graph_not_radii (tests.test_composition_birth_stage2a_graph.RawGraphTests.test_isolated_allocated_query_survives_full_graph_not_radii) ... ok
test_outputs_do_not_alias_mutable_input (tests.test_composition_birth_stage2a_graph.RawGraphTests.test_outputs_do_not_alias_mutable_input) ... ok
test_parser_rejects_noncanonical_and_duplicate_key_json (tests.test_composition_birth_stage2a_graph.RawGraphTests.test_parser_rejects_noncanonical_and_duplicate_key_json) ... ok
test_partial_status_does_not_open_gates (tests.test_composition_birth_stage2a_graph.RawGraphTests.test_partial_status_does_not_open_gates) ... ok
test_radius_rejects_bad_bounds_and_unbound_or_unlinked_roots (tests.test_composition_birth_stage2a_graph.RawGraphTests.test_radius_rejects_bad_bounds_and_unbound_or_unlinked_roots) ... ok
test_raw_flags_reject_wrong_type_unknown_and_duplicate_current (tests.test_composition_birth_stage2a_graph.RawGraphTests.test_raw_flags_reject_wrong_type_unknown_and_duplicate_current) ... ok
test_raw_incidence_rejects_wrong_order_arity_and_unknown_owner (tests.test_composition_birth_stage2a_graph.RawGraphTests.test_raw_incidence_rejects_wrong_order_arity_and_unknown_owner) ... ok
test_same_node_owner_has_distinct_goal_and_state_aliases (tests.test_composition_birth_stage2a_graph.RawGraphTests.test_same_node_owner_has_distinct_goal_and_state_aliases) ... ok
test_typed_cardinality_bound_and_four_decimal_aliases (tests.test_composition_birth_stage2a_graph.RawGraphTests.test_typed_cardinality_bound_and_four_decimal_aliases) ... ok
test_bad_roster_duplicate_sentinel_and_wrong_kind_rejected (tests.test_composition_birth_stage2a_canaries.CanaryTests.test_bad_roster_duplicate_sentinel_and_wrong_kind_rejected) ... ok
test_copy_prompt_exact_and_shared_system (tests.test_composition_birth_stage2a_canaries.CanaryTests.test_copy_prompt_exact_and_shared_system) ... ok
test_exact_roster_and_target_order (tests.test_composition_birth_stage2a_canaries.CanaryTests.test_exact_roster_and_target_order) ... ok
test_symbolic_inventory_agreement_and_partial_designation (tests.test_composition_birth_stage2a_canaries.CanaryTests.test_symbolic_inventory_agreement_and_partial_designation) ... ok
test_wrong_valid_action_is_not_correct_copy (tests.test_composition_birth_stage2a_canaries.CanaryTests.test_wrong_valid_action_is_not_correct_copy) ... ok

----------------------------------------------------------------------
Ran 69 tests in 0.786s

OK
