test_all_targets_pass (__main__.MaterialTests.test_all_targets_pass) ... ok
test_arithmetic_typed_json_no_bool_int_alias (__main__.MaterialTests.test_arithmetic_typed_json_no_bool_int_alias) ... ok
test_canary_shared_exact_and_no_recipe (__main__.MaterialTests.test_canary_shared_exact_and_no_recipe) ... ok
test_cli_fresh_only_and_json_roundtrip (__main__.MaterialTests.test_cli_fresh_only_and_json_roundtrip) ... ok
test_content_primary_format_secondary (__main__.MaterialTests.test_content_primary_format_secondary) ... ok
test_counterfactual_selected_outcome_changes_labels (__main__.MaterialTests.test_counterfactual_selected_outcome_changes_labels) ... ok
test_deterministic_and_seed_only_order (__main__.MaterialTests.test_deterministic_and_seed_only_order) ... ok
test_disjoint_sources_triples_and_prompts (__main__.MaterialTests.test_disjoint_sources_triples_and_prompts) ... ok
test_earlier_shortcut_balanced (__main__.MaterialTests.test_earlier_shortcut_balanced) ... ok
test_exact_sizes_and_required_fields (__main__.MaterialTests.test_exact_sizes_and_required_fields) ... ok
test_fence_is_only_enclosing_wrapper_no_repair (__main__.MaterialTests.test_fence_is_only_enclosing_wrapper_no_repair) ... ok
test_invalid_arguments (__main__.MaterialTests.test_invalid_arguments) ... ok
test_label_and_skin_balance (__main__.MaterialTests.test_label_and_skin_balance) ... ok
test_missing_prediction_different_task_meaning (__main__.MaterialTests.test_missing_prediction_different_task_meaning) ... ok
test_no_derived_labels_in_eval_transcript (__main__.MaterialTests.test_no_derived_labels_in_eval_transcript) ... ok
test_polarity_and_four_negative_subtypes (__main__.MaterialTests.test_polarity_and_four_negative_subtypes) ... ok
test_raw35_changes_scoring_not_dataset_rows (__main__.MaterialTests.test_raw35_changes_scoring_not_dataset_rows) ... ok
test_rejections_require_source_not_internal_consistency (__main__.MaterialTests.test_rejections_require_source_not_internal_consistency) ... ok
test_schema_syntax_and_source_errors_separate (__main__.MaterialTests.test_schema_syntax_and_source_errors_separate) ... ok
test_source_pin_rejects_before_execution (__main__.MaterialTests.test_source_pin_rejects_before_execution) ... ok
test_source_target_and_proof_tampering_reject (__main__.MaterialTests.test_source_target_and_proof_tampering_reject) ... ok
test_truncation_and_missing_never_pass (__main__.MaterialTests.test_truncation_and_missing_never_pass) ... ok

----------------------------------------------------------------------
Ran 22 tests in 7.242s

OK
