test_backend_close_failure_cannot_claim_completion (test_parent_competency_diagnostic.CompetencyTests.test_backend_close_failure_cannot_claim_completion) ... /data/home/rohing/dream-state/organism_v6/reasoning_gym_gym.py:99: ResourceWarning: unclosed file <_io.TextIOWrapper name='/data/home/rohing/dream-state/organism_v6/bootstrap_reasoning_gym.txt' mode='r' encoding='UTF-8'>
  self._bootstrap = open(BOOTSTRAP_PATH).read()
ResourceWarning: Enable tracemalloc to get the object allocation traceback
ok
test_controller_uses_fresh_processes_same_reserved_device (test_parent_competency_diagnostic.CompetencyTests.test_controller_uses_fresh_processes_same_reserved_device) ... ok
test_equal_packages_opportunities_and_seeded_caps_without_note_requirement (test_parent_competency_diagnostic.CompetencyTests.test_equal_packages_opportunities_and_seeded_caps_without_note_requirement) ... ok
test_execution_requires_explicit_gpu_opt_in (test_parent_competency_diagnostic.CompetencyTests.test_execution_requires_explicit_gpu_opt_in) ... ok
test_first_action_not_best_action_and_raw_bytes_preserved (test_parent_competency_diagnostic.CompetencyTests.test_first_action_not_best_action_and_raw_bytes_preserved) ... ok
test_fresh_outputs_only_and_material_unchanged (test_parent_competency_diagnostic.CompetencyTests.test_fresh_outputs_only_and_material_unchanged) ... ok
test_identity_failure_closes_backend_and_seals_failure (test_parent_competency_diagnostic.CompetencyTests.test_identity_failure_closes_backend_and_seals_failure) ... ok
test_invalid_first_action_score_zero_even_if_later_success (test_parent_competency_diagnostic.CompetencyTests.test_invalid_first_action_score_zero_even_if_later_success) ... ok
test_launcher_rejects_synthetic_before_gpu_inspection (test_parent_competency_diagnostic.CompetencyTests.test_launcher_rejects_synthetic_before_gpu_inspection) ... ok
test_launcher_reserves_both_arms_and_uses_external_logs (test_parent_competency_diagnostic.CompetencyTests.test_launcher_reserves_both_arms_and_uses_external_logs) ... ok
test_long_prompt_blocks_preflight (test_parent_competency_diagnostic.CompetencyTests.test_long_prompt_blocks_preflight) ... ok
test_missing_actions_still_receive_exactly16_presentations (test_parent_competency_diagnostic.CompetencyTests.test_missing_actions_still_receive_exactly16_presentations) ... ok
test_native_format_valid_but_wrong_is_not_a_solution (test_parent_competency_diagnostic.CompetencyTests.test_native_format_valid_but_wrong_is_not_a_solution) ... ok
test_no_teacher_anchor_keeps_questions_and_omits_entire_block (test_parent_competency_diagnostic.CompetencyTests.test_no_teacher_anchor_keeps_questions_and_omits_entire_block) ... ok
test_no_teacher_cannot_execute_original_two_arm_preparation (test_parent_competency_diagnostic.CompetencyTests.test_no_teacher_cannot_execute_original_two_arm_preparation) ... ok
test_no_teacher_run_records_zero_teaching_not_zero_opportunities (test_parent_competency_diagnostic.CompetencyTests.test_no_teacher_run_records_zero_teaching_not_zero_opportunities) ... ok
test_output_over_budget_preserved_and_rejected (test_parent_competency_diagnostic.CompetencyTests.test_output_over_budget_preserved_and_rejected) ... ok
test_preparation_never_starts_model_and_is_transparently_synthetic (test_parent_competency_diagnostic.CompetencyTests.test_preparation_never_starts_model_and_is_transparently_synthetic) ... ok
test_selection_rejects_canary_duplicate_unknown_and_wrong_size (test_parent_competency_diagnostic.CompetencyTests.test_selection_rejects_canary_duplicate_unknown_and_wrong_size) ... ok
test_tampered_package_rejected (test_parent_competency_diagnostic.CompetencyTests.test_tampered_package_rejected) ... ok
test_teacher_conditions_cannot_execute_absent_preparation (test_parent_competency_diagnostic.CompetencyTests.test_teacher_conditions_cannot_execute_absent_preparation) ... ok
test_tokenizer_missing_and_token_mismatch_are_pending_no_padding (test_parent_competency_diagnostic.CompetencyTests.test_tokenizer_missing_and_token_mismatch_are_pending_no_padding) ... ok

----------------------------------------------------------------------
Ran 22 tests in 1.031s

OK
