test_all_six_prefixes_use_only_explicit_synthetic_roles (tests.test_composition_birth_stage2a.NamespaceAllocationTests.test_all_six_prefixes_use_only_explicit_synthetic_roles) ... ok
test_candidate_collision_and_all_a_fail_without_retry (tests.test_composition_birth_stage2a.NamespaceAllocationTests.test_candidate_collision_and_all_a_fail_without_retry) ... ok
test_cross_domain_collision_with_explicit_prior_tokens_fails (tests.test_composition_birth_stage2a.NamespaceAllocationTests.test_cross_domain_collision_with_explicit_prior_tokens_fails) ... ok
test_digest_ties_use_raw_byte_tiebreak_for_both_orders (tests.test_composition_birth_stage2a.NamespaceAllocationTests.test_digest_ties_use_raw_byte_tiebreak_for_both_orders) ... ok
test_exact_v3_binding_no_science_gate_or_implicit_inputs (tests.test_composition_birth_stage2a.NamespaceAllocationTests.test_exact_v3_binding_no_science_gate_or_implicit_inputs) ... ok
test_explicit_empty_role_list_allocates_nothing (tests.test_composition_birth_stage2a.NamespaceAllocationTests.test_explicit_empty_role_list_allocates_nothing) ... ok
test_missing_extra_duplicate_roles_and_commitment_drift_fail (tests.test_composition_birth_stage2a.NamespaceAllocationTests.test_missing_extra_duplicate_roles_and_commitment_drift_fail) ... ok
test_role_syntax_and_delimiters_fail_without_repair (tests.test_composition_birth_stage2a.NamespaceAllocationTests.test_role_syntax_and_delimiters_fail_without_repair) ... ok
test_synthetic_golden_vector_canonical_order_and_immutable_result (tests.test_composition_birth_stage2a.NamespaceAllocationTests.test_synthetic_golden_vector_canonical_order_and_immutable_result) ... ok
test_u32_unsigned_big_endian_boundaries (tests.test_composition_birth_stage2a.NamespaceAllocationTests.test_u32_unsigned_big_endian_boundaries) ... ok
test_aggregate_token_and_context_allowances (tests.test_composition_birth_stage2a.SessionTests.test_aggregate_token_and_context_allowances) ... ok
test_capture_precedes_parser_and_is_immutable (tests.test_composition_birth_stage2a.SessionTests.test_capture_precedes_parser_and_is_immutable) ... ok
test_deep_builtin_raw_or_metadata_preserves_terminal_success_and_failure (tests.test_composition_birth_stage2a.SessionTests.test_deep_builtin_raw_or_metadata_preserves_terminal_success_and_failure) ... ok
test_deep_builtin_raw_or_metadata_terminates_active_session (tests.test_composition_birth_stage2a.SessionTests.test_deep_builtin_raw_or_metadata_terminates_active_session) ... ok
test_generation_metadata_fails_closed_with_custody (tests.test_composition_birth_stage2a.SessionTests.test_generation_metadata_fails_closed_with_custody) ... ok
test_miss_is_valid_and_no_host_correction_of_think (tests.test_composition_birth_stage2a.SessionTests.test_miss_is_valid_and_no_host_correction_of_think) ... ok
test_nonstring_and_invalid_unicode_custody_without_stringification (tests.test_composition_birth_stage2a.SessionTests.test_nonstring_and_invalid_unicode_custody_without_stringification) ... ok
test_operation_budgets_and_separate_raw_receipts (tests.test_composition_birth_stage2a.SessionTests.test_operation_budgets_and_separate_raw_receipts) ... ok
test_premature_stop_and_invalid_step_fail_without_repair (tests.test_composition_birth_stage2a.SessionTests.test_premature_stop_and_invalid_step_fail_without_repair) ... ok
test_twenty_nine_calls_include_stop_no_retry_after_terminal (tests.test_composition_birth_stage2a.SessionTests.test_twenty_nine_calls_include_stop_no_retry_after_terminal) ... ok
test_unsupported_raw_or_metadata_preserves_terminal_success_and_failure (tests.test_composition_birth_stage2a.SessionTests.test_unsupported_raw_or_metadata_preserves_terminal_success_and_failure) ... ok
test_unsupported_transport_fails_closed_without_repr_fallback (tests.test_composition_birth_stage2a.SessionTests.test_unsupported_transport_fails_closed_without_repr_fallback) ... ok
test_world_mapping_is_copied_and_reserved_allocations_rejected (tests.test_composition_birth_stage2a.SessionTests.test_world_mapping_is_copied_and_reserved_allocations_rejected) ... ok
test_world_not_event_prediction_is_authoritative_exact_stop_required (tests.test_composition_birth_stage2a.SessionTests.test_world_not_event_prediction_is_authoritative_exact_stop_required) ... ok
test_birth_family_and_member_specific_roles_only_where_created (tests.test_composition_birth_stage2a.SymbolicInventoryTests.test_birth_family_and_member_specific_roles_only_where_created) ... ok
test_canary_identifier_absences_and_read_only_results (tests.test_composition_birth_stage2a.SymbolicInventoryTests.test_canary_identifier_absences_and_read_only_results) ... ok
test_chain_recovery_uses_scored_goal_and_member_specific_surprise_hub (tests.test_composition_birth_stage2a.SymbolicInventoryTests.test_chain_recovery_uses_scored_goal_and_member_specific_surprise_hub) ... ok
test_duplicate_missing_extra_cross_domain_and_rebound_roles_rejected (tests.test_composition_birth_stage2a.SymbolicInventoryTests.test_duplicate_missing_extra_cross_domain_and_rebound_roles_rejected) ... ok
test_exact_memo_commitments_and_independent_counts_hashes (tests.test_composition_birth_stage2a.SymbolicInventoryTests.test_exact_memo_commitments_and_independent_counts_hashes) ... ok
test_intervention_worlds_have_start_queries_and_no_corrective_roles (tests.test_composition_birth_stage2a.SymbolicInventoryTests.test_intervention_worlds_have_start_queries_and_no_corrective_roles) ... ok
test_ordered_seven_component_unique_domain_separated_strings_only (tests.test_composition_birth_stage2a.SymbolicInventoryTests.test_ordered_seven_component_unique_domain_separated_strings_only) ... ok
test_unbound_reserved_and_unspecified_domains_fail_without_expansion (tests.test_composition_birth_stage2a.SymbolicInventoryTests.test_unbound_reserved_and_unspecified_domains_fail_without_expansion) ... ok
test_both_service_skins_exact_counts_order_and_bytes (tests.test_composition_birth_stage2a.WireTests.test_both_service_skins_exact_counts_order_and_bytes) ... ok
test_bound_memo_and_system_bytes_no_science_gates (tests.test_composition_birth_stage2a.WireTests.test_bound_memo_and_system_bytes_no_science_gates) ... ok
test_exact_actions_including_syntactically_valid_sentinels (tests.test_composition_birth_stage2a.WireTests.test_exact_actions_including_syntactically_valid_sentinels) ... ok
test_no_trimming_repair_unicode_fences_or_multiple_actions (tests.test_composition_birth_stage2a.WireTests.test_no_trimming_repair_unicode_fences_or_multiple_actions) ... ok
test_registry_is_passive_snapshot_with_unknown_miss (tests.test_composition_birth_stage2a.WireTests.test_registry_is_passive_snapshot_with_unknown_miss) ... ok
test_row_order_is_not_repaired_and_mixed_skins_fail (tests.test_composition_birth_stage2a.WireTests.test_row_order_is_not_repaired_and_mixed_skins_fail) ... ok
test_task_and_world_envelopes (tests.test_composition_birth_stage2a.WireTests.test_task_and_world_envelopes) ... ok
test_all_pinned_v4_cjson_vectors_roundtrip (tests.test_composition_birth_stage2a_primitives.CanonicalJsonTests.test_all_pinned_v4_cjson_vectors_roundtrip) ... ok
test_cycles_and_depth_fail_closed (tests.test_composition_birth_stage2a_primitives.CanonicalJsonTests.test_cycles_and_depth_fail_closed) ... ok
test_exact_sorted_bytes_and_roundtrip (tests.test_composition_birth_stage2a_primitives.CanonicalJsonTests.test_exact_sorted_bytes_and_roundtrip) ... ok
test_reject_duplicates_negative_zero_floats_and_constants (tests.test_composition_birth_stage2a_primitives.CanonicalJsonTests.test_reject_duplicates_negative_zero_floats_and_constants) ... ok
test_reject_invalid_values_at_all_depths (tests.test_composition_birth_stage2a_primitives.CanonicalJsonTests.test_reject_invalid_values_at_all_depths) ... ok
test_reject_noncanonical_and_invalid_encoding (tests.test_composition_birth_stage2a_primitives.CanonicalJsonTests.test_reject_noncanonical_and_invalid_encoding) ... ok
test_supported_scalars_and_shared_subtrees (tests.test_composition_birth_stage2a_primitives.CanonicalJsonTests.test_supported_scalars_and_shared_subtrees) ... ok
test_all_slots_cover_unique_global_ordinals (tests.test_composition_birth_stage2a_primitives.SeedTests.test_all_slots_cover_unique_global_ordinals) ... ok
test_initialization_and_all_paired_update_seeds (tests.test_composition_birth_stage2a_primitives.SeedTests.test_initialization_and_all_paired_update_seeds) ... ok
test_label_ordinal_mismatch_and_invalid_numbers (tests.test_composition_birth_stage2a_primitives.SeedTests.test_label_ordinal_mismatch_and_invalid_numbers) ... ok
test_slot_input_validation (tests.test_composition_birth_stage2a_primitives.SeedTests.test_slot_input_validation) ... ok
test_source_only_no_science_opening (tests.test_composition_birth_stage2a_primitives.SeedTests.test_source_only_no_science_opening) ... ok
test_u32_and_low64_exact (tests.test_composition_birth_stage2a_primitives.SeedTests.test_u32_and_low64_exact) ... ok
test_all_updates_batch_slots_and_rng_seeds (tests.test_composition_birth_stage2a_tape.PresentationTapeTests.test_all_updates_batch_slots_and_rng_seeds) ... ok
test_d1_boundary_and_conditional_d2_continuity (tests.test_composition_birth_stage2a_tape.PresentationTapeTests.test_d1_boundary_and_conditional_d2_continuity) ... ok
test_digest_ties_use_raw_unit_bytes (tests.test_composition_birth_stage2a_tape.PresentationTapeTests.test_digest_ties_use_raw_unit_bytes) ... ok
test_exact_unit_roster_and_input_permutation_invariance (tests.test_composition_birth_stage2a_tape.PresentationTapeTests.test_exact_unit_roster_and_input_permutation_invariance) ... ok
test_independent_digest_order_and_eight_rotations (tests.test_composition_birth_stage2a_tape.PresentationTapeTests.test_independent_digest_order_and_eight_rotations) ... ok
test_master_and_immutability (tests.test_composition_birth_stage2a_tape.PresentationTapeTests.test_master_and_immutability) ... ok
test_reject_missing_extra_duplicate_and_malformed_ids (tests.test_composition_birth_stage2a_tape.PresentationTapeTests.test_reject_missing_extra_duplicate_and_malformed_ids) ... ok
test_symbolic_only_no_runtime_or_science_qualification (tests.test_composition_birth_stage2a_tape.PresentationTapeTests.test_symbolic_only_no_runtime_or_science_qualification) ... ok
test_birth_exact_display_preimage (tests.test_composition_birth_stage2a_worlds.OrdinaryWorldTests.test_birth_exact_display_preimage) ... ok
test_birth_start_destinations_and_hub_ordinals (tests.test_composition_birth_stage2a_worlds.OrdinaryWorldTests.test_birth_start_destinations_and_hub_ordinals) ... ok
test_cardinality_linkage_and_candidate_owned_roles (tests.test_composition_birth_stage2a_worlds.OrdinaryWorldTests.test_cardinality_linkage_and_candidate_owned_roles) ... ok
test_chain_directory_pins_and_ascending_remainder (tests.test_composition_birth_stage2a_worlds.OrdinaryWorldTests.test_chain_directory_pins_and_ascending_remainder) ... ok
test_chain_scored_exception_unscored_generic_and_all_hubs (tests.test_composition_birth_stage2a_worlds.OrdinaryWorldTests.test_chain_scored_exception_unscored_generic_and_all_hubs) ... ok
test_directory_fragment_and_missing_route (tests.test_composition_birth_stage2a_worlds.OrdinaryWorldTests.test_directory_fragment_and_missing_route) ... ok
test_exact_field_order_both_skins (tests.test_composition_birth_stage2a_worlds.OrdinaryWorldTests.test_exact_field_order_both_skins) ... ok
test_exact_wire_round_trip_all_constructed_blocks (tests.test_composition_birth_stage2a_worlds.OrdinaryWorldTests.test_exact_wire_round_trip_all_constructed_blocks) ... ok
test_fragments_and_intervention_ordinary_rotation (tests.test_composition_birth_stage2a_worlds.OrdinaryWorldTests.test_fragments_and_intervention_ordinary_rotation) ... ok
test_full_world_requires_even_nonindexed_nodes (tests.test_composition_birth_stage2a_worlds.OrdinaryWorldTests.test_full_world_requires_even_nonindexed_nodes) ... ok
test_immutable_results_and_input_snapshot (tests.test_composition_birth_stage2a_worlds.OrdinaryWorldTests.test_immutable_results_and_input_snapshot) ... ok
test_invalid_world_state_goal_and_display_inputs (tests.test_composition_birth_stage2a_worlds.OrdinaryWorldTests.test_invalid_world_state_goal_and_display_inputs) ... ok
test_missing_malformed_wrong_type_and_duplicate_roles (tests.test_composition_birth_stage2a_worlds.OrdinaryWorldTests.test_missing_malformed_wrong_type_and_duplicate_roles) ... ok
test_no_index_at_non_z_states_no_extra_edges (tests.test_composition_birth_stage2a_worlds.OrdinaryWorldTests.test_no_index_at_non_z_states_no_extra_edges) ... ok
test_renderer_malformed_rows_and_requests_fail_closed (tests.test_composition_birth_stage2a_worlds.OrdinaryWorldTests.test_renderer_malformed_rows_and_requests_fail_closed) ... ok
test_unsupported_worlds_and_features_fail_explicitly (tests.test_composition_birth_stage2a_worlds.OrdinaryWorldTests.test_unsupported_worlds_and_features_fail_explicitly) ... ok
test_v4_all_32_scored_positions_golden_hash (tests.test_composition_birth_stage2a_worlds.OrdinaryWorldTests.test_v4_all_32_scored_positions_golden_hash) ... ok
test_v4_hash_and_closed_gates (tests.test_composition_birth_stage2a_worlds.OrdinaryWorldTests.test_v4_hash_and_closed_gates) ... ok
test_both_corrected_graph_radius_signature_and_core_vectors (tests.test_composition_birth_stage2a_graph.CorrectedVectorTests.test_both_corrected_graph_radius_signature_and_core_vectors) ... ok
test_corrected_latest_current_and_radius_alias_gaps (tests.test_composition_birth_stage2a_graph.CorrectedVectorTests.test_corrected_latest_current_and_radius_alias_gaps) ... ok
test_stale_current_changes_dependent_hashes_not_enum_version (tests.test_composition_birth_stage2a_graph.CorrectedVectorTests.test_stale_current_changes_dependent_hashes_not_enum_version) ... ok
test_counts_use_only_public_graph_and_builder_detaches_input (tests.test_composition_birth_stage2a_graph.DecisionCoreTests.test_counts_use_only_public_graph_and_builder_detaches_input) ... ok
test_exact_core_keys_integer_fields_counts_and_public_flags (tests.test_composition_birth_stage2a_graph.DecisionCoreTests.test_exact_core_keys_integer_fields_counts_and_public_flags) ... ok
test_exact_v4_enum_vocabulary_from_pinned_text (tests.test_composition_birth_stage2a_graph.DecisionCoreTests.test_exact_v4_enum_vocabulary_from_pinned_text) ... ok
test_match_requires_explicit_step_outcome_context (tests.test_composition_birth_stage2a_graph.DecisionCoreTests.test_match_requires_explicit_step_outcome_context) ... ok
test_positions_match_v4_phase_ranges_and_nullability (tests.test_composition_birth_stage2a_graph.DecisionCoreTests.test_positions_match_v4_phase_ranges_and_nullability) ... ok
test_bad_serialized_shapes_sorting_types_and_duplicate_current (tests.test_composition_birth_stage2a_graph.RawGraphTests.test_bad_serialized_shapes_sorting_types_and_duplicate_current) ... ok
test_effective_world_rejects_two_heads_for_one_transition (tests.test_composition_birth_stage2a_graph.RawGraphTests.test_effective_world_rejects_two_heads_for_one_transition) ... ok
test_hyperedge_clique_distance_and_induced_edge_rule (tests.test_composition_birth_stage2a_graph.RawGraphTests.test_hyperedge_clique_distance_and_induced_edge_rule) ... ok
test_input_order_and_domain_world_do_not_enter_alias_bytes (tests.test_composition_birth_stage2a_graph.RawGraphTests.test_input_order_and_domain_world_do_not_enter_alias_bytes) ... ok
test_invalid_role_types_syntax_and_owners (tests.test_composition_birth_stage2a_graph.RawGraphTests.test_invalid_role_types_syntax_and_owners) ... ok
test_isolated_allocated_query_survives_full_graph_not_radii (tests.test_composition_birth_stage2a_graph.RawGraphTests.test_isolated_allocated_query_survives_full_graph_not_radii) ... ok
test_outputs_do_not_alias_mutable_input (tests.test_composition_birth_stage2a_graph.RawGraphTests.test_outputs_do_not_alias_mutable_input) ... ok
test_parser_rejects_noncanonical_and_duplicate_key_json (tests.test_composition_birth_stage2a_graph.RawGraphTests.test_parser_rejects_noncanonical_and_duplicate_key_json) ... ok
test_partial_status_does_not_open_gates (tests.test_composition_birth_stage2a_graph.RawGraphTests.test_partial_status_does_not_open_gates) ... ok
test_radius_rejects_bad_bounds_and_unbound_or_unlinked_roots (tests.test_composition_birth_stage2a_graph.RawGraphTests.test_radius_rejects_bad_bounds_and_unbound_or_unlinked_roots) ... ok
test_raw_flags_reject_wrong_type_unknown_and_duplicate_current (tests.test_composition_birth_stage2a_graph.RawGraphTests.test_raw_flags_reject_wrong_type_unknown_and_duplicate_current) ... ok
test_raw_incidence_rejects_wrong_order_arity_and_unknown_owner (tests.test_composition_birth_stage2a_graph.RawGraphTests.test_raw_incidence_rejects_wrong_order_arity_and_unknown_owner) ... ok
test_same_node_owner_has_distinct_goal_and_state_aliases (tests.test_composition_birth_stage2a_graph.RawGraphTests.test_same_node_owner_has_distinct_goal_and_state_aliases) ... ok
test_typed_cardinality_bound_and_four_decimal_aliases (tests.test_composition_birth_stage2a_graph.RawGraphTests.test_typed_cardinality_bound_and_four_decimal_aliases) ... ok

----------------------------------------------------------------------
Ran 100 tests in 4.175s

OK
