test_actual_help_and_gpu_opt_in (test_astra_born_rulegame_formation_run_20260912.CLITests.test_actual_help_and_gpu_opt_in) ... ok
test_collect_dispatch (test_astra_born_rulegame_formation_run_20260912.CLITests.test_collect_dispatch) ... ok
test_prepare_dispatch (test_astra_born_rulegame_formation_run_20260912.CLITests.test_prepare_dispatch) ... ok
test_real_formation_command_dispatch (test_astra_born_rulegame_formation_run_20260912.CLITests.test_real_formation_command_dispatch) ... ok
test_real_worker_command_dispatch (test_astra_born_rulegame_formation_run_20260912.CLITests.test_real_worker_command_dispatch) ... ok
test_status_dispatch (test_astra_born_rulegame_formation_run_20260912.CLITests.test_status_dispatch) ... ok
test_actual_isolated_normalizer_cli (test_astra_born_rulegame_formation_run_20260912.FormationTests.test_actual_isolated_normalizer_cli) ... ok
test_actual_worker_uses_one_role_backend_and_durable_barrier (test_astra_born_rulegame_formation_run_20260912.FormationTests.test_actual_worker_uses_one_role_backend_and_durable_barrier) ... ok
test_altered_or_deranged_normalized_adapter_rejected (test_astra_born_rulegame_formation_run_20260912.FormationTests.test_altered_or_deranged_normalized_adapter_rejected) ... ok
test_changed_birth_artifact_detected (test_astra_born_rulegame_formation_run_20260912.FormationTests.test_changed_birth_artifact_detected) ... ok
test_complete_collection_and_consumer_release_api (test_astra_born_rulegame_formation_run_20260912.FormationTests.test_complete_collection_and_consumer_release_api) ... ok
test_complete_sixty_call_journal_precedes_replay (test_astra_born_rulegame_formation_run_20260912.FormationTests.test_complete_sixty_call_journal_precedes_replay) ... ok
test_failed_collection_does_not_replay_or_promote (test_astra_born_rulegame_formation_run_20260912.FormationTests.test_failed_collection_does_not_replay_or_promote) ... ok
test_incomplete_release_fails_before_completion_normalization (test_astra_born_rulegame_formation_run_20260912.FormationTests.test_incomplete_release_fails_before_completion_normalization) ... ok
test_live_owned_session_blocks_collection_before_outcome_reads (test_astra_born_rulegame_formation_run_20260912.FormationTests.test_live_owned_session_blocks_collection_before_outcome_reads) ... ok
test_missing_raw_pair_rejected_before_replay (test_astra_born_rulegame_formation_run_20260912.FormationTests.test_missing_raw_pair_rejected_before_replay) ... ok
test_no_reuse_of_prepared_root (test_astra_born_rulegame_formation_run_20260912.FormationTests.test_no_reuse_of_prepared_root) ... ok
test_normalized_exact_terminal_auth_and_release_joins (test_astra_born_rulegame_formation_run_20260912.FormationTests.test_normalized_exact_terminal_auth_and_release_joins) ... ok
test_prepare_and_check_new_snapshot_binding (test_astra_born_rulegame_formation_run_20260912.FormationTests.test_prepare_and_check_new_snapshot_binding) ... ok
test_second_vacancy_failure_keeps_archive_unaccepted (test_astra_born_rulegame_formation_run_20260912.FormationTests.test_second_vacancy_failure_keeps_archive_unaccepted) ... ok
test_unknown_or_credential_metadata_rejected (test_astra_born_rulegame_formation_run_20260912.FormationTests.test_unknown_or_credential_metadata_rejected) ... ok
test_wrong_birth_pin_or_release_hash_rejected (test_astra_born_rulegame_formation_run_20260912.FormationTests.test_wrong_birth_pin_or_release_hash_rejected) ... ok
test_wrong_or_missing_role_source_preserves_failed_prepare (test_astra_born_rulegame_formation_run_20260912.FormationTests.test_wrong_or_missing_role_source_preserves_failed_prepare) ... ok
test_wrong_parent_route_rejected (test_astra_born_rulegame_formation_run_20260912.FormationTests.test_wrong_parent_route_rejected) ... ok
test_actual_launch_and_exit_contract (test_astra_launch_born_formation_20260912.LauncherTests.test_actual_launch_and_exit_contract) ... {"status": "CONTROLLER_LAUNCHED_NOT_COMPLETED", "launch_sha256": "4dfc1c2944b6f0c862cfe598501ed0f725fd284b926347626f213389166ebaf2", "launch_root": "/tmp/tmp1j_aqjxv/formation_launch", "controller_pid": 55001, "controller_seconds": 900, "launcher_pid": 276859, "collection_seconds": 300, "started_wall": 1789260479.7666373, "native_cpu_sha256": "2839303b61f1257a1f62b2fd48242ea4426d8dc4e987cfe18f6d3b4b2bb26298"}
{"status": "CONTROLLER_EXITED_COLLECTION_REQUIRED", "returncode": 0}
ok
test_changed_driver_rejected (test_astra_launch_born_formation_20260912.LauncherTests.test_changed_driver_rejected) ... ok
test_existing_launch_preserved (test_astra_launch_born_formation_20260912.LauncherTests.test_existing_launch_preserved) ... ok
test_failed_native_tests_rejected (test_astra_launch_born_formation_20260912.LauncherTests.test_failed_native_tests_rejected) ... ok
test_opt_in_required (test_astra_launch_born_formation_20260912.LauncherTests.test_opt_in_required) ... ok
test_preflight_window_rechecked (test_astra_launch_born_formation_20260912.LauncherTests.test_preflight_window_rechecked) ... ok
test_start_detaches_launcher_without_claiming_gpu (test_astra_launch_born_formation_20260912.LauncherTests.test_start_detaches_launcher_without_claiming_gpu) ... {"status": "LAUNCHER_STARTED_NOT_GPU_CONFIRMATION", "launcher_pid": 55001, "stdout": "/tmp/tmpy43by0__/stdout.log", "launcher_sha256": "b157ee029fcf2b7ea0c2e5444ec84439157d5a2d47900344e5c5a5209c43e06b"}
ok
test_vacancy_failure_prevents_spawn (test_astra_launch_born_formation_20260912.LauncherTests.test_vacancy_failure_prevents_spawn) ... ok
test_wrong_phase_rejected (test_astra_launch_born_formation_20260912.LauncherTests.test_wrong_phase_rejected) ... ok

----------------------------------------------------------------------
Ran 33 tests in 66.477s

OK
