test_bad_scores_native_forward_or_prefix_rejected (test_astra_rulegame_record_acquisition_20260912.AcquisitionTests.test_bad_scores_native_forward_or_prefix_rejected) ... ok
test_both_own_records_required_no_average_or_crossarm_filter (test_astra_rulegame_record_acquisition_20260912.AcquisitionTests.test_both_own_records_required_no_average_or_crossarm_filter) ... ok
test_changed_material_base_and_saved_adapter_fail_before_prepare (test_astra_rulegame_record_acquisition_20260912.AcquisitionTests.test_changed_material_base_and_saved_adapter_fail_before_prepare) ... ok
test_cleanup_failure_blocks_later_cells (test_astra_rulegame_record_acquisition_20260912.AcquisitionTests.test_cleanup_failure_blocks_later_cells) ... ok
test_conditional_assay_version_never_accepted (test_astra_rulegame_record_acquisition_20260912.AcquisitionTests.test_conditional_assay_version_never_accepted) ... ok
test_fourth_record_rejection_publishes_nothing (test_astra_rulegame_record_acquisition_20260912.AcquisitionTests.test_fourth_record_rejection_publishes_nothing) ... ok
test_full_and_removed_patterns_separate_not_scaffold_free (test_astra_rulegame_record_acquisition_20260912.AcquisitionTests.test_full_and_removed_patterns_separate_not_scaffold_free) ... ok
test_full_mock_three_processes_24_requests_48_forwards (test_astra_rulegame_record_acquisition_20260912.AcquisitionTests.test_full_mock_three_processes_24_requests_48_forwards) ... ok
test_gpu_opt_in_before_any_work (test_astra_rulegame_record_acquisition_20260912.AcquisitionTests.test_gpu_opt_in_before_any_work) ... ok
test_mapping_occurrence_must_be_exactly_one (test_astra_rulegame_record_acquisition_20260912.AcquisitionTests.test_mapping_occurrence_must_be_exactly_one) ... ok
test_mismatched_foil_flip_preserves_all_other_bytes (test_astra_rulegame_record_acquisition_20260912.AcquisitionTests.test_mismatched_foil_flip_preserves_all_other_bytes) ... ok
test_missing_inclusive_window_and_lease_are_not_relaxed (test_astra_rulegame_record_acquisition_20260912.AcquisitionTests.test_missing_inclusive_window_and_lease_are_not_relaxed) ... ok
test_null_wrong_duplicate_escaped_relation_rejected (test_astra_rulegame_record_acquisition_20260912.AcquisitionTests.test_null_wrong_duplicate_escaped_relation_rejected) ... ok
test_offset_gap_join_eos_and_truncation_fail (test_astra_rulegame_record_acquisition_20260912.AcquisitionTests.test_offset_gap_join_eos_and_truncation_fail) ... ok
test_prepare_exact_four_records_ablation_and_foil_bytes (test_astra_rulegame_record_acquisition_20260912.AcquisitionTests.test_prepare_exact_four_records_ablation_and_foil_bytes) ... ok
test_protocol_tamper_even_rehashed_fails (test_astra_rulegame_record_acquisition_20260912.AcquisitionTests.test_protocol_tamper_even_rehashed_fails) ... ok
test_raw_score_trace_tamper_rejected (test_astra_rulegame_record_acquisition_20260912.AcquisitionTests.test_raw_score_trace_tamper_rejected) ... ok
test_real_carrier_score_uses_cpu_mock_native_model_two_forwards (test_astra_rulegame_record_acquisition_20260912.AcquisitionTests.test_real_carrier_score_uses_cpu_mock_native_model_two_forwards) ... ok
test_scoring_failure_preserves_partial_no_retry (test_astra_rulegame_record_acquisition_20260912.AcquisitionTests.test_scoring_failure_preserves_partial_no_retry) ... ok
test_shared_equal_gain_not_called_no_acquisition (test_astra_rulegame_record_acquisition_20260912.AcquisitionTests.test_shared_equal_gain_not_called_no_acquisition) ... ok
test_worker_spec_hash_and_actual_native_offsets_fail_closed (test_astra_rulegame_record_acquisition_20260912.AcquisitionTests.test_worker_spec_hash_and_actual_native_offsets_fail_closed) ... ok
test_wrong_plan_pin_lease_and_freshness (test_astra_rulegame_record_acquisition_20260912.AcquisitionTests.test_wrong_plan_pin_lease_and_freshness) ... ok

----------------------------------------------------------------------
Ran 22 tests in 17.682s

OK
