test_generated_collection_command_real_parser_and_dispatch (__main__.CLITests.test_generated_collection_command_real_parser_and_dispatch) ... ok
test_generated_controller_command_real_parser_and_dispatch (__main__.CLITests.test_generated_controller_command_real_parser_and_dispatch) ... ok
test_generated_worker_command_real_parser_and_dispatch (__main__.CLITests.test_generated_worker_command_real_parser_and_dispatch) ... ok
test_prepare_fit_actual_parser_dispatch (__main__.CLITests.test_prepare_fit_actual_parser_dispatch) ... ok
test_prepare_readout_actual_parser_dispatch (__main__.CLITests.test_prepare_readout_actual_parser_dispatch) ... ok
test_real_subprocess_help_no_native_import (__main__.CLITests.test_real_subprocess_help_no_native_import) ... ok
test_status_stop_actual_parser_dispatch (__main__.CLITests.test_status_stop_actual_parser_dispatch) ... ok
test_wrong_phase_dispatch_fails_before_launch (__main__.CLITests.test_wrong_phase_dispatch_fails_before_launch) ... ok
/data/home/rohing/dream-state/organism_v6/nursery_dialogue.py:43: ResourceWarning: unclosed file <_io.TextIOWrapper name='/data/home/rohing/dream-state/organism_v6/parent_prompt.txt' mode='r' encoding='UTF-8'>
  PARENT_BOOT = open(os.path.join(HERE, "parent_prompt.txt")).read()
ResourceWarning: Enable tracemalloc to get the object allocation traceback
test_actual_worker_uses_original_trainer_fresh_init_and_exact_masks (__main__.PipelineTests.test_actual_worker_uses_original_trainer_fresh_init_and_exact_masks) ... ok
test_callback_cannot_claim_native_prepare (__main__.PipelineTests.test_callback_cannot_claim_native_prepare) ... ok
test_changed_actual_fit_mask_fails_before_training (__main__.PipelineTests.test_changed_actual_fit_mask_fails_before_training) ... ok
test_changed_material_and_wrong_plan_pin (__main__.PipelineTests.test_changed_material_and_wrong_plan_pin) ... ok
test_collection_timeout_preserves_attempt_without_validation (__main__.PipelineTests.test_collection_timeout_preserves_attempt_without_validation) ... ok
test_deadline_six_hour_margin (__main__.PipelineTests.test_deadline_six_hour_margin) ... ok
test_expired_work_window_restores_handlers (__main__.PipelineTests.test_expired_work_window_restores_handlers) ... ok
test_explicit_frozen_config_rejects_seed_lr_batch_and_dose (__main__.PipelineTests.test_explicit_frozen_config_rejects_seed_lr_batch_and_dose) ... ok
test_failed_phase_collects_without_reducers (__main__.PipelineTests.test_failed_phase_collects_without_reducers) ... ok
test_fit_saved_receipt_join_or_loss_mismatch (__main__.PipelineTests.test_fit_saved_receipt_join_or_loss_mismatch) ... ok
test_full_fit_collection_finite_metadata_archive (__main__.PipelineTests.test_full_fit_collection_finite_metadata_archive) ... ok
test_huggingface_tokenizer_asset_symlinks_pin_actual_bytes (__main__.PipelineTests.test_huggingface_tokenizer_asset_symlinks_pin_actual_bytes) ... ok
test_invalid_outputs_remain_in_denominators (__main__.PipelineTests.test_invalid_outputs_remain_in_denominators) ... ok
test_live_owned_session_blocks_before_results (__main__.PipelineTests.test_live_owned_session_blocks_before_results) ... ok
test_main_gpu_opt_in_required (__main__.PipelineTests.test_main_gpu_opt_in_required) ... ok
test_native_recipe_or_count_mismatch_rejected (__main__.PipelineTests.test_native_recipe_or_count_mismatch_rejected) ... ok
test_no_scorer_before_all_three_complete_captures (__main__.PipelineTests.test_no_scorer_before_all_three_complete_captures) ... ok
test_nonfinite_adapter_rejected_without_torch (__main__.PipelineTests.test_nonfinite_adapter_rejected_without_torch) ... ok
test_parent_death_watch_signals_only_owned_worker_group (__main__.PipelineTests.test_parent_death_watch_signals_only_owned_worker_group) ... ok
test_partial_pair_never_aggregates (__main__.PipelineTests.test_partial_pair_never_aggregates) ... ok
test_plan_primary_and_interpreter_guard (__main__.PipelineTests.test_plan_primary_and_interpreter_guard) ... ok
test_prepare_real_owner_audit_counts_masks_batches (__main__.PipelineTests.test_prepare_real_owner_audit_counts_masks_batches) ... ok
test_readout_complete_capture_then_component_counts (__main__.PipelineTests.test_readout_complete_capture_then_component_counts) ... ok
test_readout_incomplete_usage_is_not_scorable (__main__.PipelineTests.test_readout_incomplete_usage_is_not_scorable) ... ok
test_real_fit_controller_dispatch_with_mock_supervision (__main__.PipelineTests.test_real_fit_controller_dispatch_with_mock_supervision) ... ok
test_second_vacancy_failure_preserves_partial_capsule (__main__.PipelineTests.test_second_vacancy_failure_preserves_partial_capsule) ... ok
test_shared_supervisor_parameters_are_unchanged (__main__.PipelineTests.test_shared_supervisor_parameters_are_unchanged) ... ok
test_stop_only_verified_controller_and_preserves_request (__main__.PipelineTests.test_stop_only_verified_controller_and_preserves_request) ... ok
test_stop_refuses_pid_reuse_without_signal (__main__.PipelineTests.test_stop_refuses_pid_reuse_without_signal) ... ok
test_successful_phase_cannot_be_restart_source (__main__.PipelineTests.test_successful_phase_cannot_be_restart_source) ... ok
test_symlink_metadata_is_rejected (__main__.PipelineTests.test_symlink_metadata_is_rejected) ... ok
test_unknown_file_and_credentials_fail_exclusively (__main__.PipelineTests.test_unknown_file_and_credentials_fail_exclusively) ... ok
test_worker_spec_no_parent_answers_or_candidate (__main__.PipelineTests.test_worker_spec_no_parent_answers_or_candidate) ... ok
test_wrong_launcher_hash_and_exit_returncode (__main__.PipelineTests.test_wrong_launcher_hash_and_exit_returncode) ... ok
test_wrong_source_fails_and_preserves_exclusive_prepare (__main__.PipelineTests.test_wrong_source_fails_and_preserves_exclusive_prepare) ... ok

----------------------------------------------------------------------
Ran 43 tests in 42.890s

OK
