test_explicit_final_pins_required_no_defaults (test_astra_l2_public_record_dev.BindingTests.test_explicit_final_pins_required_no_defaults) ... ok
test_fake_prepare_and_verify_pin_roundtrip (test_astra_l2_public_record_dev.BindingTests.test_fake_prepare_and_verify_pin_roundtrip) ... ok
test_final_spec_validation_does_not_import_core_or_helpers (test_astra_l2_public_record_dev.BindingTests.test_final_spec_validation_does_not_import_core_or_helpers) ... ok
test_helper_pin_mismatch_fails_before_import (test_astra_l2_public_record_dev.BindingTests.test_helper_pin_mismatch_fails_before_import) ... ok
test_invalid_learning_rate_rejected_before_prepare_root (test_astra_l2_public_record_dev.BindingTests.test_invalid_learning_rate_rejected_before_prepare_root) ... ok
test_invalid_spec_seed_rejected_before_prepare_root_or_import (test_astra_l2_public_record_dev.BindingTests.test_invalid_spec_seed_rejected_before_prepare_root_or_import) ... ok
test_learning_rate_prepare_verify_matrix_preserves_seed_and_data (test_astra_l2_public_record_dev.BindingTests.test_learning_rate_prepare_verify_matrix_preserves_seed_and_data) ... ok
test_optional_learning_rate_spec_decoder_is_strict (test_astra_l2_public_record_dev.BindingTests.test_optional_learning_rate_spec_decoder_is_strict) ... ok
test_optional_seed_spec_decoder_rejects_malformed_bool_and_out_of_range (test_astra_l2_public_record_dev.BindingTests.test_optional_seed_spec_decoder_rejects_malformed_bool_and_out_of_range) ... ok
test_prepare_lease_margin_fails_before_import_or_root_creation (test_astra_l2_public_record_dev.BindingTests.test_prepare_lease_margin_fails_before_import_or_root_creation) ... ok
test_seeded_prepare_verify_receipts_and_hardware_independent_fields (test_astra_l2_public_record_dev.BindingTests.test_seeded_prepare_verify_receipts_and_hardware_independent_fields) ... ok
test_source_content_drift_before_import (test_astra_l2_public_record_dev.BindingTests.test_source_content_drift_before_import) ... ok
test_source_extra_and_hash_drift_fail_before_import (test_astra_l2_public_record_dev.BindingTests.test_source_extra_and_hash_drift_fail_before_import) ... ok
test_verify_rejects_cross_learning_rate_and_missing_receipt (test_astra_l2_public_record_dev.BindingTests.test_verify_rejects_cross_learning_rate_and_missing_receipt) ... ok
test_verify_rejects_rehashed_cross_seed_plan_config_and_inference_drift (test_astra_l2_public_record_dev.BindingTests.test_verify_rejects_rehashed_cross_seed_plan_config_and_inference_drift) ... ok
test_work_counters_do_not_accept_bool_or_extra_fit (test_astra_l2_public_record_dev.BindingTests.test_work_counters_do_not_accept_bool_or_extra_fit) ... ok
test_33_output_tokens_rejected (test_astra_l2_public_record_dev.CaptureTests.test_33_output_tokens_rejected) ... ok
test_double_newline_is_invalid_not_trimmed (test_astra_l2_public_record_dev.CaptureTests.test_double_newline_is_invalid_not_trimmed) ... ok
test_invalid_actions_skip_feedback_and_records (test_astra_l2_public_record_dev.CaptureTests.test_invalid_actions_skip_feedback_and_records) ... ok
test_invalid_records_are_retained_not_repaired (test_astra_l2_public_record_dev.CaptureTests.test_invalid_records_are_retained_not_repaired) ... ok
test_length_finish_is_not_an_integrity_abort (test_astra_l2_public_record_dev.CaptureTests.test_length_finish_is_not_an_integrity_abort) ... ok
test_optional_newline_survives_wire_and_target (test_astra_l2_public_record_dev.CaptureTests.test_optional_newline_survives_wire_and_target) ... ok
test_process_tape_only_on_record_calls (test_astra_l2_public_record_dev.CaptureTests.test_process_tape_only_on_record_calls) ... ok
test_raw_action_is_durable_before_feedback (test_astra_l2_public_record_dev.CaptureTests.test_raw_action_is_durable_before_feedback) ... ok
test_route_spoof_preserves_raw_and_closes_backend (test_astra_l2_public_record_dev.CaptureTests.test_route_spoof_preserves_raw_and_closes_backend) ... ok
test_abort_collects_custody_without_invalid_stage_decode (test_astra_l2_public_record_dev.CollectionTests.test_abort_collects_custody_without_invalid_stage_decode) ... ok
test_complete_replay_uses_actual_captures_and_masks (test_astra_l2_public_record_dev.CollectionTests.test_complete_replay_uses_actual_captures_and_masks) ... ok
test_drifted_sealed_file_rejected (test_astra_l2_public_record_dev.CollectionTests.test_drifted_sealed_file_rejected) ... ok
test_duplicate_json_and_nonfinite_rejected (test_astra_l2_public_record_dev.CollectionTests.test_duplicate_json_and_nonfinite_rejected) ... ok
test_forged_final_witness_rejected (test_astra_l2_public_record_dev.CollectionTests.test_forged_final_witness_rejected) ... ok
test_hardlinks_rejected (test_astra_l2_public_record_dev.CollectionTests.test_hardlinks_rejected) ... ok
test_late_final_write_keeps_evidence_aborts (test_astra_l2_public_record_dev.CollectionTests.test_late_final_write_keeps_evidence_aborts) ... ok
test_links_rejected (test_astra_l2_public_record_dev.CollectionTests.test_links_rejected) ... ok
test_mismatched_native_request_is_rejected (test_astra_l2_public_record_dev.CollectionTests.test_mismatched_native_request_is_rejected) ... ok
test_missing_final_witness_explicit_nonreportable (test_astra_l2_public_record_dev.CollectionTests.test_missing_final_witness_explicit_nonreportable) ... ok
test_missing_sealed_file_rejected (test_astra_l2_public_record_dev.CollectionTests.test_missing_sealed_file_rejected) ... ok
test_raw_response_tamper_rejected_by_replay (test_astra_l2_public_record_dev.CollectionTests.test_raw_response_tamper_rejected_by_replay) ... ok
test_seal_extra_missing_and_hash_drift (test_astra_l2_public_record_dev.CollectionTests.test_seal_extra_missing_and_hash_drift) ... ok
test_shortage_reports_missing_not_zero_accuracy (test_astra_l2_public_record_dev.CollectionTests.test_shortage_reports_missing_not_zero_accuracy) ... ok
test_stage_seal_detects_extra_call (test_astra_l2_public_record_dev.CollectionTests.test_stage_seal_detects_extra_call) ... ok
test_write_once (test_astra_l2_public_record_dev.CollectionTests.test_write_once) ... ok
test_cross_seed_plan_and_config_reject_before_fit_artifacts (test_astra_l2_public_record_dev.LearnerSeedTests.test_cross_seed_plan_and_config_reject_before_fit_artifacts) ... ok
test_default_seed0_preserves_newline_encoding_bytes (test_astra_l2_public_record_dev.LearnerSeedTests.test_default_seed0_preserves_newline_encoding_bytes) ... ok
test_default_seed0_preserves_prechange_encoding_and_config_bytes (test_astra_l2_public_record_dev.LearnerSeedTests.test_default_seed0_preserves_prechange_encoding_and_config_bytes) ... ok
test_invalid_seed_rejected_by_config_and_encoding_before_work (test_astra_l2_public_record_dev.LearnerSeedTests.test_invalid_seed_rejected_by_config_and_encoding_before_work) ... ok
test_manifest_rejects_cross_seed_and_bool_receipts (test_astra_l2_public_record_dev.LearnerSeedTests.test_manifest_rejects_cross_seed_and_bool_receipts) ... ok
test_replay_rejects_cross_seed_or_malformed_training_and_epoch_orders (test_astra_l2_public_record_dev.LearnerSeedTests.test_replay_rejects_cross_seed_or_malformed_training_and_epoch_orders) ... ok
test_seed1_full_mocked_pair_and_replay (test_astra_l2_public_record_dev.LearnerSeedTests.test_seed1_full_mocked_pair_and_replay) ... ok
test_seed2_full_mocked_pair_and_replay (test_astra_l2_public_record_dev.LearnerSeedTests.test_seed2_full_mocked_pair_and_replay) ... ok
test_seeds_only_change_config_seed_and_epoch_order (test_astra_l2_public_record_dev.LearnerSeedTests.test_seeds_only_change_config_seed_and_epoch_order) ... ok
test_cross_learning_rate_rejected_before_fit_artifacts (test_astra_l2_public_record_dev.LearningRateTests.test_cross_learning_rate_rejected_before_fit_artifacts) ... ok
test_invalid_learning_rate_rejected_without_coercion_or_tolerance (test_astra_l2_public_record_dev.LearningRateTests.test_invalid_learning_rate_rejected_without_coercion_or_tolerance) ... ok
test_learning_rate_config_only_changes_lr_with_seeds_preserved (test_astra_l2_public_record_dev.LearningRateTests.test_learning_rate_config_only_changes_lr_with_seeds_preserved) ... ok
test_learning_rate_only_full_mocked_pair_and_replay (test_astra_l2_public_record_dev.LearningRateTests.test_learning_rate_only_full_mocked_pair_and_replay) ... ok
test_manifest_learning_rate_must_match_validated_config (test_astra_l2_public_record_dev.LearningRateTests.test_manifest_learning_rate_must_match_validated_config) ... ok
test_all_native_entries_require_explicit_flags (test_astra_l2_public_record_dev.LifecycleTests.test_all_native_entries_require_explicit_flags) ... ok
test_cleanup_failure_retains_release_receipt (test_astra_l2_public_record_dev.LifecycleTests.test_cleanup_failure_retains_release_receipt) ... ok
test_controller_clock_starts_before_verification (test_astra_l2_public_record_dev.LifecycleTests.test_controller_clock_starts_before_verification) ... ok
test_controller_verification_failure_seals_abort (test_astra_l2_public_record_dev.LifecycleTests.test_controller_verification_failure_seals_abort) ... ok
test_fake_owned_process_timeout_cleans_only_its_group (test_astra_l2_public_record_dev.LifecycleTests.test_fake_owned_process_timeout_cleans_only_its_group) ... ok
test_forged_worker_identity_rejected_after_cleanup (test_astra_l2_public_record_dev.LifecycleTests.test_forged_worker_identity_rejected_after_cleanup) ... ok
test_gpu_busy_never_launches_or_kills (test_astra_l2_public_record_dev.LifecycleTests.test_gpu_busy_never_launches_or_kills) ... ok
test_launch_failure_no_foreign_cleanup (test_astra_l2_public_record_dev.LifecycleTests.test_launch_failure_no_foreign_cleanup) ... ok
test_launcher_logs_cannot_mutate_sealed_root (test_astra_l2_public_record_dev.LifecycleTests.test_launcher_logs_cannot_mutate_sealed_root) ... ok
test_no_resume (test_astra_l2_public_record_dev.LifecycleTests.test_no_resume) ... ok
test_release_budget_suspends_compute_timer (test_astra_l2_public_record_dev.LifecycleTests.test_release_budget_suspends_compute_timer) ... ok
test_stage_timeout_and_cleanup_reserve (test_astra_l2_public_record_dev.LifecycleTests.test_stage_timeout_and_cleanup_reserve) ... ok
test_successful_fake_process_checks_worker_identity (test_astra_l2_public_record_dev.LifecycleTests.test_successful_fake_process_checks_worker_identity) ... ok
test_branch_cumulative_material_stays_local (test_astra_l2_public_record_dev.LoopTests.test_branch_cumulative_material_stays_local) ... ok
test_candidate_drift_blocks_mount (test_astra_l2_public_record_dev.LoopTests.test_candidate_drift_blocks_mount) ... ok
test_full_pair_128_calls_3fits_100updates (test_astra_l2_public_record_dev.LoopTests.test_full_pair_128_calls_3fits_100updates) ... ok
test_misbound_not_a_stage_or_training_corpus (test_astra_l2_public_record_dev.LoopTests.test_misbound_not_a_stage_or_training_corpus) ... ok
test_reports_never_read_by_state_dependencies (test_astra_l2_public_record_dev.LoopTests.test_reports_never_read_by_state_dependencies) ... ok
test_shared_baseline_fixed16_old8_new8 (test_astra_l2_public_record_dev.LoopTests.test_shared_baseline_fixed16_old8_new8) ... ok
test_shortage_stops_exact_prefix_no_two_cycle_claim (test_astra_l2_public_record_dev.LoopTests.test_shortage_stops_exact_prefix_no_two_cycle_claim) ... ok
test_batch_tail_masks_and_cumulative_40steps (test_astra_l2_public_record_dev.TrainingTests.test_batch_tail_masks_and_cumulative_40steps) ... ok
test_empty_corpus_shortage_does_not_load_model (test_astra_l2_public_record_dev.TrainingTests.test_empty_corpus_shortage_does_not_load_model) ... ok
test_full_child_target_plus_one_eos_no_metadata_loss (test_astra_l2_public_record_dev.TrainingTests.test_full_child_target_plus_one_eos_no_metadata_loss) ... ok
test_manifest_recipe_exposure_nonfinite_and_step_drift (test_astra_l2_public_record_dev.TrainingTests.test_manifest_recipe_exposure_nonfinite_and_step_drift) ... ok
test_non_lora_trainability_aborts (test_astra_l2_public_record_dev.TrainingTests.test_non_lora_trainability_aborts) ... ok
test_nonfinite_final_trainable_state_preserves_candidate (test_astra_l2_public_record_dev.TrainingTests.test_nonfinite_final_trainable_state_preserves_candidate) ... ok
test_partial_nonempty_corpus_fits_once_without_filler (test_astra_l2_public_record_dev.TrainingTests.test_partial_nonempty_corpus_fits_once_without_filler) ... ok
test_truncation_rejected_before_model (test_astra_l2_public_record_dev.TrainingTests.test_truncation_rejected_before_model) ... ok
test_chronology_phase_and_missing_or_extra_slot_rejected (test_l2_public_record_dev.PublicRecordTests.test_chronology_phase_and_missing_or_extra_slot_rejected) ... ok
test_corpus_rows_cannot_be_fabricated_even_with_new_object_hash (test_l2_public_record_dev.PublicRecordTests.test_corpus_rows_cannot_be_fabricated_even_with_new_object_hash) ... ok
test_cross_root_cross_slot_and_branch_links_rejected (test_l2_public_record_dev.PublicRecordTests.test_cross_root_cross_slot_and_branch_links_rejected) ... ok
test_cumulative_second_corpus_own_branch_not_other_branch (test_l2_public_record_dev.PublicRecordTests.test_cumulative_second_corpus_own_branch_not_other_branch) ... ok
test_descriptive_reducer_counts_fixed_denominators_without_science_pass (test_l2_public_record_dev.PublicRecordTests.test_descriptive_reducer_counts_fixed_denominators_without_science_pass) ... ok
test_deterministic_fresh_vocabulary_fixed16_balanced8plus8 (test_l2_public_record_dev.PublicRecordTests.test_deterministic_fresh_vocabulary_fixed16_balanced8plus8) ... ok
test_empty_corpus_no_fabricated_fit_and_shortage_not_endpoint (test_l2_public_record_dev.PublicRecordTests.test_empty_corpus_no_fabricated_fit_and_shortage_not_endpoint) ... ok
test_exact_bytes_preserved_optional_newline_not_canonicalized (test_l2_public_record_dev.PublicRecordTests.test_exact_bytes_preserved_optional_newline_not_canonicalized) ... ok
test_failure_other_action_is_child_authored_not_compiler_synthesized (test_l2_public_record_dev.PublicRecordTests.test_failure_other_action_is_child_authored_not_compiler_synthesized) ... ok
test_feedback_matches_private_world_and_links_raw_action (test_l2_public_record_dev.PublicRecordTests.test_feedback_matches_private_world_and_links_raw_action) ... ok
test_invalid_action_and_missing_record_preserve_rejection_slots (test_l2_public_record_dev.PublicRecordTests.test_invalid_action_and_missing_record_preserve_rejection_slots) ... ok
test_json_wire_roundtrip_world_capture_corpus_pair_and_export (test_l2_public_record_dev.PublicRecordTests.test_json_wire_roundtrip_world_capture_corpus_pair_and_export) ... ok
test_misbound_has_no_live_state_policy (test_l2_public_record_dev.PublicRecordTests.test_misbound_has_no_live_state_policy) ... ok
test_misbound_noop_when_all_admitted_actions_same_even_if_bytes_differ (test_l2_public_record_dev.PublicRecordTests.test_misbound_noop_when_all_admitted_actions_same_even_if_bytes_differ) ... ok
test_misbound_preserves_target_multiset_and_marks_effectiveness (test_l2_public_record_dev.PublicRecordTests.test_misbound_preserves_target_multiset_and_marks_effectiveness) ... ok
test_no_parent_or_outcome_bytes_in_training_items (test_l2_public_record_dev.PublicRecordTests.test_no_parent_or_outcome_bytes_in_training_items) ... ok
test_process_tape_sees_only_public_current_event (test_l2_public_record_dev.PublicRecordTests.test_process_tape_sees_only_public_current_event) ... ok
test_public_two_action_law_cannot_be_removed (test_l2_public_record_dev.PublicRecordTests.test_public_two_action_law_cannot_be_removed) ... ok
test_public_views_and_prompts_are_truth_seed_independent (test_l2_public_record_dev.PublicRecordTests.test_public_views_and_prompts_are_truth_seed_independent) ... ok
test_raw_tampering_and_external_reseal_mismatch_rejected (test_l2_public_record_dev.PublicRecordTests.test_raw_tampering_and_external_reseal_mismatch_rejected) ... ok
test_reducer_missing_invalid_and_wrong_root_outputs (test_l2_public_record_dev.PublicRecordTests.test_reducer_missing_invalid_and_wrong_root_outputs) ... ok
test_reducer_rejects_stale_and_out_of_order_readouts (test_l2_public_record_dev.PublicRecordTests.test_reducer_rejects_stale_and_out_of_order_readouts) ... ok
test_scripted_mount_changes_second_wake_source_material (test_l2_public_record_dev.PublicRecordTests.test_scripted_mount_changes_second_wake_source_material) ... ok
test_shared_first_candidate_shadow_routing_and_immutable_input_state (test_l2_public_record_dev.PublicRecordTests.test_shared_first_candidate_shadow_routing_and_immutable_input_state) ... ok
test_two_sleep_cap_no_skipped_phase_no_misbound_ancestry (test_l2_public_record_dev.PublicRecordTests.test_two_sleep_cap_no_skipped_phase_no_misbound_ancestry) ... ok
test_unsupported_child_target_rejected_without_repair (test_l2_public_record_dev.PublicRecordTests.test_unsupported_child_target_rejected_without_repair) ... ok
test_wire_rejects_unknown_class_extra_fields_bad_bytes_and_duplicate_keys (test_l2_public_record_dev.PublicRecordTests.test_wire_rejects_unknown_class_extra_fields_bad_bytes_and_duplicate_keys) ... ok
test_world_truth_is_not_an_input_to_compiler (test_l2_public_record_dev.PublicRecordTests.test_world_truth_is_not_an_input_to_compiler) ... ok

----------------------------------------------------------------------
Ran 111 tests in 21.544s

OK
