test_all_authored_targets_strict_pass (__main__.MaterialTests.test_all_authored_targets_strict_pass) ... ok
test_all_source_errors_reported (__main__.MaterialTests.test_all_source_errors_reported) ... ok
test_canaries_exact_exposed_and_fresh (__main__.MaterialTests.test_canaries_exact_exposed_and_fresh) ... ok
test_ceiling_and_missing_fail_closed (__main__.MaterialTests.test_ceiling_and_missing_fail_closed) ... ok
test_cli_build_and_score_mock_responses (__main__.MaterialTests.test_cli_build_and_score_mock_responses) ... ok
test_companion_factorial (__main__.MaterialTests.test_companion_factorial) ... ok
test_counts (__main__.MaterialTests.test_counts) ... ok
test_deterministic (__main__.MaterialTests.test_deterministic) ... ok
test_envelope_and_json_roundtrip (__main__.MaterialTests.test_envelope_and_json_roundtrip) ... ok
test_equal_note_facts_and_repetitions (__main__.MaterialTests.test_equal_note_facts_and_repetitions) ... ok
test_fresh_held_and_shared_situations (__main__.MaterialTests.test_fresh_held_and_shared_situations) ... ok
test_general_exact_not_normalized (__main__.MaterialTests.test_general_exact_not_normalized) ... ok
test_no_mutable_manifest_alias (__main__.MaterialTests.test_no_mutable_manifest_alias) ... ok
test_screen_and_canary_regression (__main__.MaterialTests.test_screen_and_canary_regression) ... ok
test_skins_and_cost_contract (__main__.MaterialTests.test_skins_and_cost_contract) ... ok
test_source_pins_and_output_custody (__main__.MaterialTests.test_source_pins_and_output_custody) ... ok
test_syntax_and_schema_separate (__main__.MaterialTests.test_syntax_and_schema_separate) ... ok
test_tamper_and_unknown_rejected (__main__.MaterialTests.test_tamper_and_unknown_rejected) ... ok
test_truncation_never_gets_credit (__main__.MaterialTests.test_truncation_never_gets_credit) ... ok
test_unchanged_supervision_source_group_order (__main__.MaterialTests.test_unchanged_supervision_source_group_order) ... ok

----------------------------------------------------------------------
Ran 20 tests in 0.458s

OK
