test_bad_raw_readout_response_fails_without_tokenizer (test_astra_process_replication_collectors_20260912.CollectorTests.test_bad_raw_readout_response_fails_without_tokenizer) ... ok
test_bad_saved_fit_and_forward_counts_fail_complete_collection (test_astra_process_replication_collectors_20260912.CollectorTests.test_bad_saved_fit_and_forward_counts_fail_complete_collection) ... ok
test_failed_middle_readout_preserves_no_aggregate (test_astra_process_replication_collectors_20260912.CollectorTests.test_failed_middle_readout_preserves_no_aggregate) ... ok
test_final_release_failure_keeps_partial_archive (test_astra_process_replication_collectors_20260912.CollectorTests.test_final_release_failure_keeps_partial_archive) ... ok
test_launch_to_release_budget_overrun_is_preserved_failure (test_astra_process_replication_collectors_20260912.CollectorTests.test_launch_to_release_budget_overrun_is_preserved_failure) ... ok
test_live_reparented_group_or_session_blocks (test_astra_process_replication_collectors_20260912.CollectorTests.test_live_reparented_group_or_session_blocks) ... ok
test_metadata_change_after_archive_fails_publication (test_astra_process_replication_collectors_20260912.CollectorTests.test_metadata_change_after_archive_fails_publication) ... ok
test_nonfinite_weight_payload_direct_scanner (test_astra_process_replication_collectors_20260912.CollectorTests.test_nonfinite_weight_payload_direct_scanner) ... ok
test_partial_write_no_aggregate_even_if_surviving_fit_valid (test_astra_process_replication_collectors_20260912.CollectorTests.test_partial_write_no_aggregate_even_if_surviving_fit_valid) ... ok
test_phase_seed_plan_and_launcher_mismatches (test_astra_process_replication_collectors_20260912.CollectorTests.test_phase_seed_plan_and_launcher_mismatches) ... ok
test_readout_seed1_generated_cli_complete_three_cells_and_prior_release (test_astra_process_replication_collectors_20260912.CollectorTests.test_readout_seed1_generated_cli_complete_three_cells_and_prior_release) ... ok
test_real_cli_missing_out_seed_and_phase_rejected (test_astra_process_replication_collectors_20260912.CollectorTests.test_real_cli_missing_out_seed_and_phase_rejected) ... ok
test_release_failure_preserves_exclusive_attempt (test_astra_process_replication_collectors_20260912.CollectorTests.test_release_failure_preserves_exclusive_attempt) ... ok
test_status_cli_blind_to_scores_and_transitive_session_barrier (test_astra_process_replication_collectors_20260912.CollectorTests.test_status_cli_blind_to_scores_and_transitive_session_barrier) ... ok
test_timer_300s_and_restoration (test_astra_process_replication_collectors_20260912.CollectorTests.test_timer_300s_and_restoration) ... ok
test_unknown_file_credentials_and_symlinks_rejected (test_astra_process_replication_collectors_20260912.CollectorTests.test_unknown_file_credentials_and_symlinks_rejected) ... ok
test_write_generated_cli_complete_finite_no_weights_or_retry (test_astra_process_replication_collectors_20260912.CollectorTests.test_write_generated_cli_complete_finite_no_weights_or_retry) ... ok
test_wrong_prior_release_seed_rejected (test_astra_process_replication_collectors_20260912.CollectorTests.test_wrong_prior_release_seed_rejected) ... ok
test_wrong_prior_release_xml_rejected (test_astra_process_replication_collectors_20260912.CollectorTests.test_wrong_prior_release_xml_rejected) ... ok

----------------------------------------------------------------------
Ran 19 tests in 68.565s

OK
