PASS test_allow_list_guard_life_log_symlinks_and_listing
PASS test_brief_line_limit_and_lenient_fields
PASS test_configs_from_env_and_room_from_env
PASS test_critique_and_merge_argue_from_the_evidence
PASS test_empty_reply_never_becomes_an_empty_turn
PASS test_extract_json
PASS test_forbidden_files_enforced
PASS test_gate_aliases_cannot_launder_scores_through_other_file_types
PASS test_gate_reason_codes_never_copy_sealed_values
PASS test_http_request_shapes_without_network
PASS test_identifier_scan_fallback_and_redaction
PASS test_key_goes_only_to_the_configured_host
PASS test_key_masking_everywhere
PASS test_leak_scan_fallback_and_quote_back_exemption
PASS test_ledger_tail_attribution_in_both_writer_orders
PASS test_only_ritual_env_skips_the_room
PASS test_probe_aliases_cannot_bypass_sealed_guard
PASS test_room_deadline_bounds_the_wall_clock
PASS test_room_never_raises_into_the_life
PASS test_run_life_v2_return_shape_and_idempotency
PASS test_sealed_gate_markers_and_room_evidence
PASS test_sealed_gate_projection_all_parent_visible_routes
PASS test_sealed_gate_unexpected_shapes_fail_closed
PASS test_sentinel_score_never_reaches_parents_or_ledgers
PASS test_tool_budget_is_enforced
PASS test_truncation_retry_and_max_tokens_field_swap
PASS test_two_parent_merge_and_ledger_writes
27/27 passed
