test_actual_output_token_cap_and_backend_identity_are_enforced (test_rulegame_parenting_diagnostic.RuleGameDiagnosticTests.test_actual_output_token_cap_and_backend_identity_are_enforced) ... ok
test_atomic_json_refuses_overwrite_and_artifact_symlink (test_rulegame_parenting_diagnostic.RuleGameDiagnosticTests.test_atomic_json_refuses_overwrite_and_artifact_symlink) ... ok
test_child_only_mask_targets_and_teacher_exclusion (test_rulegame_parenting_diagnostic.RuleGameDiagnosticTests.test_child_only_mask_targets_and_teacher_exclusion) ... ok
test_cleanup_tail_is_reserved_before_launch (test_rulegame_parenting_diagnostic.RuleGameDiagnosticTests.test_cleanup_tail_is_reserved_before_launch) ... ok
test_complete_mocked_pipeline_shared_off_and_156_ceiling (test_rulegame_parenting_diagnostic.RuleGameDiagnosticTests.test_complete_mocked_pipeline_shared_off_and_156_ceiling) ... ok
test_eval_acceptance_rejects_resealed_mismatched_actual_output_ids (test_rulegame_parenting_diagnostic.RuleGameDiagnosticTests.test_eval_acceptance_rejects_resealed_mismatched_actual_output_ids) ... ok
test_expired_or_exhausted_lease_never_spawns (test_rulegame_parenting_diagnostic.RuleGameDiagnosticTests.test_expired_or_exhausted_lease_never_spawns) ... ok
test_export_preserves_exact_raw_target_suffix_bytes_including_whitespace (test_rulegame_parenting_diagnostic.RuleGameDiagnosticTests.test_export_preserves_exact_raw_target_suffix_bytes_including_whitespace) ... ok
test_first_fit_failure_never_launches_second_or_evaluation (test_rulegame_parenting_diagnostic.RuleGameDiagnosticTests.test_first_fit_failure_never_launches_second_or_evaluation) ... ok
test_formation_command_stops_for_main_not_lexical_semantics (test_rulegame_parenting_diagnostic.RuleGameDiagnosticTests.test_formation_command_stops_for_main_not_lexical_semantics) ... ok
test_formation_exact_caps_raw_parent_outputs_and_world_replay (test_rulegame_parenting_diagnostic.RuleGameDiagnosticTests.test_formation_exact_caps_raw_parent_outputs_and_world_replay) ... ok
test_gpu_commands_fail_before_model_or_process_work_without_opt_in (test_rulegame_parenting_diagnostic.RuleGameDiagnosticTests.test_gpu_commands_fail_before_model_or_process_work_without_opt_in) ... ok
test_legacy_requests_events_results_selection_match_pre_v3_hashes (test_rulegame_parenting_diagnostic.RuleGameDiagnosticTests.test_legacy_requests_events_results_selection_match_pre_v3_hashes) ... ok
test_main_rejection_means_no_corpora_or_fit (test_rulegame_parenting_diagnostic.RuleGameDiagnosticTests.test_main_rejection_means_no_corpora_or_fit) ... ok
test_native_source_token_mismatch_fails_cpu_material_check (test_rulegame_parenting_diagnostic.RuleGameDiagnosticTests.test_native_source_token_mismatch_fails_cpu_material_check) ... ok
test_native_truncation_fails_not_silently_masks (test_rulegame_parenting_diagnostic.RuleGameDiagnosticTests.test_native_truncation_fails_not_silently_masks) ... ok
test_native_v2_stop_settings_reach_vllm_and_audit_raw_ids (test_rulegame_parenting_diagnostic.RuleGameDiagnosticTests.test_native_v2_stop_settings_reach_vllm_and_audit_raw_ids) ... ok
test_pending_or_wrong_audit_cannot_select (test_rulegame_parenting_diagnostic.RuleGameDiagnosticTests.test_pending_or_wrong_audit_cannot_select) ... ok
test_prepare_no_gpu_and_immutable_local_pins (test_rulegame_parenting_diagnostic.RuleGameDiagnosticTests.test_prepare_no_gpu_and_immutable_local_pins) ... ok
test_protocol_option_is_prepare_only (test_rulegame_parenting_diagnostic.RuleGameDiagnosticTests.test_protocol_option_is_prepare_only) ... ok
test_provenance_failure_list_rejects_forged_orphan_even_when_resealed (test_rulegame_parenting_diagnostic.RuleGameDiagnosticTests.test_provenance_failure_list_rejects_forged_orphan_even_when_resealed) ... ok
test_record_prompt_exact_versioned_definition_and_no_unknown_fallback (test_rulegame_parenting_diagnostic.RuleGameDiagnosticTests.test_record_prompt_exact_versioned_definition_and_no_unknown_fallback) ... ok
test_record_strict_schema_missing_prediction_and_false_are_valid (test_rulegame_parenting_diagnostic.RuleGameDiagnosticTests.test_record_strict_schema_missing_prediction_and_false_are_valid) ... ok
test_repeated_reveal_or_fourth_try_has_no_extra_world_execution (test_rulegame_parenting_diagnostic.RuleGameDiagnosticTests.test_repeated_reveal_or_fourth_try_has_no_extra_world_execution) ... ok
test_resealed_corpus_cannot_replace_child_output (test_rulegame_parenting_diagnostic.RuleGameDiagnosticTests.test_resealed_corpus_cannot_replace_child_output) ... ok
test_second_fit_failure_preserves_first_and_blocks_readout (test_rulegame_parenting_diagnostic.RuleGameDiagnosticTests.test_second_fit_failure_preserves_first_and_blocks_readout) ... ok
test_shortage_is_paired_and_stops_before_native_tokenizer_or_new_tasks (test_rulegame_parenting_diagnostic.RuleGameDiagnosticTests.test_shortage_is_paired_and_stops_before_native_tokenizer_or_new_tasks) ... ok
test_strict_parser_no_salvage (test_rulegame_parenting_diagnostic.RuleGameDiagnosticTests.test_strict_parser_no_salvage) ... ok
test_supervisor_actual_pending_call_timeout_not_only_budget_arithmetic (test_rulegame_parenting_diagnostic.RuleGameDiagnosticTests.test_supervisor_actual_pending_call_timeout_not_only_budget_arithmetic) ... ok
test_supervisor_real_cpu_process_timeout_and_owned_cleanup (test_rulegame_parenting_diagnostic.RuleGameDiagnosticTests.test_supervisor_real_cpu_process_timeout_and_owned_cleanup) ... ok
test_two_execution_records_no_quiz_or_unique_text_gate (test_rulegame_parenting_diagnostic.RuleGameDiagnosticTests.test_two_execution_records_no_quiz_or_unique_text_gate) ... ok
test_v1_requests_and_legacy_plan_keep_strict_defaults (test_rulegame_parenting_diagnostic.RuleGameDiagnosticTests.test_v1_requests_and_legacy_plan_keep_strict_defaults) ... ok
test_v2_aliases_are_single_anchored_intents_only (test_rulegame_parenting_diagnostic.RuleGameDiagnosticTests.test_v2_aliases_are_single_anchored_intents_only) ... ok
test_v2_budgets_and_imagined_outcomes_never_execute (test_rulegame_parenting_diagnostic.RuleGameDiagnosticTests.test_v2_budgets_and_imagined_outcomes_never_execute) ... ok
test_v2_capture_preserves_raw_and_pins_stops_and_state (test_rulegame_parenting_diagnostic.RuleGameDiagnosticTests.test_v2_capture_preserves_raw_and_pins_stops_and_state) ... ok
test_v3_cannot_fall_back_to_legacy_synthetic_material_or_writer (test_rulegame_parenting_diagnostic.RuleGameDiagnosticTests.test_v3_cannot_fall_back_to_legacy_synthetic_material_or_writer) ... ok
test_v3_generation_replay_shared_helper_and_unchanged_limits (test_rulegame_parenting_diagnostic.RuleGameDiagnosticTests.test_v3_generation_replay_shared_helper_and_unchanged_limits) ... ok
test_v3_main_parent_decision_is_separate_from_child_reflection (test_rulegame_parenting_diagnostic.RuleGameDiagnosticTests.test_v3_main_parent_decision_is_separate_from_child_reflection) ... ok
test_v3_mock_stop_token_audit_preserves_v2_boundary (test_rulegame_parenting_diagnostic.RuleGameDiagnosticTests.test_v3_mock_stop_token_audit_preserves_v2_boundary) ... ok
test_v3_parent_blindness_and_parent_free_readout_keep_same_definition (test_rulegame_parenting_diagnostic.RuleGameDiagnosticTests.test_v3_parent_blindness_and_parent_free_readout_keep_same_definition) ... ok
test_v3_protocol_is_explicit_prepare_option_not_runtime_override (test_rulegame_parenting_diagnostic.RuleGameDiagnosticTests.test_v3_protocol_is_explicit_prepare_option_not_runtime_override) ... ok
test_v3_version_definition_and_control_tamper_fail_replay_when_resealed (test_rulegame_parenting_diagnostic.RuleGameDiagnosticTests.test_v3_version_definition_and_control_tamper_fail_replay_when_resealed) ... ok
test_worker_cleanup_failure_never_seals_success (test_rulegame_parenting_diagnostic.RuleGameDiagnosticTests.test_worker_cleanup_failure_never_seals_success) ... ok
test_worker_closes_owned_native_backend_on_generation_exception (test_rulegame_parenting_diagnostic.RuleGameDiagnosticTests.test_worker_closes_owned_native_backend_on_generation_exception) ... ok
test_worker_closes_owned_native_backend_on_normal_exit (test_rulegame_parenting_diagnostic.RuleGameDiagnosticTests.test_worker_closes_owned_native_backend_on_normal_exit) ... ok
test_worker_partial_constructor_uses_owned_descendant_cleanup (test_rulegame_parenting_diagnostic.RuleGameDiagnosticTests.test_worker_partial_constructor_uses_owned_descendant_cleanup) ... ok
test_accepted_pair_actual_v3_roundtrip_preserves_raw_bytes_and_sources (test_rulegame_record_material.RecordMaterialTests.test_accepted_pair_actual_v3_roundtrip_preserves_raw_bytes_and_sources) ... ok
test_atomic_pair_failure_in_second_arm_returns_nothing (test_rulegame_record_material.RecordMaterialTests.test_atomic_pair_failure_in_second_arm_returns_nothing) ... ok
test_capture_hash_and_main_manifest_binding_fail_closed (test_rulegame_record_material.RecordMaterialTests.test_capture_hash_and_main_manifest_binding_fail_closed) ... ok
test_declined_main_or_missing_semantic_review_never_exports (test_rulegame_record_material.RecordMaterialTests.test_declined_main_or_missing_semantic_review_never_exports) ... ok
test_declined_seq095_like_shortage_is_not_repaired_or_seeded (test_rulegame_record_material.RecordMaterialTests.test_declined_seq095_like_shortage_is_not_repaired_or_seeded) ... ok
test_encoder_rejects_raw_target_prose_without_reserializing (test_rulegame_record_material.RecordMaterialTests.test_encoder_rejects_raw_target_prose_without_reserializing) ... ok
test_eos_required_and_no_embedded_target_eos_or_empty_tokens (test_rulegame_record_material.RecordMaterialTests.test_eos_required_and_no_embedded_target_eos_or_empty_tokens) ... ok
test_false_none_ambiguous_and_wrong_relation_semantics (test_rulegame_record_material.RecordMaterialTests.test_false_none_ambiguous_and_wrong_relation_semantics) ... ok
test_full_payload_and_sentence_echo_fail_without_later_reselection (test_rulegame_record_material.RecordMaterialTests.test_full_payload_and_sentence_echo_fail_without_later_reselection) ... ok
test_masked_rendered_context_is_not_exempt (test_rulegame_record_material.RecordMaterialTests.test_masked_rendered_context_is_not_exempt) ... ok
test_missing_call_and_duplicate_execution_are_not_source_evidence (test_rulegame_record_material.RecordMaterialTests.test_missing_call_and_duplicate_execution_are_not_source_evidence) ... ok
test_native_render_input_output_token_mismatches (test_rulegame_record_material.RecordMaterialTests.test_native_render_input_output_token_mismatches) ... ok
test_overlength_never_truncates_or_splits (test_rulegame_record_material.RecordMaterialTests.test_overlength_never_truncates_or_splits) ... ok
test_replay_evidence_cannot_be_asserted_or_type_forged (test_rulegame_record_material.RecordMaterialTests.test_replay_evidence_cannot_be_asserted_or_type_forged) ... ok
test_resealed_execution_outcome_join_and_record_forgery_fail (test_rulegame_record_material.RecordMaterialTests.test_resealed_execution_outcome_join_and_record_forgery_fail) ... ok
test_resealed_wake_output_and_orphan_call_fail (test_rulegame_record_material.RecordMaterialTests.test_resealed_wake_output_and_orphan_call_fail) ... ok
test_restatement_prose_is_also_forbidden (test_rulegame_record_material.RecordMaterialTests.test_restatement_prose_is_also_forbidden) ... ok
test_selection_reorder_replacement_or_failure_rewrite_rejected (test_rulegame_record_material.RecordMaterialTests.test_selection_reorder_replacement_or_failure_rewrite_rejected) ... ok
test_short_pedagogical_sentence_is_not_shared_protocol (test_rulegame_record_material.RecordMaterialTests.test_short_pedagogical_sentence_is_not_shared_protocol) ... ok
test_source_changes_during_export_fail_atomically (test_rulegame_record_material.RecordMaterialTests.test_source_changes_during_export_fail_atomically) ... ok
test_strict_v1_capture_remains_supported_without_renderer_change (test_rulegame_record_material.RecordMaterialTests.test_strict_v1_capture_remains_supported_without_renderer_change) ... ok
test_target_payload_and_span_checks_with_shared_protocol_exception (test_rulegame_record_material.RecordMaterialTests.test_target_payload_and_span_checks_with_shared_protocol_exception) ... ok
test_trainer_off_by_one_missing_double_eos_and_split_rejected (test_rulegame_record_material.RecordMaterialTests.test_trainer_off_by_one_missing_double_eos_and_split_rejected) ... ok
test_v3_accurate_control_recap_and_child_reflection_do_not_select_purity (test_rulegame_record_material.RecordMaterialTests.test_v3_accurate_control_recap_and_child_reflection_do_not_select_purity) ... ok
test_v3_exact_actual_context_roundtrip_and_shared_export_helper (test_rulegame_record_material.RecordMaterialTests.test_v3_exact_actual_context_roundtrip_and_shared_export_helper) ... ok
test_v3_main_rejection_selection_shortage_and_faithfulness_still_bind (test_rulegame_record_material.RecordMaterialTests.test_v3_main_rejection_selection_shortage_and_faithfulness_still_bind) ... ok
test_v3_parent_or_restatement_echo_still_rejects_without_replacement (test_rulegame_record_material.RecordMaterialTests.test_v3_parent_or_restatement_echo_still_rejects_without_replacement) ... ok
test_v3_shared_definition_is_protocol_not_automatic_parent_prose_proof (test_rulegame_record_material.RecordMaterialTests.test_v3_shared_definition_is_protocol_not_automatic_parent_prose_proof) ... ok
test_v3_version_and_definition_tampering_rejects_fixed_pair (test_rulegame_record_material.RecordMaterialTests.test_v3_version_and_definition_tampering_rejects_fixed_pair) ... ok
test_wrong_record_request_context_future_answer_or_source_tick_resealed (test_rulegame_record_material.RecordMaterialTests.test_wrong_record_request_context_future_answer_or_source_tick_resealed) ... ok

----------------------------------------------------------------------
Ran 76 tests in 26.352s

OK
