test_actual_launch_and_exit_contract_both_phases (test_astra_launch_birth_component_20260912.LauncherTests.test_actual_launch_and_exit_contract_both_phases) ... 
  test_actual_launch_and_exit_contract_both_phases (test_astra_launch_birth_component_20260912.LauncherTests.test_actual_launch_and_exit_contract_both_phases) (phase='fit') ... ERROR
  test_actual_launch_and_exit_contract_both_phases (test_astra_launch_birth_component_20260912.LauncherTests.test_actual_launch_and_exit_contract_both_phases) (phase='readout') ... ERROR
test_changed_driver_rejected (test_astra_launch_birth_component_20260912.LauncherTests.test_changed_driver_rejected) ... ok
test_existing_launch_preserved (test_astra_launch_birth_component_20260912.LauncherTests.test_existing_launch_preserved) ... ERROR
test_failed_native_tests_rejected (test_astra_launch_birth_component_20260912.LauncherTests.test_failed_native_tests_rejected) ... ERROR
test_opt_in_required (test_astra_launch_birth_component_20260912.LauncherTests.test_opt_in_required) ... ok
test_preflight_window_rechecked (test_astra_launch_birth_component_20260912.LauncherTests.test_preflight_window_rechecked) ... ERROR
test_start_detaches_launcher_without_claiming_gpu (test_astra_launch_birth_component_20260912.LauncherTests.test_start_detaches_launcher_without_claiming_gpu) ... {"status": "LAUNCHER_STARTED_NOT_GPU_CONFIRMATION", "launcher_pid": 55001, "stdout": "/tmp/tmpfht2wtxq/stdout.log", "launcher_sha256": "c4246f29393a992fdefaf188b2d2069c5526a49bfa84bd7b4a8a38108b3d6c7f"}
ok
test_vacancy_failure_prevents_spawn (test_astra_launch_birth_component_20260912.LauncherTests.test_vacancy_failure_prevents_spawn) ... ERROR
test_wrong_phase_rejected (test_astra_launch_birth_component_20260912.LauncherTests.test_wrong_phase_rejected) ... ERROR

======================================================================
ERROR: test_actual_launch_and_exit_contract_both_phases (test_astra_launch_birth_component_20260912.LauncherTests.test_actual_launch_and_exit_contract_both_phases) (phase='fit')
----------------------------------------------------------------------
Traceback (most recent call last):
  File "/tmp/test_astra_launch_birth_component_20260912.py", line 65, in test_actual_launch_and_exit_contract_both_phases
    popen = self.invoke()
            ^^^^^^^^^^^^^
  File "/tmp/test_astra_launch_birth_component_20260912.py", line 55, in invoke
    launcher.run(self.args)
  File "/tmp/astra_launch_birth_component_20260912.py", line 38, in run
    driver = importlib.util.module_from_spec(spec)
             ^^^^^^^^^^^^^^^^^^^^^^^^^^^^^^^^^^^^^
  File "<frozen importlib._bootstrap>", line 815, in module_from_spec
ImportError: loaders that define exec_module() must also define create_module()

======================================================================
ERROR: test_actual_launch_and_exit_contract_both_phases (test_astra_launch_birth_component_20260912.LauncherTests.test_actual_launch_and_exit_contract_both_phases) (phase='readout')
----------------------------------------------------------------------
Traceback (most recent call last):
  File "/tmp/test_astra_launch_birth_component_20260912.py", line 65, in test_actual_launch_and_exit_contract_both_phases
    popen = self.invoke()
            ^^^^^^^^^^^^^
  File "/tmp/test_astra_launch_birth_component_20260912.py", line 55, in invoke
    launcher.run(self.args)
  File "/tmp/astra_launch_birth_component_20260912.py", line 38, in run
    driver = importlib.util.module_from_spec(spec)
             ^^^^^^^^^^^^^^^^^^^^^^^^^^^^^^^^^^^^^
  File "<frozen importlib._bootstrap>", line 815, in module_from_spec
ImportError: loaders that define exec_module() must also define create_module()

======================================================================
ERROR: test_existing_launch_preserved (test_astra_launch_birth_component_20260912.LauncherTests.test_existing_launch_preserved)
----------------------------------------------------------------------
Traceback (most recent call last):
  File "/tmp/test_astra_launch_birth_component_20260912.py", line 109, in test_existing_launch_preserved
    self.invoke()
  File "/tmp/test_astra_launch_birth_component_20260912.py", line 55, in invoke
    launcher.run(self.args)
  File "/tmp/astra_launch_birth_component_20260912.py", line 38, in run
    driver = importlib.util.module_from_spec(spec)
             ^^^^^^^^^^^^^^^^^^^^^^^^^^^^^^^^^^^^^
  File "<frozen importlib._bootstrap>", line 815, in module_from_spec
ImportError: loaders that define exec_module() must also define create_module()

======================================================================
ERROR: test_failed_native_tests_rejected (test_astra_launch_birth_component_20260912.LauncherTests.test_failed_native_tests_rejected)
----------------------------------------------------------------------
Traceback (most recent call last):
  File "/tmp/test_astra_launch_birth_component_20260912.py", line 103, in test_failed_native_tests_rejected
    self.invoke()
  File "/tmp/test_astra_launch_birth_component_20260912.py", line 55, in invoke
    launcher.run(self.args)
  File "/tmp/astra_launch_birth_component_20260912.py", line 38, in run
    driver = importlib.util.module_from_spec(spec)
             ^^^^^^^^^^^^^^^^^^^^^^^^^^^^^^^^^^^^^
  File "<frozen importlib._bootstrap>", line 815, in module_from_spec
ImportError: loaders that define exec_module() must also define create_module()

======================================================================
ERROR: test_preflight_window_rechecked (test_astra_launch_birth_component_20260912.LauncherTests.test_preflight_window_rechecked)
----------------------------------------------------------------------
Traceback (most recent call last):
  File "/tmp/test_astra_launch_birth_component_20260912.py", line 86, in test_preflight_window_rechecked
    self.invoke()
  File "/tmp/test_astra_launch_birth_component_20260912.py", line 55, in invoke
    launcher.run(self.args)
  File "/tmp/astra_launch_birth_component_20260912.py", line 38, in run
    driver = importlib.util.module_from_spec(spec)
             ^^^^^^^^^^^^^^^^^^^^^^^^^^^^^^^^^^^^^
  File "<frozen importlib._bootstrap>", line 815, in module_from_spec
ImportError: loaders that define exec_module() must also define create_module()

======================================================================
ERROR: test_vacancy_failure_prevents_spawn (test_astra_launch_birth_component_20260912.LauncherTests.test_vacancy_failure_prevents_spawn)
----------------------------------------------------------------------
Traceback (most recent call last):
  File "/tmp/test_astra_launch_birth_component_20260912.py", line 115, in test_vacancy_failure_prevents_spawn
    self.invoke()
  File "/tmp/test_astra_launch_birth_component_20260912.py", line 55, in invoke
    launcher.run(self.args)
  File "/tmp/astra_launch_birth_component_20260912.py", line 38, in run
    driver = importlib.util.module_from_spec(spec)
             ^^^^^^^^^^^^^^^^^^^^^^^^^^^^^^^^^^^^^
  File "<frozen importlib._bootstrap>", line 815, in module_from_spec
ImportError: loaders that define exec_module() must also define create_module()

======================================================================
ERROR: test_wrong_phase_rejected (test_astra_launch_birth_component_20260912.LauncherTests.test_wrong_phase_rejected)
----------------------------------------------------------------------
Traceback (most recent call last):
  File "/tmp/test_astra_launch_birth_component_20260912.py", line 121, in test_wrong_phase_rejected
    self.invoke()
  File "/tmp/test_astra_launch_birth_component_20260912.py", line 55, in invoke
    launcher.run(self.args)
  File "/tmp/astra_launch_birth_component_20260912.py", line 38, in run
    driver = importlib.util.module_from_spec(spec)
             ^^^^^^^^^^^^^^^^^^^^^^^^^^^^^^^^^^^^^
  File "<frozen importlib._bootstrap>", line 815, in module_from_spec
ImportError: loaders that define exec_module() must also define create_module()

----------------------------------------------------------------------
Ran 9 tests in 0.014s

FAILED (errors=7)
