test_actual_native_counts_wrong_even_when_other_plan_contracts_pass (test_astra_rulegame_process_write_collect_20260912.CollectorTests.test_actual_native_counts_wrong_even_when_other_plan_contracts_pass) ... ok
test_bad_cleanup_or_worker_bound_fails (test_astra_rulegame_process_write_collect_20260912.CollectorTests.test_bad_cleanup_or_worker_bound_fails) ... ok
test_complete_metadata_finite_two_fits_release_no_weights_or_raw_teacher (test_astra_rulegame_process_write_collect_20260912.CollectorTests.test_complete_metadata_finite_two_fits_release_no_weights_or_raw_teacher) ... ok
test_controller_cap_and_overlapping_workers_fail (test_astra_rulegame_process_write_collect_20260912.CollectorTests.test_controller_cap_and_overlapping_workers_fail) ... ok
test_failure_with_two_valid_fits_collects_no_aggregate (test_astra_rulegame_process_write_collect_20260912.CollectorTests.test_failure_with_two_valid_fits_collects_no_aggregate) ... ok
test_final_vacancy_failure_preserves_capsule_without_success (test_astra_rulegame_process_write_collect_20260912.CollectorTests.test_final_vacancy_failure_preserves_capsule_without_success) ... ok
test_forged_worker_parent_and_attempt_identity_fails (test_astra_rulegame_process_write_collect_20260912.CollectorTests.test_forged_worker_parent_and_attempt_identity_fails) ... ok
test_known_file_with_credential_rejected_before_archive (test_astra_rulegame_process_write_collect_20260912.CollectorTests.test_known_file_with_credential_rejected_before_archive) ... ok
test_live_vacancy_failure_leaves_no_success_or_retry (test_astra_rulegame_process_write_collect_20260912.CollectorTests.test_live_vacancy_failure_leaves_no_success_or_retry) ... ok
test_masked_collector_and_existing_output_rejected (test_astra_rulegame_process_write_collect_20260912.CollectorTests.test_masked_collector_and_existing_output_rejected) ... ok
test_metadata_change_after_archive_fails_final_seal (test_astra_rulegame_process_write_collect_20260912.CollectorTests.test_metadata_change_after_archive_fails_final_seal) ... ok
test_missing_or_double_terminal_no_output (test_astra_rulegame_process_write_collect_20260912.CollectorTests.test_missing_or_double_terminal_no_output) ... ok
test_missing_second_fit_never_produces_aggregate (test_astra_rulegame_process_write_collect_20260912.CollectorTests.test_missing_second_fit_never_produces_aggregate) ... ok
test_native_review_and_raw_source_join_tampering_rejected_without_tokenizer (test_astra_rulegame_process_write_collect_20260912.CollectorTests.test_native_review_and_raw_source_join_tampering_rejected_without_tokenizer) ... ok
test_pid_group_session_descendant_and_pid_reuse_block_before_reads (test_astra_rulegame_process_write_collect_20260912.CollectorTests.test_pid_group_session_descendant_and_pid_reuse_block_before_reads) ... ok
test_process_scan_permission_error_never_means_empty (test_astra_rulegame_process_write_collect_20260912.CollectorTests.test_process_scan_permission_error_never_means_empty) ... ok
test_session_reappears_during_audit (test_astra_rulegame_process_write_collect_20260912.CollectorTests.test_session_reappears_during_audit) ... ok
test_status_does_not_open_terminal_or_load_writer_or_query_gpu (test_astra_rulegame_process_write_collect_20260912.CollectorTests.test_status_does_not_open_terminal_or_load_writer_or_query_gpu) ... ok
test_unexpected_process_receipt_fails_status (test_astra_rulegame_process_write_collect_20260912.CollectorTests.test_unexpected_process_receipt_fails_status) ... ok
test_unknown_clean_json_and_weight_file_fail (test_astra_rulegame_process_write_collect_20260912.CollectorTests.test_unknown_clean_json_and_weight_file_fail) ... ok
test_unknown_file_appearing_after_archive_fails (test_astra_rulegame_process_write_collect_20260912.CollectorTests.test_unknown_file_appearing_after_archive_fails) ... ok
test_wrong_launcher_protocol_or_source_fails (test_astra_rulegame_process_write_collect_20260912.CollectorTests.test_wrong_launcher_protocol_or_source_fails) ... ok
test_wrong_plan_and_launch_hash_refuse_before_output (test_astra_rulegame_process_write_collect_20260912.CollectorTests.test_wrong_plan_and_launch_hash_refuse_before_output) ... ok
test_wrong_saved_fit_and_forward_receipt_fails (test_astra_rulegame_process_write_collect_20260912.CollectorTests.test_wrong_saved_fit_and_forward_receipt_fails) ... ok
test_announced_native_contract_exact (test_astra_rulegame_process_write_collect_20260912.SafetyTests.test_announced_native_contract_exact) ... ok
test_archive_traversal_link_duplicate_missing_and_hash_fail (test_astra_rulegame_process_write_collect_20260912.SafetyTests.test_archive_traversal_link_duplicate_missing_and_hash_fail) ... ok
test_credentials_in_excluded_weight_header_still_fail (test_astra_rulegame_process_write_collect_20260912.SafetyTests.test_credentials_in_excluded_weight_header_still_fail) ... ok
test_credentials_patterns_and_duplicate_nonfinite_json_fail (test_astra_rulegame_process_write_collect_20260912.SafetyTests.test_credentials_patterns_and_duplicate_nonfinite_json_fail) ... ok
test_finite_weight_bits_all_supported_types_no_model_load (test_astra_rulegame_process_write_collect_20260912.SafetyTests.test_finite_weight_bits_all_supported_types_no_model_load) ... ok
test_gpu_checker_is_query_only_and_must_be_unmasked (test_astra_rulegame_process_write_collect_20260912.SafetyTests.test_gpu_checker_is_query_only_and_must_be_unmasked) ... ok
test_symlinks_hardlinks_and_fifo_fail_safe (test_astra_rulegame_process_write_collect_20260912.SafetyTests.test_symlinks_hardlinks_and_fifo_fail_safe) ... ok
test_uuid_vacancy_unknown_or_occupied_fail (test_astra_rulegame_process_write_collect_20260912.SafetyTests.test_uuid_vacancy_unknown_or_occupied_fail) ... ok
test_watchdog_300_restored_and_existing_timer_rejected (test_astra_rulegame_process_write_collect_20260912.SafetyTests.test_watchdog_300_restored_and_existing_timer_rejected) ... ok
test_watchdog_expiration_raises_and_restores (test_astra_rulegame_process_write_collect_20260912.SafetyTests.test_watchdog_expiration_raises_and_restores) ... ok
test_weight_hash_and_trailing_bytes_fail (test_astra_rulegame_process_write_collect_20260912.SafetyTests.test_weight_hash_and_trailing_bytes_fail) ... ok

----------------------------------------------------------------------
Ran 35 tests in 35.926s

OK
