test_actual_output_token_cap_and_backend_identity_are_enforced (test_rulegame_parenting_diagnostic.RuleGameDiagnosticTests.test_actual_output_token_cap_and_backend_identity_are_enforced) ... ok
test_atomic_json_refuses_overwrite_and_artifact_symlink (test_rulegame_parenting_diagnostic.RuleGameDiagnosticTests.test_atomic_json_refuses_overwrite_and_artifact_symlink) ... ok
test_child_only_mask_targets_and_teacher_exclusion (test_rulegame_parenting_diagnostic.RuleGameDiagnosticTests.test_child_only_mask_targets_and_teacher_exclusion) ... ok
test_cleanup_tail_is_reserved_before_launch (test_rulegame_parenting_diagnostic.RuleGameDiagnosticTests.test_cleanup_tail_is_reserved_before_launch) ... ok
test_complete_mocked_pipeline_shared_off_and_156_ceiling (test_rulegame_parenting_diagnostic.RuleGameDiagnosticTests.test_complete_mocked_pipeline_shared_off_and_156_ceiling) ... ok
test_eval_acceptance_rejects_resealed_mismatched_actual_output_ids (test_rulegame_parenting_diagnostic.RuleGameDiagnosticTests.test_eval_acceptance_rejects_resealed_mismatched_actual_output_ids) ... ok
test_expired_or_exhausted_lease_never_spawns (test_rulegame_parenting_diagnostic.RuleGameDiagnosticTests.test_expired_or_exhausted_lease_never_spawns) ... ok
test_export_preserves_exact_raw_target_suffix_bytes_including_whitespace (test_rulegame_parenting_diagnostic.RuleGameDiagnosticTests.test_export_preserves_exact_raw_target_suffix_bytes_including_whitespace) ... ok
test_first_fit_failure_never_launches_second_or_evaluation (test_rulegame_parenting_diagnostic.RuleGameDiagnosticTests.test_first_fit_failure_never_launches_second_or_evaluation) ... ok
test_formation_command_stops_for_main_not_lexical_semantics (test_rulegame_parenting_diagnostic.RuleGameDiagnosticTests.test_formation_command_stops_for_main_not_lexical_semantics) ... ok
test_formation_exact_caps_raw_parent_outputs_and_world_replay (test_rulegame_parenting_diagnostic.RuleGameDiagnosticTests.test_formation_exact_caps_raw_parent_outputs_and_world_replay) ... ok
test_gpu_commands_fail_before_model_or_process_work_without_opt_in (test_rulegame_parenting_diagnostic.RuleGameDiagnosticTests.test_gpu_commands_fail_before_model_or_process_work_without_opt_in) ... ok
test_legacy_requests_events_results_selection_match_pre_v3_hashes (test_rulegame_parenting_diagnostic.RuleGameDiagnosticTests.test_legacy_requests_events_results_selection_match_pre_v3_hashes) ... ok
test_main_rejection_means_no_corpora_or_fit (test_rulegame_parenting_diagnostic.RuleGameDiagnosticTests.test_main_rejection_means_no_corpora_or_fit) ... ok
test_native_source_token_mismatch_fails_cpu_material_check (test_rulegame_parenting_diagnostic.RuleGameDiagnosticTests.test_native_source_token_mismatch_fails_cpu_material_check) ... ok
test_native_truncation_fails_not_silently_masks (test_rulegame_parenting_diagnostic.RuleGameDiagnosticTests.test_native_truncation_fails_not_silently_masks) ... ok
test_native_v2_stop_settings_reach_vllm_and_audit_raw_ids (test_rulegame_parenting_diagnostic.RuleGameDiagnosticTests.test_native_v2_stop_settings_reach_vllm_and_audit_raw_ids) ... ok
test_pending_or_wrong_audit_cannot_select (test_rulegame_parenting_diagnostic.RuleGameDiagnosticTests.test_pending_or_wrong_audit_cannot_select) ... ok
test_prepare_no_gpu_and_immutable_local_pins (test_rulegame_parenting_diagnostic.RuleGameDiagnosticTests.test_prepare_no_gpu_and_immutable_local_pins) ... ok
test_protocol_option_is_prepare_only (test_rulegame_parenting_diagnostic.RuleGameDiagnosticTests.test_protocol_option_is_prepare_only) ... ok
test_provenance_failure_list_rejects_forged_orphan_even_when_resealed (test_rulegame_parenting_diagnostic.RuleGameDiagnosticTests.test_provenance_failure_list_rejects_forged_orphan_even_when_resealed) ... ok
test_record_prompt_exact_versioned_definition_and_no_unknown_fallback (test_rulegame_parenting_diagnostic.RuleGameDiagnosticTests.test_record_prompt_exact_versioned_definition_and_no_unknown_fallback) ... ok
test_record_strict_schema_missing_prediction_and_false_are_valid (test_rulegame_parenting_diagnostic.RuleGameDiagnosticTests.test_record_strict_schema_missing_prediction_and_false_are_valid) ... ok
test_repeated_reveal_or_fourth_try_has_no_extra_world_execution (test_rulegame_parenting_diagnostic.RuleGameDiagnosticTests.test_repeated_reveal_or_fourth_try_has_no_extra_world_execution) ... ok
test_resealed_corpus_cannot_replace_child_output (test_rulegame_parenting_diagnostic.RuleGameDiagnosticTests.test_resealed_corpus_cannot_replace_child_output) ... ok
test_second_fit_failure_preserves_first_and_blocks_readout (test_rulegame_parenting_diagnostic.RuleGameDiagnosticTests.test_second_fit_failure_preserves_first_and_blocks_readout) ... ok
test_shortage_is_paired_and_stops_before_native_tokenizer_or_new_tasks (test_rulegame_parenting_diagnostic.RuleGameDiagnosticTests.test_shortage_is_paired_and_stops_before_native_tokenizer_or_new_tasks) ... ok
test_strict_parser_no_salvage (test_rulegame_parenting_diagnostic.RuleGameDiagnosticTests.test_strict_parser_no_salvage) ... ok
test_supervisor_actual_pending_call_timeout_not_only_budget_arithmetic (test_rulegame_parenting_diagnostic.RuleGameDiagnosticTests.test_supervisor_actual_pending_call_timeout_not_only_budget_arithmetic) ... ok
test_supervisor_real_cpu_process_timeout_and_owned_cleanup (test_rulegame_parenting_diagnostic.RuleGameDiagnosticTests.test_supervisor_real_cpu_process_timeout_and_owned_cleanup) ... ok
test_two_execution_records_no_quiz_or_unique_text_gate (test_rulegame_parenting_diagnostic.RuleGameDiagnosticTests.test_two_execution_records_no_quiz_or_unique_text_gate) ... ok
test_v1_requests_and_legacy_plan_keep_strict_defaults (test_rulegame_parenting_diagnostic.RuleGameDiagnosticTests.test_v1_requests_and_legacy_plan_keep_strict_defaults) ... ok
test_v2_aliases_are_single_anchored_intents_only (test_rulegame_parenting_diagnostic.RuleGameDiagnosticTests.test_v2_aliases_are_single_anchored_intents_only) ... ok
test_v2_budgets_and_imagined_outcomes_never_execute (test_rulegame_parenting_diagnostic.RuleGameDiagnosticTests.test_v2_budgets_and_imagined_outcomes_never_execute) ... ok
test_v2_capture_preserves_raw_and_pins_stops_and_state (test_rulegame_parenting_diagnostic.RuleGameDiagnosticTests.test_v2_capture_preserves_raw_and_pins_stops_and_state) ... ok
test_v3_cannot_fall_back_to_legacy_synthetic_material_or_writer (test_rulegame_parenting_diagnostic.RuleGameDiagnosticTests.test_v3_cannot_fall_back_to_legacy_synthetic_material_or_writer) ... ok
test_v3_generation_replay_shared_helper_and_unchanged_limits (test_rulegame_parenting_diagnostic.RuleGameDiagnosticTests.test_v3_generation_replay_shared_helper_and_unchanged_limits) ... ok
test_v3_main_parent_decision_is_separate_from_child_reflection (test_rulegame_parenting_diagnostic.RuleGameDiagnosticTests.test_v3_main_parent_decision_is_separate_from_child_reflection) ... ok
test_v3_mock_stop_token_audit_preserves_v2_boundary (test_rulegame_parenting_diagnostic.RuleGameDiagnosticTests.test_v3_mock_stop_token_audit_preserves_v2_boundary) ... ok
test_v3_parent_blindness_and_parent_free_readout_keep_same_definition (test_rulegame_parenting_diagnostic.RuleGameDiagnosticTests.test_v3_parent_blindness_and_parent_free_readout_keep_same_definition) ... ok
test_v3_protocol_is_explicit_prepare_option_not_runtime_override (test_rulegame_parenting_diagnostic.RuleGameDiagnosticTests.test_v3_protocol_is_explicit_prepare_option_not_runtime_override) ... ok
test_v3_version_definition_and_control_tamper_fail_replay_when_resealed (test_rulegame_parenting_diagnostic.RuleGameDiagnosticTests.test_v3_version_definition_and_control_tamper_fail_replay_when_resealed) ... ok
test_worker_cleanup_failure_never_seals_success (test_rulegame_parenting_diagnostic.RuleGameDiagnosticTests.test_worker_cleanup_failure_never_seals_success) ... ok
test_worker_closes_owned_native_backend_on_generation_exception (test_rulegame_parenting_diagnostic.RuleGameDiagnosticTests.test_worker_closes_owned_native_backend_on_generation_exception) ... ok
test_worker_closes_owned_native_backend_on_normal_exit (test_rulegame_parenting_diagnostic.RuleGameDiagnosticTests.test_worker_closes_owned_native_backend_on_normal_exit) ... ok
test_worker_partial_constructor_uses_owned_descendant_cleanup (test_rulegame_parenting_diagnostic.RuleGameDiagnosticTests.test_worker_partial_constructor_uses_owned_descendant_cleanup) ... ok

----------------------------------------------------------------------
Ran 46 tests in 17.230s

OK
