test_all_prior_start_failure_terminal_and_witness_markers_rejected (test_astra_launch_l2_public_record_20260913.LauncherTests.test_all_prior_start_failure_terminal_and_witness_markers_rejected) ... ok
test_concurrent_external_claim_is_exclusive_without_native_root_mutation (test_astra_launch_l2_public_record_20260913.LauncherTests.test_concurrent_external_claim_is_exclusive_without_native_root_mutation) ... ok
test_detachment_receipt_never_changes_root_even_if_controller_seals_immediately (test_astra_launch_l2_public_record_20260913.LauncherTests.test_detachment_receipt_never_changes_root_even_if_controller_seals_immediately) ... ok
test_exact_finish_plus_six_hour_lease_boundary (test_astra_launch_l2_public_record_20260913.LauncherTests.test_exact_finish_plus_six_hour_lease_boundary) ... ok
test_exact_schema_gpu3_configuration_and_four_file_inventory (test_astra_launch_l2_public_record_20260913.LauncherTests.test_exact_schema_gpu3_configuration_and_four_file_inventory) ... ok
test_existing_symlink_parent_and_root_overlap_stdout_rejected (test_astra_launch_l2_public_record_20260913.LauncherTests.test_existing_symlink_parent_and_root_overlap_stdout_rejected) ... ok
test_explicit_gpu_opt_in_required (test_astra_launch_l2_public_record_20260913.LauncherTests.test_explicit_gpu_opt_in_required) ... ok
test_external_claim_blocks_relaunch_with_different_stdout (test_astra_launch_l2_public_record_20260913.LauncherTests.test_external_claim_blocks_relaunch_with_different_stdout) ... ok
test_extra_source_file_or_hardlink_is_not_a_final_four_file_snapshot (test_astra_launch_l2_public_record_20260913.LauncherTests.test_extra_source_file_or_hardlink_is_not_a_final_four_file_snapshot) ... ok
test_fixed_runtime_precheck_and_plan_pins (test_astra_launch_l2_public_record_20260913.LauncherTests.test_fixed_runtime_precheck_and_plan_pins) ... ok
test_identity_failure_reports_pid_without_touching_sealed_root_or_relaunch (test_astra_launch_l2_public_record_20260913.LauncherTests.test_identity_failure_reports_pid_without_touching_sealed_root_or_relaunch) ... ok
test_precheck_elapsed_time_rechecks_finish_margin (test_astra_launch_l2_public_record_20260913.LauncherTests.test_precheck_elapsed_time_rechecks_finish_margin) ... ok
test_precheck_failure_keeps_all_evidence_outside_root (test_astra_launch_l2_public_record_20260913.LauncherTests.test_precheck_failure_keeps_all_evidence_outside_root) ... ok
test_precheck_race_with_native_start_does_not_launch (test_astra_launch_l2_public_record_20260913.LauncherTests.test_precheck_race_with_native_start_does_not_launch) ... ok
test_precheck_race_with_source_edit_rechecks_pins (test_astra_launch_l2_public_record_20260913.LauncherTests.test_precheck_race_with_source_edit_rechecks_pins) ... ok
test_source_helper_and_prepared_byte_drift_rejected (test_astra_launch_l2_public_record_20260913.LauncherTests.test_source_helper_and_prepared_byte_drift_rejected) ... ok
test_stdout_race_preserves_other_writer_evidence_and_refuses_spawn (test_astra_launch_l2_public_record_20260913.LauncherTests.test_stdout_race_preserves_other_writer_evidence_and_refuses_spawn) ... ok
test_success_exact_command_identity_budget_and_external_only_evidence (test_astra_launch_l2_public_record_20260913.LauncherTests.test_success_exact_command_identity_budget_and_external_only_evidence) ... ok
test_timeout_and_partial_output_preserved (test_astra_launch_l2_public_record_20260913.LauncherTests.test_timeout_and_partial_output_preserved) ... ok

----------------------------------------------------------------------
Ran 19 tests in 1.555s

OK
