test_actual_tokenizer_headroom_no_padding_and_frozen_prompts (test_constraint_check_diagnostic.ConstraintCheckTests.test_actual_tokenizer_headroom_no_padding_and_frozen_prompts) ... ok
test_any_row_column_box_witness_not_canonical_or_prose_whitelist (test_constraint_check_diagnostic.ConstraintCheckTests.test_any_row_column_box_witness_not_canonical_or_prose_whitelist) ... ok
test_arm_settings_mismatch_and_pending_replay_rejected (test_constraint_check_diagnostic.ConstraintCheckTests.test_arm_settings_mismatch_and_pending_replay_rejected) ... ok
test_bounded_wall_clock_alarm (test_constraint_check_diagnostic.ConstraintCheckTests.test_bounded_wall_clock_alarm) ... ok
test_cli_gpu_never_default (test_constraint_check_diagnostic.ConstraintCheckTests.test_cli_gpu_never_default) ... ok
test_cli_worker_controller_and_replay_explicit_seed_plumbing (test_constraint_check_diagnostic.ConstraintCheckTests.test_cli_worker_controller_and_replay_explicit_seed_plumbing) ... ok
test_controller_two_fresh_worker_commands_deadlines_no_gpu_in_test (test_constraint_check_diagnostic.ConstraintCheckTests.test_controller_two_fresh_worker_commands_deadlines_no_gpu_in_test) ... ok
test_duplicate_citation_deduplicated_valid_not_lost_to_incorrect (test_constraint_check_diagnostic.ConstraintCheckTests.test_duplicate_citation_deduplicated_valid_not_lost_to_incorrect) ... ok
test_duplicate_question_and_candidate_hashes_fail_no_replacement (test_constraint_check_diagnostic.ConstraintCheckTests.test_duplicate_question_and_candidate_hashes_fail_no_replacement) ... ok
test_exact_eight_public_questions_guaranteed_duplicate_no_references (test_constraint_check_diagnostic.ConstraintCheckTests.test_exact_eight_public_questions_guaranteed_duplicate_no_references) ... ok
test_exact_sixteen_mock_calls_raw_outputs_and_recomputed_counts (test_constraint_check_diagnostic.ConstraintCheckTests.test_exact_sixteen_mock_calls_raw_outputs_and_recomputed_counts) ... ok
test_generation_seed_required_validated_and_cli_preparation_propagates (test_constraint_check_diagnostic.ConstraintCheckTests.test_generation_seed_required_validated_and_cli_preparation_propagates) ... ok
test_identity_failure_before_generation (test_constraint_check_diagnostic.ConstraintCheckTests.test_identity_failure_before_generation) ... ok
test_length_or_unknown_stop_preserves_raw_then_fails_even_valid_json (test_constraint_check_diagnostic.ConstraintCheckTests.test_length_or_unknown_stop_preserves_raw_then_fails_even_valid_json) ... ok
test_malformed_raw_outputs_zero_no_salvage (test_constraint_check_diagnostic.ConstraintCheckTests.test_malformed_raw_outputs_zero_no_salvage) ... ok
test_native_prompt_token_mismatch_preserved_then_rejected (test_constraint_check_diagnostic.ConstraintCheckTests.test_native_prompt_token_mismatch_preserved_then_rejected) ... ok
test_native_raw_adapter_token_ids_stop_metadata_not_retokenized (test_constraint_check_diagnostic.ConstraintCheckTests.test_native_raw_adapter_token_ids_stop_metadata_not_retokenized) ... ok
test_native_raw_sampling_params_receive_selected_nondefault_seed (test_constraint_check_diagnostic.ConstraintCheckTests.test_native_raw_sampling_params_receive_selected_nondefault_seed) ... ok
test_no_collision_replacements_and_metadata_only (test_constraint_check_diagnostic.ConstraintCheckTests.test_no_collision_replacements_and_metadata_only) ... ok
test_pending_inventory_and_synthetic_never_native_ready (test_constraint_check_diagnostic.ConstraintCheckTests.test_pending_inventory_and_synthetic_never_native_ready) ... ok
test_pins_and_immutable_preparation_fail_closed (test_constraint_check_diagnostic.ConstraintCheckTests.test_pins_and_immutable_preparation_fail_closed) ... ok
test_prepared_prompt_seed_mismatch_and_v1_rejected (test_constraint_check_diagnostic.ConstraintCheckTests.test_prepared_prompt_seed_mismatch_and_v1_rejected) ... ok
test_runtime_tokenizer_mismatch_before_any_generation (test_constraint_check_diagnostic.ConstraintCheckTests.test_runtime_tokenizer_mismatch_before_any_generation) ... ok
test_same_coordinate_wrong_group_digit_and_case_zero (test_constraint_check_diagnostic.ConstraintCheckTests.test_same_coordinate_wrong_group_digit_and_case_zero) ... ok
test_seed_mismatch_rejected_before_model_and_in_replay_metadata (test_constraint_check_diagnostic.ConstraintCheckTests.test_seed_mismatch_rejected_before_model_and_in_replay_metadata) ... ok
test_summary_tamper_and_incomplete_arm_not_success (test_constraint_check_diagnostic.ConstraintCheckTests.test_summary_tamper_and_incomplete_arm_not_success) ... ok
test_three_explicit_seeds_48_mock_calls_no_shared_seed_or_board_changes (test_constraint_check_diagnostic.ConstraintCheckTests.test_three_explicit_seeds_48_mock_calls_no_shared_seed_or_board_changes) ... ok
test_v2_fresh_ids_and_only_selected_prompt_clause_checker_cards_unchanged (test_constraint_check_diagnostic.ConstraintCheckTests.test_v2_fresh_ids_and_only_selected_prompt_clause_checker_cards_unchanged) ... ok

----------------------------------------------------------------------
Ran 28 tests in 0.450s

OK
