.......EEE...................E
======================================================================
ERROR: test_orch_r148_kernel_tool_service (unittest.loader._FailedTest.test_orch_r148_kernel_tool_service)
----------------------------------------------------------------------
ImportError: Failed to import test module: test_orch_r148_kernel_tool_service
Traceback (most recent call last):
  File "/usr/lib/python3.12/unittest/loader.py", line 137, in loadTestsFromName
    module = __import__(module_name)
             ^^^^^^^^^^^^^^^^^^^^^^^
  File "/data/home/rohing/dream-state-orch/research_loop/workers/rohin174_parenting_20260917/node4/kernel5_cpu_stage_20260917T2203Z/source/tests/test_orch_r148_kernel_tool_service.py", line 12, in <module>
    import pytest
ModuleNotFoundError: No module named 'pytest'


======================================================================
ERROR: test_orch_r148_kernel_service_campaign (unittest.loader._FailedTest.test_orch_r148_kernel_service_campaign)
----------------------------------------------------------------------
ImportError: Failed to import test module: test_orch_r148_kernel_service_campaign
Traceback (most recent call last):
  File "/usr/lib/python3.12/unittest/loader.py", line 137, in loadTestsFromName
    module = __import__(module_name)
             ^^^^^^^^^^^^^^^^^^^^^^^
  File "/data/home/rohing/dream-state-orch/research_loop/workers/rohin174_parenting_20260917/node4/kernel5_cpu_stage_20260917T2203Z/source/tests/test_orch_r148_kernel_service_campaign.py", line 9, in <module>
    import pytest
ModuleNotFoundError: No module named 'pytest'


======================================================================
ERROR: test_orch_r153_code_blocks (unittest.loader._FailedTest.test_orch_r153_code_blocks)
----------------------------------------------------------------------
ImportError: Failed to import test module: test_orch_r153_code_blocks
Traceback (most recent call last):
  File "/usr/lib/python3.12/unittest/loader.py", line 137, in loadTestsFromName
    module = __import__(module_name)
             ^^^^^^^^^^^^^^^^^^^^^^^
  File "/data/home/rohing/dream-state-orch/research_loop/workers/rohin174_parenting_20260917/node4/kernel5_cpu_stage_20260917T2203Z/source/tests/test_orch_r153_code_blocks.py", line 4, in <module>
    import pytest
ModuleNotFoundError: No module named 'pytest'


======================================================================
ERROR: test_orch_r158_kernel_execution (unittest.loader._FailedTest.test_orch_r158_kernel_execution)
----------------------------------------------------------------------
ImportError: Failed to import test module: test_orch_r158_kernel_execution
Traceback (most recent call last):
  File "/usr/lib/python3.12/unittest/loader.py", line 137, in loadTestsFromName
    module = __import__(module_name)
             ^^^^^^^^^^^^^^^^^^^^^^^
  File "/data/home/rohing/dream-state-orch/research_loop/workers/rohin174_parenting_20260917/node4/kernel5_cpu_stage_20260917T2203Z/source/tests/test_orch_r158_kernel_execution.py", line 7, in <module>
    import pytest
ModuleNotFoundError: No module named 'pytest'


----------------------------------------------------------------------
Ran 30 tests in 0.034s

FAILED (errors=4)
