{
  "status": "PASS",
  "packet_sha256": "f438655ad1526266ef50253c2d3e65b6f70bf46913256aa0f38400ff493340d5",
  "manifest_sha256": "1ddf8a9be5e36fb6dfae0a44ddd0ba733c89bef293017d257965e047708a701b",
  "rows_sha256": "fe596d1aa722291d6152e5b428a496bdc1eaf3f345c1d314ce2c73522402b417",
  "exclusions_sha256": "444e980cdb3fcb1074341b1ad992bf1bd53222f17374cf592debe5d8e897b968",
  "native_calls": 0,
  "model_loaded": false,
  "native_mechanical_replayed": 64,
  "accepted": 62,
  "added": 62,
  "rows_after": 3635,
  "maximum_sequence": 1066,
  "native_context_limit": 2048,
  "exact_exported_inputs_labels": true,
  "individual_reviewed": 10,
  "individual_unreviewed": 52,
  "queued_not_training": true,
  "finished_unix": 1789450406.8285396,
  "remote_path": "/localhome/local-rohing/orch_combined_l1_continual_20260915_attempt1/SAMPLED_EXTRA_PENDING/orch_continual_batch_segment2_native_040"
}
