{
  "status": "PASS",
  "packet_sha256": "eb14f8b34cf79d0731996b7b19a0b9e6a5d0cdd5ab7bbf4bc882fbf01dac9b89",
  "manifest_sha256": "78f6a563e735d96d08d9e963292d25efad1d884d0d82ad1ada33878b355c698b",
  "rows_sha256": "6bf465cc37b7b0b72ca46bf2d6a3d7050f3ce6370d467c42ac261cd81bff29d9",
  "exclusions_sha256": "444e980cdb3fcb1074341b1ad992bf1bd53222f17374cf592debe5d8e897b968",
  "native_calls": 0,
  "model_loaded": false,
  "native_mechanical_replayed": 64,
  "accepted": 63,
  "added": 63,
  "rows_after": 3511,
  "maximum_sequence": 987,
  "native_context_limit": 2048,
  "exact_exported_inputs_labels": true,
  "individual_reviewed": 11,
  "individual_unreviewed": 52,
  "queued_not_training": true,
  "finished_unix": 1789450358.1300056,
  "remote_path": "/localhome/local-rohing/orch_combined_l1_continual_20260915_attempt1/SAMPLED_EXTRA_PENDING/orch_continual_batch_segment2_native_036"
}
