{
  "status": "PASS",
  "packet_sha256": "5bbe739e06907735c352f27ea010a371f7563e920ee01b0eeaacf7010847fa40",
  "manifest_sha256": "29f573d0a28ba3b8ee642b85139ad6dcc80b3624d58adc2e23df7169d733d764",
  "rows_sha256": "c48b4944698289a278b4a337f4e302c005b54db4eb436607e05b9bba084efa44",
  "exclusions_sha256": "444e980cdb3fcb1074341b1ad992bf1bd53222f17374cf592debe5d8e897b968",
  "native_calls": 0,
  "model_loaded": false,
  "native_mechanical_replayed": 64,
  "accepted": 64,
  "added": 64,
  "rows_after": 3324,
  "maximum_sequence": 615,
  "native_context_limit": 2048,
  "exact_exported_inputs_labels": true,
  "individual_reviewed": 12,
  "individual_unreviewed": 52,
  "queued_not_training": true,
  "finished_unix": 1789450253.4230998,
  "remote_path": "/localhome/local-rohing/orch_combined_l1_continual_20260915_attempt1/SAMPLED_EXTRA_PENDING/orch_continual_batch_segment2_native_027"
}
