{
  "status": "PASS",
  "packet_sha256": "b4a411f4ff86256b4428dd9bd011da76142db9ab276e96b835728185d0517015",
  "manifest_sha256": "8d521c4abc35c8851e62a2b8b35eefd5940df02b1782777e8c6f2dbf94ae0c00",
  "rows_sha256": "fc47b5b438951147a952d7d05596875046d0bc693c838197ce0a1e2f89c59554",
  "exclusions_sha256": "444e980cdb3fcb1074341b1ad992bf1bd53222f17374cf592debe5d8e897b968",
  "native_calls": 0,
  "model_loaded": false,
  "native_mechanical_replayed": 64,
  "accepted": 62,
  "added": 62,
  "rows_after": 3573,
  "maximum_sequence": 864,
  "native_context_limit": 2048,
  "exact_exported_inputs_labels": true,
  "individual_reviewed": 10,
  "individual_unreviewed": 52,
  "queued_not_training": true,
  "finished_unix": 1789450382.2719514,
  "remote_path": "/localhome/local-rohing/orch_combined_l1_continual_20260915_attempt1/SAMPLED_EXTRA_PENDING/orch_continual_batch_segment2_native_038"
}
