{
  "status": "PASS",
  "packet_sha256": "b768a1ba29864ea6e78d59937075ed160469efc63428f5f980c9bffd978aa750",
  "manifest_sha256": "fa19f56643ff1ca0a957f9cf2dda6fcde30debf2f937245021cd028e7a22949f",
  "rows_sha256": "ecec7d0c4451f6623bc4589a4c6b3449888dd8e49627528726a988ee396d8b8e",
  "exclusions_sha256": "444e980cdb3fcb1074341b1ad992bf1bd53222f17374cf592debe5d8e897b968",
  "native_calls": 0,
  "model_loaded": false,
  "native_mechanical_replayed": 64,
  "accepted": 62,
  "added": 62,
  "rows_after": 3448,
  "maximum_sequence": 798,
  "native_context_limit": 2048,
  "exact_exported_inputs_labels": true,
  "individual_reviewed": 10,
  "individual_unreviewed": 52,
  "queued_not_training": true,
  "finished_unix": 1789450334.7356396,
  "remote_path": "/localhome/local-rohing/orch_combined_l1_continual_20260915_attempt1/SAMPLED_EXTRA_PENDING/orch_continual_batch_segment2_native_034"
}
