{
  "status": "PASS",
  "packet_sha256": "daac35377530dd0b0c8896553616ed0f6b261b1a927d5e011ae63a36d00ad419",
  "manifest_sha256": "6a71433befd40173d24e2c3691d4663a220057a7dcc1856682429e6ed48f3244",
  "rows_sha256": "64a244ea865d0a439ce59242d5f2805594097b777ff746b364ca78f8d34cbd1f",
  "exclusions_sha256": "444e980cdb3fcb1074341b1ad992bf1bd53222f17374cf592debe5d8e897b968",
  "native_calls": 0,
  "model_loaded": false,
  "native_mechanical_replayed": 64,
  "accepted": 62,
  "added": 62,
  "rows_after": 3386,
  "maximum_sequence": 775,
  "native_context_limit": 2048,
  "exact_exported_inputs_labels": true,
  "individual_reviewed": 10,
  "individual_unreviewed": 52,
  "queued_not_training": true,
  "finished_unix": 1789450299.3591409,
  "remote_path": "/localhome/local-rohing/orch_combined_l1_continual_20260915_attempt1/SAMPLED_EXTRA_PENDING/orch_continual_batch_segment2_native_033"
}
