{
  "schema": "COMBINED_L1_RICHNESS_FIRST_COMPACT_V2",
  "readout": "/localhome/local-rohing/orch_rich_breadth_bootstrap_scale764_20260915_attempt1/SCALE764_OFF/readout",
  "report_order": [
    "richness",
    "accuracy"
  ],
  "reserved": 64,
  "completed": 64,
  "failed": 0,
  "generated_tokens": {
    "measured": 64,
    "minimum": 92,
    "median": 181.0,
    "mean": 196.84375,
    "maximum": 401
  },
  "eos": 64,
  "ceiling": 0,
  "mean_lexical_repetition_rate": 0.04875967761023942,
  "semantic_reviewed": 0,
  "semantic_unassessed": 64,
  "semantic_review_sample": "first4 prospective positions per arm, author full-output review; not whole-cohort estimate",
  "distinct_paths_considered": [],
  "grounded_rejections": [],
  "coherence_counts": {},
  "accuracy_secondary": {
    "correct": 59,
    "completed_denominator": 64
  },
  "parent_access": false,
  "improvement_claim": false,
  "native_calls": 0,
  "raw_text_included": false
}
{
  "schema": "COMBINED_L1_RICHNESS_FIRST_COMPACT_V2",
  "readout": "/localhome/local-rohing/orch_rich_breadth_bootstrap_scale764_20260915_attempt1/SCALE764_FULL/readout",
  "report_order": [
    "richness",
    "accuracy"
  ],
  "reserved": 64,
  "completed": 64,
  "failed": 0,
  "generated_tokens": {
    "measured": 64,
    "minimum": 93,
    "median": 206.5,
    "mean": 211.890625,
    "maximum": 494
  },
  "eos": 64,
  "ceiling": 0,
  "mean_lexical_repetition_rate": 0.05956438145995522,
  "semantic_reviewed": 0,
  "semantic_unassessed": 64,
  "semantic_review_sample": "first4 prospective positions per arm, author full-output review; not whole-cohort estimate",
  "distinct_paths_considered": [],
  "grounded_rejections": [],
  "coherence_counts": {},
  "accuracy_secondary": {
    "correct": 54,
    "completed_denominator": 64
  },
  "parent_access": false,
  "improvement_claim": false,
  "native_calls": 0,
  "raw_text_included": false
}
