{"directory": "r153_service_v4_20260917", "counts": {"published_text": 10, "binary_or_nontext_manifest_only": 1, "large_file_manifest_only": 1, "copied_source_tree_manifest_only": 1905}}
{"directory": "r155_kernel_parser_activation_20260917t0225z", "counts": {"binary_or_nontext_manifest_only": 4, "published_text": 48}}
{"directory": "r156_benchmark_continuation_20260917", "counts": {"published_text": 6}}
{"directory": "r157_community_service_keepalive_20260917", "counts": {"published_text": 50, "large_file_manifest_only": 1}}
{"directory": "r157_community_wall_20260917", "counts": {"published_text": 25}}
{"directory": "r157_keepalive_20260917", "counts": {"published_text": 34}}
{"directory": "r157_protected_parent_keepalive_20260917", "counts": {"published_text": 23}}
{"directory": "r157_repo_reader_wall_20260917", "counts": {"published_text": 15, "binary_or_nontext_manifest_only": 3}}
{"directory": "r158_benchmark_continuation_20260917", "counts": {"published_text": 36, "binary_or_nontext_manifest_only": 1, "private_or_credentials_manifest_only": 1, "large_file_manifest_only": 3}}
{"directory": "r158_kernel_execution_20260917", "counts": {"binary_or_nontext_manifest_only": 9, "published_text": 122, "large_file_manifest_only": 2}}
{"directory": "r158_matched_node4_20260917", "counts": {"published_text": 2428, "copied_source_tree_manifest_only": 8591}}
{"directory": "r158_matched_parents_20260917", "counts": {"published_text": 1348, "binary_or_nontext_manifest_only": 1, "private_input_manifest_only": 40}}
{"directory": "r158_train_gym_20260917", "counts": {"published_text": 6}}
{"directory": "r159_matched_evaluation_20260917", "counts": {"published_text": 429, "private_or_credentials_manifest_only": 5}}
{"directory": "r159_train_service_20260917", "counts": {"published_text": 80}}
{"directory": "r160_frozen_readmission_20260917", "counts": {"published_text": 33, "binary_or_nontext_manifest_only": 1}}
{"directory": "r161_fork_placement_20260917", "counts": {"published_text": 8}}
{"directory": "r161_native_executor_20260917", "counts": {"published_text": 16}}
{"directory": "r162_activation_20260917", "counts": {"published_text": 57, "large_file_manifest_only": 2}}
{"directory": "r163_executor_probe_20260917", "counts": {"published_text": 16}}
{"directory": "r163_gpu_preparation_20260917", "counts": {"large_file_manifest_only": 2, "published_text": 90, "binary_or_nontext_manifest_only": 6}}
{"directory": "r163_gradient_diagnosis_20260917", "counts": {"published_text": 28}}
{"directory": "r165_frozen_boundary_recovery_20260917", "counts": {"published_text": 33, "binary_or_nontext_manifest_only": 3}}
{"directory": "r166_parenting_update_20260917", "counts": {"published_text": 10}}
{"directory": "r166_retelling_handoff_20260917", "counts": {"published_text": 151, "binary_or_nontext_manifest_only": 9, "copied_source_tree_manifest_only": 22}}
{"directory": "r167_a100_parent_rollout", "counts": {"published_text": 2}}
{"directory": "r167_fleet_custody_20260917", "counts": {"published_text": 145, "large_file_manifest_only": 4, "symlink_not_followed": 4}}
{"directory": "r167_legacy_custody_20260917", "counts": {"published_text": 51}}
{"directory": "r167_legacy_parent_rollout", "counts": {"published_text": 2391, "binary_or_nontext_manifest_only": 27, "private_input_manifest_only": 84}}
{"directory": "r167_object_survival", "counts": {"published_text": 516, "binary_or_nontext_manifest_only": 9, "private_or_credentials_manifest_only": 2, "copied_source_tree_manifest_only": 255}}
{"directory": "r167_parent_policy_candidates_20260917", "counts": {"published_text": 1519, "binary_or_nontext_manifest_only": 5, "private_input_manifest_only": 161}}
{"directory": "r168_community_engagement_20260917", "counts": {"published_text": 153, "binary_or_nontext_manifest_only": 1, "symlink_not_followed": 1}}
{"directory": "r168_community_prompt_final_20260917", "counts": {"published_text": 1145, "binary_or_nontext_manifest_only": 4, "private_input_manifest_only": 112, "symlink_not_followed": 1}}
{"directory": "r168_parent_execution_20260917", "counts": {"published_text": 313, "symlink_not_followed": 1}}
{"directory": "r168_replay_candidates_20260917", "counts": {"published_text": 13}}
{"directory": "r168_targeted_replay", "counts": {"published_text": 13}}
{"directory": "r169_community_parent_status_20260917", "counts": {"published_text": 1661, "binary_or_nontext_manifest_only": 5, "private_input_manifest_only": 208}}
{"directory": "r169_node4_auth_refresh_20260917", "counts": {"published_text": 108, "binary_or_nontext_manifest_only": 3, "private_input_manifest_only": 8}}
{"directory": "r169_parent_auth_refresh_20260917", "counts": {"published_text": 1285, "private_input_manifest_only": 64}}
{"directory": "r170_replay_boundary_20260917", "counts": {"published_text": 57, "binary_or_nontext_manifest_only": 2}}
{"directory": "r171_forward_roster_20260917", "counts": {"published_text": 4}}
{"directory": "r172_forward_probes_20260917", "counts": {"binary_or_nontext_manifest_only": 3, "published_text": 296, "copied_source_tree_manifest_only": 6, "private_or_credentials_manifest_only": 86}}
{"directory": "r173_actual_replay_cpu_20260917", "counts": {"large_file_manifest_only": 2, "published_text": 16}}
{"directory": "r174_receiving_cpu_repair_20260917", "counts": {"published_text": 12}}
{"directory": "r175_receiving_ldconfig_20260917", "counts": {"published_text": 25}}
{"directory": "r176_retelling_retention_20260917", "counts": {"published_text": 217, "binary_or_nontext_manifest_only": 1, "copied_source_tree_manifest_only": 12}}
{"directory": "r177_caption_game_stage1_20260917", "counts": {"published_text": 2555, "private_or_credentials_manifest_only": 9175, "binary_or_nontext_manifest_only": 26, "large_file_manifest_only": 10, "copied_source_tree_manifest_only": 32}}
{"directory": "r179_context_survival_20260917", "counts": {"published_text": 2225, "binary_or_nontext_manifest_only": 40, "private_input_manifest_only": 9}}
{"directory": "rohin162_console_route_20260917", "counts": {"published_text": 6}}
{"directory": "rohin162_context_console_20260917", "counts": {"published_text": 2}}
{"directory": "rohin172_c2_pilot_20260917", "counts": {"published_text": 168}}
{"directory": "rohin174_parenting_20260917", "counts": {"published_text": 112101, "binary_or_nontext_manifest_only": 239, "large_file_manifest_only": 191, "private_input_manifest_only": 937, "copied_source_tree_manifest_only": 8769, "symlink_not_followed": 5}}
{"directory": "rohin179_credentials_20260917", "counts": {"private_or_credentials_manifest_only": 38}}
{"directory": "rohin183_repo_learning_20260917", "counts": {"published_text": 1948, "binary_or_nontext_manifest_only": 13, "large_file_manifest_only": 2, "copied_source_tree_manifest_only": 16372, "private_or_credentials_manifest_only": 3, "private_input_manifest_only": 12}}
{"directory": "rohin186_behavior_probes_20260917", "counts": {"published_text": 33}}
{"directory": "rohin188_short_sleep_20260917", "counts": {"published_text": 3}}
{"directory": "rohin201_c2_clones_20260917", "counts": {"published_text": 133, "binary_or_nontext_manifest_only": 6, "private_input_manifest_only": 2}}
{"directory": "rohin202_environment_audit_20260917", "counts": {"published_text": 10}}
{"directory": "rohin204_maintenance_20260917", "counts": {"published_text": 134, "binary_or_nontext_manifest_only": 2, "large_file_manifest_only": 19}}
{"directory": "rohin205_new_nodes_20260918", "counts": {"published_text": 57}}
{"directory": "rohin205_node3_20260918", "counts": {"published_text": 92, "large_file_manifest_only": 1}}
{"directory": "rohin205_node5_offnode_20260918", "counts": {"published_text": 20, "large_file_manifest_only": 8}}
