test_COMMIT_drift_rejected (tests.test_orch_r165_frozen_boundary_recovery.CheckpointAndTransitionTests.test_COMMIT_drift_rejected) ... skipped 'actual Torch+safetensors CPU dependencies required'
test_actual_journal_transition_and_resume_select_orphan_without_replay (tests.test_orch_r165_frozen_boundary_recovery.CheckpointAndTransitionTests.test_actual_journal_transition_and_resume_select_orphan_without_replay) ... skipped 'actual Torch+safetensors CPU dependencies required'
test_authorized_completion_appends_once_and_preserves_prefix (tests.test_orch_r165_frozen_boundary_recovery.CheckpointAndTransitionTests.test_authorized_completion_appends_once_and_preserves_prefix) ... skipped 'actual Torch+safetensors CPU dependencies required'
test_config_decode_uses_hashed_bytes_after_path_replacement (tests.test_orch_r165_frozen_boundary_recovery.CheckpointAndTransitionTests.test_config_decode_uses_hashed_bytes_after_path_replacement) ... skipped 'actual Torch+safetensors CPU dependencies required'
test_future_boundary_retains_strong_frozen_invariants (tests.test_orch_r165_frozen_boundary_recovery.CheckpointAndTransitionTests.test_future_boundary_retains_strong_frozen_invariants) ... skipped 'actual Torch+safetensors CPU dependencies required'
test_metadata_zero_not_enough_without_payload_zero (tests.test_orch_r165_frozen_boundary_recovery.CheckpointAndTransitionTests.test_metadata_zero_not_enough_without_payload_zero) ... skipped 'actual Torch+safetensors CPU dependencies required'
test_nonconfig_readme_drift_rejected_even_rehashed (tests.test_orch_r165_frozen_boundary_recovery.CheckpointAndTransitionTests.test_nonconfig_readme_drift_rejected_even_rehashed) ... skipped 'actual Torch+safetensors CPU dependencies required'
test_optimizer_load_uses_hashed_BytesIO_after_path_replacement (tests.test_orch_r165_frozen_boundary_recovery.CheckpointAndTransitionTests.test_optimizer_load_uses_hashed_BytesIO_after_path_replacement) ... skipped 'actual Torch+safetensors CPU dependencies required'
test_optimizer_payload_mutations_rejected (tests.test_orch_r165_frozen_boundary_recovery.CheckpointAndTransitionTests.test_optimizer_payload_mutations_rejected) ... skipped 'actual Torch+safetensors CPU dependencies required'
test_pending_identity_drift_and_nonfrozen_arm_rejected (tests.test_orch_r165_frozen_boundary_recovery.CheckpointAndTransitionTests.test_pending_identity_drift_and_nonfrozen_arm_rejected) ... skipped 'actual Torch+safetensors CPU dependencies required'
test_raw_file_drift_rejected (tests.test_orch_r165_frozen_boundary_recovery.CheckpointAndTransitionTests.test_raw_file_drift_rejected) ... skipped 'actual Torch+safetensors CPU dependencies required'
test_real_config_changes_even_with_rehashed_COMMIT_rejected (tests.test_orch_r165_frozen_boundary_recovery.CheckpointAndTransitionTests.test_real_config_changes_even_with_rehashed_COMMIT_rejected) ... skipped 'actual Torch+safetensors CPU dependencies required'
test_real_journal_faults_preserve_records_and_forbid_replay (tests.test_orch_r165_frozen_boundary_recovery.CheckpointAndTransitionTests.test_real_journal_faults_preserve_records_and_forbid_replay) ... skipped 'actual Torch+safetensors CPU dependencies required'
test_real_tensor_and_payload_identity_order_only (tests.test_orch_r165_frozen_boundary_recovery.CheckpointAndTransitionTests.test_real_tensor_and_payload_identity_order_only) ... skipped 'actual Torch+safetensors CPU dependencies required'
test_real_tensor_change_even_with_rehashed_COMMIT_rejected (tests.test_orch_r165_frozen_boundary_recovery.CheckpointAndTransitionTests.test_real_tensor_change_even_with_rehashed_COMMIT_rejected) ... skipped 'actual Torch+safetensors CPU dependencies required'
test_safetensors_load_uses_hashed_bytes_after_path_replacement (tests.test_orch_r165_frozen_boundary_recovery.CheckpointAndTransitionTests.test_safetensors_load_uses_hashed_bytes_after_path_replacement) ... skipped 'actual Torch+safetensors CPU dependencies required'
test_unknown_adapter_file_rejected (tests.test_orch_r165_frozen_boundary_recovery.CheckpointAndTransitionTests.test_unknown_adapter_file_rejected) ... skipped 'actual Torch+safetensors CPU dependencies required'
test_GO_replacement_under_lock_is_rejected_before_record (tests.test_orch_r165_frozen_boundary_recovery.CompletionAdmissionTests.test_GO_replacement_under_lock_is_rejected_before_record) ... ok
test_completed_receipt_failure_cannot_retry (tests.test_orch_r165_frozen_boundary_recovery.CompletionAdmissionTests.test_completed_receipt_failure_cannot_retry) ... ok
test_crash_after_directory_consumption_cannot_retry (tests.test_orch_r165_frozen_boundary_recovery.CompletionAdmissionTests.test_crash_after_directory_consumption_cannot_retry) ... ok
test_expiry_during_preparation_consumes_without_record (tests.test_orch_r165_frozen_boundary_recovery.CompletionAdmissionTests.test_expiry_during_preparation_consumes_without_record) ... ok
test_expiry_during_transition_consumes_without_record (tests.test_orch_r165_frozen_boundary_recovery.CompletionAdmissionTests.test_expiry_during_transition_consumes_without_record) ... ok
test_failed_constructor_cannot_retry_in_another_directory (tests.test_orch_r165_frozen_boundary_recovery.CompletionAdmissionTests.test_failed_constructor_cannot_retry_in_another_directory) ... ok
test_two_concurrent_callers_only_one_can_reach_journal (tests.test_orch_r165_frozen_boundary_recovery.CompletionAdmissionTests.test_two_concurrent_callers_only_one_can_reach_journal) ... ok
test_all_other_config_changes_rejected (tests.test_orch_r165_frozen_boundary_recovery.SerializationTests.test_all_other_config_changes_rejected) ... ok
test_bound_decodes_only_admitted_bytes_after_replacement (tests.test_orch_r165_frozen_boundary_recovery.SerializationTests.test_bound_decodes_only_admitted_bytes_after_replacement) ... ok
test_complete_requires_new_exact_GO (tests.test_orch_r165_frozen_boundary_recovery.SerializationTests.test_complete_requires_new_exact_GO) ... ok
test_duplicate_json_keys_rejected (tests.test_orch_r165_frozen_boundary_recovery.SerializationTests.test_duplicate_json_keys_rejected) ... ok
test_exact_prefix_rejects_appended_boundary (tests.test_orch_r165_frozen_boundary_recovery.SerializationTests.test_exact_prefix_rejects_appended_boundary) ... ok
test_invalid_target_sets_rejected (tests.test_orch_r165_frozen_boundary_recovery.SerializationTests.test_invalid_target_sets_rejected) ... ok
test_nonfinite_json_rejected (tests.test_orch_r165_frozen_boundary_recovery.SerializationTests.test_nonfinite_json_rejected) ... ok
test_only_target_order_is_normalized (tests.test_orch_r165_frozen_boundary_recovery.SerializationTests.test_only_target_order_is_normalized) ... ok
test_parent_symlink_and_fifo_not_admitted (tests.test_orch_r165_frozen_boundary_recovery.SerializationTests.test_parent_symlink_and_fifo_not_admitted) ... ok
test_patch_exactly_reversible_and_all_other_checks_retained (tests.test_orch_r165_frozen_boundary_recovery.SerializationTests.test_patch_exactly_reversible_and_all_other_checks_retained) ... ok
test_patch_rejects_drift_and_second_application (tests.test_orch_r165_frozen_boundary_recovery.SerializationTests.test_patch_rejects_drift_and_second_application) ... ok
test_readout_unstarted_is_not_completed (tests.test_orch_r165_frozen_boundary_recovery.SerializationTests.test_readout_unstarted_is_not_completed) ... ok
test_receipt_never_overwritten (tests.test_orch_r165_frozen_boundary_recovery.SerializationTests.test_receipt_never_overwritten) ... ok
test_reference_drift_rejected (tests.test_orch_r165_frozen_boundary_recovery.SerializationTests.test_reference_drift_rejected) ... ok
test_stage_only_declared_files_with_readonly_original (tests.test_orch_r165_frozen_boundary_recovery.SerializationTests.test_stage_only_declared_files_with_readonly_original) ... ok
test_symlink_reference_rejected (tests.test_orch_r165_frozen_boundary_recovery.SerializationTests.test_symlink_reference_rejected) ... ok

----------------------------------------------------------------------
Ran 40 tests in 0.174s

OK (skipped=17)
