test_COMMIT_drift_rejected (tests.test_orch_r165_frozen_boundary_recovery.CheckpointAndTransitionTests.test_COMMIT_drift_rejected) ... skipped 'actual Torch+safetensors CPU dependencies required'
test_actual_journal_transition_and_resume_select_orphan_without_replay (tests.test_orch_r165_frozen_boundary_recovery.CheckpointAndTransitionTests.test_actual_journal_transition_and_resume_select_orphan_without_replay) ... skipped 'actual Torch+safetensors CPU dependencies required'
test_authorized_completion_appends_once_and_preserves_prefix (tests.test_orch_r165_frozen_boundary_recovery.CheckpointAndTransitionTests.test_authorized_completion_appends_once_and_preserves_prefix) ... skipped 'actual Torch+safetensors CPU dependencies required'
test_future_boundary_retains_strong_frozen_invariants (tests.test_orch_r165_frozen_boundary_recovery.CheckpointAndTransitionTests.test_future_boundary_retains_strong_frozen_invariants) ... skipped 'actual Torch+safetensors CPU dependencies required'
test_metadata_zero_not_enough_without_payload_zero (tests.test_orch_r165_frozen_boundary_recovery.CheckpointAndTransitionTests.test_metadata_zero_not_enough_without_payload_zero) ... skipped 'actual Torch+safetensors CPU dependencies required'
test_nonconfig_readme_drift_rejected_even_rehashed (tests.test_orch_r165_frozen_boundary_recovery.CheckpointAndTransitionTests.test_nonconfig_readme_drift_rejected_even_rehashed) ... skipped 'actual Torch+safetensors CPU dependencies required'
test_optimizer_payload_mutations_rejected (tests.test_orch_r165_frozen_boundary_recovery.CheckpointAndTransitionTests.test_optimizer_payload_mutations_rejected) ... skipped 'actual Torch+safetensors CPU dependencies required'
test_pending_identity_drift_and_nonfrozen_arm_rejected (tests.test_orch_r165_frozen_boundary_recovery.CheckpointAndTransitionTests.test_pending_identity_drift_and_nonfrozen_arm_rejected) ... skipped 'actual Torch+safetensors CPU dependencies required'
test_raw_file_drift_rejected (tests.test_orch_r165_frozen_boundary_recovery.CheckpointAndTransitionTests.test_raw_file_drift_rejected) ... skipped 'actual Torch+safetensors CPU dependencies required'
test_real_config_changes_even_with_rehashed_COMMIT_rejected (tests.test_orch_r165_frozen_boundary_recovery.CheckpointAndTransitionTests.test_real_config_changes_even_with_rehashed_COMMIT_rejected) ... skipped 'actual Torch+safetensors CPU dependencies required'
test_real_tensor_and_payload_identity_order_only (tests.test_orch_r165_frozen_boundary_recovery.CheckpointAndTransitionTests.test_real_tensor_and_payload_identity_order_only) ... skipped 'actual Torch+safetensors CPU dependencies required'
test_real_tensor_change_even_with_rehashed_COMMIT_rejected (tests.test_orch_r165_frozen_boundary_recovery.CheckpointAndTransitionTests.test_real_tensor_change_even_with_rehashed_COMMIT_rejected) ... skipped 'actual Torch+safetensors CPU dependencies required'
test_unknown_adapter_file_rejected (tests.test_orch_r165_frozen_boundary_recovery.CheckpointAndTransitionTests.test_unknown_adapter_file_rejected) ... skipped 'actual Torch+safetensors CPU dependencies required'
test_all_other_config_changes_rejected (tests.test_orch_r165_frozen_boundary_recovery.SerializationTests.test_all_other_config_changes_rejected) ... ok
test_complete_requires_new_exact_GO (tests.test_orch_r165_frozen_boundary_recovery.SerializationTests.test_complete_requires_new_exact_GO) ... ok
test_duplicate_json_keys_rejected (tests.test_orch_r165_frozen_boundary_recovery.SerializationTests.test_duplicate_json_keys_rejected) ... ok
test_exact_prefix_rejects_appended_boundary (tests.test_orch_r165_frozen_boundary_recovery.SerializationTests.test_exact_prefix_rejects_appended_boundary) ... ok
test_invalid_target_sets_rejected (tests.test_orch_r165_frozen_boundary_recovery.SerializationTests.test_invalid_target_sets_rejected) ... ok
test_nonfinite_json_rejected (tests.test_orch_r165_frozen_boundary_recovery.SerializationTests.test_nonfinite_json_rejected) ... ok
test_only_target_order_is_normalized (tests.test_orch_r165_frozen_boundary_recovery.SerializationTests.test_only_target_order_is_normalized) ... ok
test_patch_exactly_reversible_and_all_other_checks_retained (tests.test_orch_r165_frozen_boundary_recovery.SerializationTests.test_patch_exactly_reversible_and_all_other_checks_retained) ... ok
test_patch_rejects_drift_and_second_application (tests.test_orch_r165_frozen_boundary_recovery.SerializationTests.test_patch_rejects_drift_and_second_application) ... ok
test_readout_unstarted_is_not_completed (tests.test_orch_r165_frozen_boundary_recovery.SerializationTests.test_readout_unstarted_is_not_completed) ... ok
test_receipt_never_overwritten (tests.test_orch_r165_frozen_boundary_recovery.SerializationTests.test_receipt_never_overwritten) ... ok
test_reference_drift_rejected (tests.test_orch_r165_frozen_boundary_recovery.SerializationTests.test_reference_drift_rejected) ... ok
test_stage_only_declared_files_with_readonly_original (tests.test_orch_r165_frozen_boundary_recovery.SerializationTests.test_stage_only_declared_files_with_readonly_original) ... ok
test_symlink_reference_rejected (tests.test_orch_r165_frozen_boundary_recovery.SerializationTests.test_symlink_reference_rejected) ... ok

----------------------------------------------------------------------
Ran 27 tests in 0.041s

OK (skipped=13)
