test_COMMIT_drift_rejected (r165_receiving_tests2.CheckpointAndTransitionTests.test_COMMIT_drift_rejected) ... ok
test_actual_journal_transition_and_resume_select_orphan_without_replay (r165_receiving_tests2.CheckpointAndTransitionTests.test_actual_journal_transition_and_resume_select_orphan_without_replay) ... ok
test_authorized_completion_appends_once_and_preserves_prefix (r165_receiving_tests2.CheckpointAndTransitionTests.test_authorized_completion_appends_once_and_preserves_prefix) ... ok
test_future_boundary_retains_strong_frozen_invariants (r165_receiving_tests2.CheckpointAndTransitionTests.test_future_boundary_retains_strong_frozen_invariants) ... ok
test_metadata_zero_not_enough_without_payload_zero (r165_receiving_tests2.CheckpointAndTransitionTests.test_metadata_zero_not_enough_without_payload_zero) ... ok
test_nonconfig_readme_drift_rejected_even_rehashed (r165_receiving_tests2.CheckpointAndTransitionTests.test_nonconfig_readme_drift_rejected_even_rehashed) ... ok
test_optimizer_payload_mutations_rejected (r165_receiving_tests2.CheckpointAndTransitionTests.test_optimizer_payload_mutations_rejected) ... ok
test_pending_identity_drift_and_nonfrozen_arm_rejected (r165_receiving_tests2.CheckpointAndTransitionTests.test_pending_identity_drift_and_nonfrozen_arm_rejected) ... ok
test_raw_file_drift_rejected (r165_receiving_tests2.CheckpointAndTransitionTests.test_raw_file_drift_rejected) ... ok
test_real_config_changes_even_with_rehashed_COMMIT_rejected (r165_receiving_tests2.CheckpointAndTransitionTests.test_real_config_changes_even_with_rehashed_COMMIT_rejected) ... ok
test_real_tensor_and_payload_identity_order_only (r165_receiving_tests2.CheckpointAndTransitionTests.test_real_tensor_and_payload_identity_order_only) ... ok
test_real_tensor_change_even_with_rehashed_COMMIT_rejected (r165_receiving_tests2.CheckpointAndTransitionTests.test_real_tensor_change_even_with_rehashed_COMMIT_rejected) ... ok
test_unknown_adapter_file_rejected (r165_receiving_tests2.CheckpointAndTransitionTests.test_unknown_adapter_file_rejected) ... ok
test_all_other_config_changes_rejected (r165_receiving_tests2.SerializationTests.test_all_other_config_changes_rejected) ... ok
test_complete_requires_new_exact_GO (r165_receiving_tests2.SerializationTests.test_complete_requires_new_exact_GO) ... ok
test_duplicate_json_keys_rejected (r165_receiving_tests2.SerializationTests.test_duplicate_json_keys_rejected) ... ok
test_exact_prefix_rejects_appended_boundary (r165_receiving_tests2.SerializationTests.test_exact_prefix_rejects_appended_boundary) ... ok
test_invalid_target_sets_rejected (r165_receiving_tests2.SerializationTests.test_invalid_target_sets_rejected) ... ok
test_nonfinite_json_rejected (r165_receiving_tests2.SerializationTests.test_nonfinite_json_rejected) ... ok
test_only_target_order_is_normalized (r165_receiving_tests2.SerializationTests.test_only_target_order_is_normalized) ... ok
test_patch_exactly_reversible_and_all_other_checks_retained (r165_receiving_tests2.SerializationTests.test_patch_exactly_reversible_and_all_other_checks_retained) ... ok
test_patch_rejects_drift_and_second_application (r165_receiving_tests2.SerializationTests.test_patch_rejects_drift_and_second_application) ... ok
test_readout_unstarted_is_not_completed (r165_receiving_tests2.SerializationTests.test_readout_unstarted_is_not_completed) ... ok
test_receipt_never_overwritten (r165_receiving_tests2.SerializationTests.test_receipt_never_overwritten) ... ok
test_reference_drift_rejected (r165_receiving_tests2.SerializationTests.test_reference_drift_rejected) ... ok
test_stage_only_declared_files_with_readonly_original (r165_receiving_tests2.SerializationTests.test_stage_only_declared_files_with_readonly_original) ... ok
test_symlink_reference_rejected (r165_receiving_tests2.SerializationTests.test_symlink_reference_rejected) ... {"GPU_calls": 0, "cuda_initialized": false, "errors": 0, "failures": 0, "helper": {"path": "/localhome/local-rohing/orch_r165_frozen_boundary_recovery_20260917/candidate1/source/gpu/orch_r165_frozen_boundary_recovery.py", "sha256": "ccd0baad8550a3d7e1912d015dc57071ec9214a5a1f2b13ca8c161b0ae6e909f"}, "skipped": 0, "source_manifest": {"path": "/localhome/local-rohing/orch_r165_frozen_boundary_recovery_20260917/candidate1/SOURCE_REPAIR.json", "sha256": "4cea74e84b136049976221d09bd06b4c39975a5d4a8be9cc33c0c4e638e9244b"}, "status": "PASS", "tests": 27, "tests_file": {"path": "/localhome/local-rohing/orch_r165_frozen_boundary_recovery_20260917/candidate1/receiving_tests2.py", "sha256": "2c935292306e07deff5b187742a26e0d0a259f2a06fcedb3bf2312c589c09043"}}
ok

----------------------------------------------------------------------
Ran 27 tests in 2.182s

OK
