test_approved_A_to_B_complete_LEARN_INBOX_raw_interval_and_state_parity (pinned_context_cases.ConsumerContextTests.test_approved_A_to_B_complete_LEARN_INBOX_raw_interval_and_state_parity) ... ok
test_bounds_still_enforced (pinned_context_cases.ConsumerContextTests.test_bounds_still_enforced) ... ok
test_changed_guard_and_changed_selection_refuse (pinned_context_cases.ConsumerContextTests.test_changed_guard_and_changed_selection_refuse) ... ok
test_changed_or_missing_source_epoch_refused (pinned_context_cases.ConsumerContextTests.test_changed_or_missing_source_epoch_refused) ... ok
test_changed_proof_or_guard_during_scan_refused (pinned_context_cases.ConsumerContextTests.test_changed_proof_or_guard_during_scan_refused) ... ok
test_cli_bind_forward_resume_without_prefix_read_or_rehash (pinned_context_cases.ConsumerContextTests.test_cli_bind_forward_resume_without_prefix_read_or_rehash) ... ok
test_cli_producer_and_readonly_probe_no_writer_lock (pinned_context_cases.ConsumerContextTests.test_cli_producer_and_readonly_probe_no_writer_lock) ... ok
test_consumer_rejects_forged_young_seal_and_clock_rollback (pinned_context_cases.ConsumerContextTests.test_consumer_rejects_forged_young_seal_and_clock_rollback) ... ok
test_corrupt_tail_and_intent_refused (pinned_context_cases.ConsumerContextTests.test_corrupt_tail_and_intent_refused) ... ok
test_cross_context_A_to_B_keeps_all_interval_and_tail_inbox (pinned_context_cases.ConsumerContextTests.test_cross_context_A_to_B_keeps_all_interval_and_tail_inbox) ... ok
test_cross_context_admission_not_from_guard_or_child_fields (pinned_context_cases.ConsumerContextTests.test_cross_context_admission_not_from_guard_or_child_fields) ... ok
test_cross_context_cannot_change_kernel_boot (pinned_context_cases.ConsumerContextTests.test_cross_context_cannot_change_kernel_boot) ... ok
test_cross_context_every_prefix_record_and_intent_identity_is_rechecked (pinned_context_cases.ConsumerContextTests.test_cross_context_every_prefix_record_and_intent_identity_is_rechecked) ... ok
test_cross_context_every_source_file_identity_is_rechecked (pinned_context_cases.ConsumerContextTests.test_cross_context_every_source_file_identity_is_rechecked) ... ok
test_cross_context_explicit_admission_same_objects_and_actual_receipt (pinned_context_cases.ConsumerContextTests.test_cross_context_explicit_admission_same_objects_and_actual_receipt) ... ok
test_cross_context_mode_without_independent_admission_refuses (pinned_context_cases.ConsumerContextTests.test_cross_context_mode_without_independent_admission_refuses) ... ok
test_cross_context_omitted_source_snapshot_and_root_fingerprints_refuse (pinned_context_cases.ConsumerContextTests.test_cross_context_omitted_source_snapshot_and_root_fingerprints_refuse) ... ok
test_cross_context_source_same_bytes_new_inode_and_directory_metadata_refuse (pinned_context_cases.ConsumerContextTests.test_cross_context_source_same_bytes_new_inode_and_directory_metadata_refuse) ... ok
test_ctime_only_change_refused (pinned_context_cases.ConsumerContextTests.test_ctime_only_change_refused) ... ok
test_default_scan_and_full_audit_unchanged (pinned_context_cases.ConsumerContextTests.test_default_scan_and_full_audit_unchanged) ... ok
test_deleted_prefix_refused (pinned_context_cases.ConsumerContextTests.test_deleted_prefix_refused) ... ok
test_final_recheck_catches_prefix_mutation_during_tail_decode (pinned_context_cases.ConsumerContextTests.test_final_recheck_catches_prefix_mutation_during_tail_decode) ... ok
test_final_recheck_catches_tail_mutation_during_decode (pinned_context_cases.ConsumerContextTests.test_final_recheck_catches_tail_mutation_during_decode) ... ok
test_forward_authority_bounds_policy_and_rollback (pinned_context_cases.ConsumerContextTests.test_forward_authority_bounds_policy_and_rollback) ... ok
test_forward_interval_raw_and_intent_corruption_refuse (pinned_context_cases.ConsumerContextTests.test_forward_interval_raw_and_intent_corruption_refuse) ... ok
test_full_state_parity_and_no_prefix_body_or_intent_reads (pinned_context_cases.ConsumerContextTests.test_full_state_parity_and_no_prefix_body_or_intent_reads) ... ok
test_independent_pair_classes_not_interchangeable (pinned_context_cases.ConsumerContextTests.test_independent_pair_classes_not_interchangeable) ... ok
test_intent_changed_refused (pinned_context_cases.ConsumerContextTests.test_intent_changed_refused) ... ok
test_intent_ctime_and_symlink_refused (pinned_context_cases.ConsumerContextTests.test_intent_ctime_and_symlink_refused) ... ok
test_manifest_replacement_same_bytes_refused (pinned_context_cases.ConsumerContextTests.test_manifest_replacement_same_bytes_refused) ... ok
test_missing_unpinned_and_forged_proof_refuse_no_fallback (pinned_context_cases.ConsumerContextTests.test_missing_unpinned_and_forged_proof_refuse_no_fallback) ... ok
test_namespace_mismatch_refused_even_with_exact_source_and_prefix (pinned_context_cases.ConsumerContextTests.test_namespace_mismatch_refused_even_with_exact_source_and_prefix) ... ok
test_pending_request_parity (pinned_context_cases.ConsumerContextTests.test_pending_request_parity) ... ok
test_pending_response_parity (pinned_context_cases.ConsumerContextTests.test_pending_response_parity) ... ok
test_pending_sleep_parity (pinned_context_cases.ConsumerContextTests.test_pending_sleep_parity) ... ok
test_producer_final_recheck_catches_earlier_prefix_change (pinned_context_cases.ConsumerContextTests.test_producer_final_recheck_catches_earlier_prefix_change) ... ok
test_producer_hashes_every_raw_prefix_and_intent (pinned_context_cases.ConsumerContextTests.test_producer_hashes_every_raw_prefix_and_intent) ... ok
test_producer_rejects_invalid_raw_prefix_and_intent (pinned_context_cases.ConsumerContextTests.test_producer_rejects_invalid_raw_prefix_and_intent) ... ok
test_quiet_window_cannot_be_lowered_by_guard_or_proof (pinned_context_cases.ConsumerContextTests.test_quiet_window_cannot_be_lowered_by_guard_or_proof) ... ok
test_raw_tamper_with_restored_mtime_refused (pinned_context_cases.ConsumerContextTests.test_raw_tamper_with_restored_mtime_refused) ... ok
test_replaced_records_directory_refused (pinned_context_cases.ConsumerContextTests.test_replaced_records_directory_refused) ... ok
test_required_sidecar_still_decoded_and_validated (pinned_context_cases.ConsumerContextTests.test_required_sidecar_still_decoded_and_validated) ... ok
test_root_journal_boot_namespace_and_type_binding (pinned_context_cases.ConsumerContextTests.test_root_journal_boot_namespace_and_type_binding) ... ok
test_same_bytes_new_inode_refused (pinned_context_cases.ConsumerContextTests.test_same_bytes_new_inode_refused) ... ok
test_same_intent_bytes_new_inode_refused (pinned_context_cases.ConsumerContextTests.test_same_intent_bytes_new_inode_refused) ... ok
test_same_namespace_mode_still_default_and_rejects_different_namespace (pinned_context_cases.ConsumerContextTests.test_same_namespace_mode_still_default_and_rejects_different_namespace) ... ok
test_same_quantum_same_size_restored_mtime_metadata_alias_refuses_young_proof (pinned_context_cases.ConsumerContextTests.test_same_quantum_same_size_restored_mtime_metadata_alias_refuses_young_proof) ... ok
test_schema_header_chain_and_intent_identity_schema_refused (pinned_context_cases.ConsumerContextTests.test_schema_header_chain_and_intent_identity_schema_refused) ... ok
test_sidecar_only_additional_prefix_body_read (pinned_context_cases.ConsumerContextTests.test_sidecar_only_additional_prefix_body_read) ... ok
test_source_byte_change_refused (pinned_context_cases.ConsumerContextTests.test_source_byte_change_refused) ... ok
test_swapped_inbox_directory_or_lock_refused (pinned_context_cases.ConsumerContextTests.test_swapped_inbox_directory_or_lock_refused) ... ok
test_symlinked_prefix_and_proof_refused (pinned_context_cases.ConsumerContextTests.test_symlinked_prefix_and_proof_refused) ... ok
test_symlinked_root_ancestor_refused (pinned_context_cases.ConsumerContextTests.test_symlinked_root_ancestor_refused) ... ok
test_tail_byte_bound_still_enforced (pinned_context_cases.ConsumerContextTests.test_tail_byte_bound_still_enforced) ... ok
test_tail_header_valid_but_semantically_invalid_refused (pinned_context_cases.ConsumerContextTests.test_tail_header_valid_but_semantically_invalid_refused) ... ok
test_unregistered_mailbox_preserved_and_missing_registered_refused (pinned_context_cases.ConsumerContextTests.test_unregistered_mailbox_preserved_and_missing_registered_refused) ... ok
test_valid_proof_with_forged_inbox_body_refused_even_if_repinned (pinned_context_cases.ConsumerContextTests.test_valid_proof_with_forged_inbox_body_refused_even_if_repinned) ... ok
test_wrong_later_complete_hash_not_inferred_from_journal (pinned_context_cases.ConsumerContextTests.test_wrong_later_complete_hash_not_inferred_from_journal) ... ok
test_young_prefix_refuses_before_any_raw_prefix_hash (pinned_context_cases.ConsumerContextTests.test_young_prefix_refuses_before_any_raw_prefix_hash) ... ok
test_c2_CPU_changed_during_consumption_refused (__main__.C2Cases.test_c2_CPU_changed_during_consumption_refused) ... ok
test_c2_allocation_changed_during_consumption_refused (__main__.C2Cases.test_c2_allocation_changed_during_consumption_refused) ... ok
test_c2_copy_raw_deviation_refused (__main__.C2Cases.test_c2_copy_raw_deviation_refused) ... ok
test_c2_cross_rechecks_every_intent_identity (__main__.C2Cases.test_c2_cross_rechecks_every_intent_identity) ... ok
test_c2_cross_rechecks_immutable_source_directory (__main__.C2Cases.test_c2_cross_rechecks_immutable_source_directory) ... ok
test_c2_cross_rejects_different_boot (__main__.C2Cases.test_c2_cross_rejects_different_boot) ... ok
test_c2_cross_rejects_identical_byte_cloned_journal (__main__.C2Cases.test_c2_cross_rejects_identical_byte_cloned_journal) ... ok
test_c2_cross_requires_independent_exact_clause (__main__.C2Cases.test_c2_cross_requires_independent_exact_clause) ... ok
test_c2_explicit_cross_namespace_full_state_parity (__main__.C2Cases.test_c2_explicit_cross_namespace_full_state_parity) ... ok
test_c2_guard_seam_after_original_admission (__main__.C2Cases.test_c2_guard_seam_after_original_admission) ... ok
test_c2_original_chain_allows_exact_bounded_clause (__main__.C2Cases.test_c2_original_chain_allows_exact_bounded_clause) ... ok
test_c2_same_namespace_default_unchanged (__main__.C2Cases.test_c2_same_namespace_default_unchanged) ... ok
test_c2_stripped_binding_has_no_slow_fallback (__main__.C2Cases.test_c2_stripped_binding_has_no_slow_fallback) ... ok
test_c2_unadmitted_token_cannot_choose_mode (__main__.C2Cases.test_c2_unadmitted_token_cannot_choose_mode) ... ok
test_c2_unapproved_mode_edit_refused (__main__.C2Cases.test_c2_unapproved_mode_edit_refused) ... ok

----------------------------------------------------------------------
Ran 74 tests in 63.314s

OK
